Script started on Fri 01 May 2015 09:59:27 PM PDT
~
hzhu007@hammer $ cd rshell
~/rshell
hzhu007@hammer $ make all
mkdir bin
g++ -Wall -Werror -ansi -pedantic ./src/ls.cpp -o bin/ls
g++ -Wall -Werror -ansi -pedantic ./src/main.cpp -o bin/rshell
~/rshell
hzhu007@hammer $ bin/ls [K[K[K[K[K[K[K#no param
~/rshell
hzhu007@hammer $ bin/ls 
[32;1m[34;1mbin[0m  LICENSE[0m  Makefile[0m  README.md[0m  [32;1m[34;1msrc[0m  [32;1m[34;1mtests[0m
~/rshell
hzhu007@hammer $ #one file, multiple files
~/rshell
hzhu007@hammer $ bin/ls src.[K/a.out
[32;1msrc/a.out[0m
~/rshell
hzhu007@hammer $ bin/ls src/a.out/
stat(): Not a directory
src/a.out/ not found
~/rshell
hzhu007@hammer $ bin/ls nonexist
stat(): No such file or directory
nonexist not found
~/rshell
hzhu007@hammer $ bin/ls nonexist/
stat(): No such file or directory
nonexist/ not found
~/rshell
hzhu007@hammer $ bin/ls nonexist src/a.out
stat(): No such file or directory
nonexist not found
[32;1msrc/a.out[0m
~/rshell
hzhu007@hammer $ bin/ls nonexist/ src/a.out/ Makefile Makefile Makefile Makefile[C[4h [4l[C[4h [4l[C[4h [4l[C[4h [4l
stat(): No such file or directory
nonexist/ not found
stat(): Not a directory
src/a.out/ not found
Makefile[0m
~/rshell
hzhu007@hammer $ bin/ls scr/a.out ./README.md  ../.vimrc Makefile ./src/ls.cpp[C[C ./src/ls.cpp[C[4h [4l[C[4h [4l[C[4h [4l[C[4h [4l[C[C[4h [4l[C[4h [4l
stat(): No such file or directory
scr/a.out not found
./README.md[0m  [48;5;243m../.vimrc[0m  Makefile[0m  ./src/ls.cpp[0m
~/rshell
hzhu007@hammer $ bin/ls src/a.out src/a.out src/a.out
[32;1msrc/a.out[0m  [32;1msrc/a.out[0m  [32;1msrc/a.out[0m
~/rshell
hzhu007@hammer $ bin/ls src/a.out src/a.out src/a.out Makefile  ../.vimrc
[32;1msrc/a.out[0m  [32;1msrc/a.out[0m  [32;1msrc/a.out[0m  Makefile[0m  [48;5;243m../.vimrc[0m
~/rshell
hzhu007@hammer $ #one folder, multiple folders
~/rshell
hzhu007@hammer $ bin/ls src
[32;1ma.out[0m  ls.cpp[0m  main.cpp[0m
~/rshell
hzhu007@hammer $ bin/ls ../test/core/
aclocal.m4[0m  bootstrap.conf[0m  ChangeLog-2005[0m  [32;1mconfigure   [0m  dist-check.mk[0m  init.cfg[0m  Makefile.am[0m  [32;1m[34;1mpo        [0m
AUTHORS   [0m  cfg.mk        [0m  config.log    [0m  configure.ac[0m  [32;1m[34;1mgnulib-tests [0m  INSTALL [0m  Makefile.in[0m  [32;1mthanks-gen[0m
[32;1mbootstrap [0m  ChangeLog     [0m  [32;1mconfig.status [0m  COPYING     [0m  GNUmakefile  [0m  Makefile[0m  [32;1m[34;1mold        [0m  TODO      [0m
~/rshell
hzhu007@hammer $ bin/ls ../test/core
aclocal.m4[0m  bootstrap.conf[0m  ChangeLog-2005[0m  [32;1mconfigure   [0m  dist-check.mk[0m  init.cfg[0m  Makefile.am[0m  [32;1m[34;1mpo        [0m
AUTHORS   [0m  cfg.mk        [0m  config.log    [0m  configure.ac[0m  [32;1m[34;1mgnulib-tests [0m  INSTALL [0m  Makefile.in[0m  [32;1mthanks-gen[0m
[32;1mbootstrap [0m  ChangeLog     [0m  [32;1mconfig.status [0m  COPYING     [0m  GNUmakefile  [0m  Makefile[0m  [32;1m[34;1mold        [0m  TODO      [0m
~/rshell
hzhu007@hammer $ bin/ls ../test/core[K[K[K[K[K[K[K[K[K
[32;1m[34;1mfirstrepo[0m  [32;1m[34;1mgdb[0m  [32;1m[34;1mrshell[0m  [32;1m[34;1mrshell-1[0m  [32;1m[34;1mtest[0m  [32;1m[34;1mucr-cs100[0m
~/rshell
hzhu007@hammer $ bin/ls .
[32;1m[34;1mbin[0m  LICENSE[0m  Makefile[0m  README.md[0m  [32;1m[34;1msrc[0m  [32;1m[34;1mtests[0m
~/rshell
hzhu007@hammer $ bin/ls ./ src
./:
[32;1m[34;1mbin[0m  LICENSE[0m  Makefile[0m  README.md[0m  [32;1m[34;1msrc[0m  [32;1m[34;1mtests[0m

src:
[32;1ma.out[0m  ls.cpp[0m  main.cpp[0m
~/rshell
hzhu007@hammer $ bin/ls ../ ./   src/  bin .git
../:
[32;1m[34;1mfirstrepo[0m  [32;1m[34;1mgdb[0m  [32;1m[34;1mrshell[0m  [32;1m[34;1mrshell-1[0m  [32;1m[34;1mtest[0m  [32;1m[34;1mucr-cs100[0m

./:
[32;1m[34;1mbin[0m  LICENSE[0m  Makefile[0m  README.md[0m  [32;1m[34;1msrc[0m  [32;1m[34;1mtests[0m

src/:
[32;1ma.out[0m  ls.cpp[0m  main.cpp[0m

bin:
[32;1mls[0m  [32;1mrshell[0m

.git:
[32;1m[34;1mbranches[0m  COMMIT_EDITMSG[0m  config[0m  description[0m  HEAD[0m  [32;1m[34;1mhooks[0m  index[0m  [32;1m[34;1minfo[0m  [32;1m[34;1mlogs[0m  [32;1m[34;1mobjects[0m  ORIG_HEAD[0m  packed-refs[0m  [32;1m[34;1mrefs[0m
~/rshell
hzhu007@hammer $ bin/ls ../  ../test/core/  .git
../:
[32;1m[34;1mfirstrepo[0m  [32;1m[34;1mgdb[0m  [32;1m[34;1mrshell[0m  [32;1m[34;1mrshell-1[0m  [32;1m[34;1mtest[0m  [32;1m[34;1mucr-cs100[0m

../test/core/:
aclocal.m4[0m  bootstrap.conf[0m  ChangeLog-2005[0m  [32;1mconfigure   [0m  dist-check.mk[0m  init.cfg[0m  Makefile.am[0m  [32;1m[34;1mpo        [0m
AUTHORS   [0m  cfg.mk        [0m  config.log    [0m  configure.ac[0m  [32;1m[34;1mgnulib-tests [0m  INSTALL [0m  Makefile.in[0m  [32;1mthanks-gen[0m
[32;1mbootstrap [0m  ChangeLog     [0m  [32;1mconfig.status [0m  COPYING     [0m  GNUmakefile  [0m  Makefile[0m  [32;1m[34;1mold        [0m  TODO      [0m

.git:
[32;1m[34;1mbranches[0m  COMMIT_EDITMSG[0m  config[0m  description[0m  HEAD[0m  [32;1m[34;1mhooks[0m  index[0m  [32;1m[34;1minfo[0m  [32;1m[34;1mlogs[0m  [32;1m[34;1mobjects[0m  ORIG_HEAD[0m  packed-refs[0m  [32;1m[34;1mrefs[0m
~/rshell
hzhu007@hammer $ #file and folder
~/rshell
hzhu007@hammer $ bin/ls src/a.out ./
[32;1msrc/a.out[0m

./:
[32;1m[34;1mbin[0m  LICENSE[0m  Makefile[0m  README.md[0m  [32;1m[34;1msrc[0m  [32;1m[34;1mtests[0m
~/rshell
hzhu007@hammer $ bin/ls src/a.out ./ Makefile ../.vimrc
[32;1msrc/a.out[0m  Makefile[0m  [48;5;243m../.vimrc[0m

./:
[32;1m[34;1mbin[0m  LICENSE[0m  Makefile[0m  README.md[0m  [32;1m[34;1msrc[0m  [32;1m[34;1mtests[0m
~/rshell
hzhu007@hammer $ bin/ls src/a.out src ./ ../  Makefile ../.vimrc
[32;1msrc/a.out[0m  Makefile[0m  [48;5;243m../.vimrc[0m

src:
[32;1ma.out[0m  ls.cpp[0m  main.cpp[0m

./:
[32;1m[34;1mbin[0m  LICENSE[0m  Makefile[0m  README.md[0m  [32;1m[34;1msrc[0m  [32;1m[34;1mtests[0m

../:
[32;1m[34;1mfirstrepo[0m  [32;1m[34;1mgdb[0m  [32;1m[34;1mrshell[0m  [32;1m[34;1mrshell-1[0m  [32;1m[34;1mtest[0m  [32;1m[34;1mucr-cs100[0m
~/rshell
hzhu007@hammer $ bin/ls ../ scr/a.out ../test/core/ ./src/ls.cpp  .git  Makefile
stat(): No such file or directory
scr/a.out not found
./src/ls.cpp[0m  Makefile[0m

../:
[32;1m[34;1mfirstrepo[0m  [32;1m[34;1mgdb[0m  [32;1m[34;1mrshell[0m  [32;1m[34;1mrshell-1[0m  [32;1m[34;1mtest[0m  [32;1m[34;1mucr-cs100[0m

../test/core/:
aclocal.m4[0m  bootstrap.conf[0m  ChangeLog-2005[0m  [32;1mconfigure   [0m  dist-check.mk[0m  init.cfg[0m  Makefile.am[0m  [32;1m[34;1mpo        [0m
AUTHORS   [0m  cfg.mk        [0m  config.log    [0m  configure.ac[0m  [32;1m[34;1mgnulib-tests [0m  INSTALL [0m  Makefile.in[0m  [32;1mthanks-gen[0m
[32;1mbootstrap [0m  ChangeLog     [0m  [32;1mconfig.status [0m  COPYING     [0m  GNUmakefile  [0m  Makefile[0m  [32;1m[34;1mold        [0m  TODO      [0m

.git:
[32;1m[34;1mbranches[0m  COMMIT_EDITMSG[0m  config[0m  description[0m  HEAD[0m  [32;1m[34;1mhooks[0m  index[0m  [32;1m[34;1minfo[0m  [32;1m[34;1mlogs[0m  [32;1m[34;1mobjects[0m  ORIG_HEAD[0m  packed-refs[0m  [32;1m[34;1mrefs[0m
~/rshell
hzhu007@hammer $ bin/ls nonexist src/a.out
stat(): No such file or directory
nonexist not found
[32;1msrc/a.out[0m
~/rshell
hzhu007@hammer $ $ bin/ls nonexist ./  src/a.out src/a.out Makefile  ../.vimrc
bash: $: command not found
~/rshell
hzhu007@hammer $ bin/ls nonexist ./  src/a.out src/a.out Makefile  ../.vimrc
stat(): No such file or directory
nonexist not found
[32;1msrc/a.out[0m  [32;1msrc/a.out[0m  Makefile[0m  [48;5;243m../.vimrc[0m

./:
[32;1m[34;1mbin[0m  LICENSE[0m  Makefile[0m  README.md[0m  [32;1m[34;1msrc[0m  [32;1m[34;1mtests[0m
~/rshell
hzhu007@hammer $ $ bin/ls nonexist ./ src/a.out ../ nonexist ./README.md ../.vimrc Makefile src/a.out [1P[1P
stat(): No such file or directory
nonexist not found
stat(): No such file or directory
nonexist not found
[32;1msrc/a.out[0m  ./README.md[0m  [48;5;243m../.vimrc[0m  Makefile[0m  [32;1msrc/a.out[0m

./:
[32;1m[34;1mbin[0m  LICENSE[0m  Makefile[0m  README.md[0m  [32;1m[34;1msrc[0m  [32;1m[34;1mtests[0m

../:
[32;1m[34;1mfirstrepo[0m  [32;1m[34;1mgdb[0m  [32;1m[34;1mrshell[0m  [32;1m[34;1mrshell-1[0m  [32;1m[34;1mtest[0m  [32;1m[34;1mucr-cs100[0m
~/rshell
hzhu007@hammer $ #flag
~/rshell
hzhu007@hammer $ bin/ls -a
[48;5;243m[32;1m[34;1m.[0m  [48;5;243m[32;1m[34;1m..[0m  [48;5;243m[32;1m[34;1m.git[0m  [32;1m[34;1mbin[0m  LICENSE[0m  Makefile[0m  README.md[0m  [32;1m[34;1msrc[0m  [32;1m[34;1mtests[0m
~/rshell
hzhu007@hammer $ bin/ls -l
do_ypcall: clnt_call: RPC: Unable to send; errno = Operation not permitted
do_ypcall: clnt_call: RPC: Unable to send; errno = Operation not permitted
段错误
~/rshell
hzhu007@hammer $ bin/ls -l
total 40
drwx------ 2 hzhu007 csmajs  4096 May 01 21:53 [32;1m[34;1mbin[0m
-rw------- 1 hzhu007 csmajs 18047 Apr 15 19:07 LICENSE[0m
-rw------- 1 hzhu007 csmajs   365 May 01 21:52 Makefile[0m
-rw------- 1 hzhu007 csmajs  3865 May 01 15:40 README.md[0m
drwx------ 2 hzhu007 csmajs  4096 May 01 21:38 [32;1m[34;1msrc[0m
drwx------ 2 hzhu007 csmajs  4096 May 01 21:53 [32;1m[34;1mtests[0m
~/rshell
hzhu007@hammer $ bin/ls -l[KL
wrong parameter: L in -L
~/rshell
hzhu007@hammer $ bin/ls -R
.:
[32;1m[34;1mbin[0m  LICENSE[0m  Makefile[0m  README.md[0m  [32;1m[34;1msrc[0m  [32;1m[34;1mtests[0m

./bin:
[32;1mls[0m  [32;1mrshell[0m

./src:
[32;1ma.out[0m  ls.cpp[0m  main.cpp[0m

./tests:
backup[0m  exec.script[0m  ls.script[0m
~/rshell
hzhu007@hammer $ bin/ls -r
wrong parameter: r in -r
~/rshell
hzhu007@hammer $ bin/ls a
stat(): No such file or directory
a not found
~/rshell
hzhu007@hammer $ bin/ls - a
stat(): No such file or directory
a not found
~/rshell
hzhu007@hammer $ bin/ls -l a
stat(): No such file or directory
a not found
~/rshell
hzhu007@hammer $ bin/ls -Rl a
stat(): No such file or directory
a not found
~/rshell
hzhu007@hammer $ bin/ls -al
total 52
drwx------  6 hzhu007 csmajs  4096 May 01 21:53 [48;5;243m[32;1m[34;1m.[0m
drwx------ 13 hzhu007 csmajs  4096 May 01 21:52 [48;5;243m[32;1m[34;1m..[0m
drwx------  8 hzhu007 csmajs  4096 May 01 19:59 [48;5;243m[32;1m[34;1m.git[0m
drwx------  2 hzhu007 csmajs  4096 May 01 21:53 [32;1m[34;1mbin[0m
-rw-------  1 hzhu007 csmajs 18047 Apr 15 19:07 LICENSE[0m
-rw-------  1 hzhu007 csmajs   365 May 01 21:52 Makefile[0m
-rw-------  1 hzhu007 csmajs  3865 May 01 15:40 README.md[0m
drwx------  2 hzhu007 csmajs  4096 May 01 21:38 [32;1m[34;1msrc[0m
drwx------  2 hzhu007 csmajs  4096 May 01 21:53 [32;1m[34;1mtests[0m
~/rshell
hzhu007@hammer $ bin/ls -l   -a
do_ypcall: clnt_call: RPC: Unable to send; errno = Operation not permitted
total 52
drwx------  6 hzhu007 csmajs  4096 May 01 21:53 [48;5;243m[32;1m[34;1m.[0m
drwx------ 13 hzhu007 csmajs  4096 May 01 21:52 [48;5;243m[32;1m[34;1m..[0m
drwx------  8 hzhu007 csmajs  4096 May 01 19:59 [48;5;243m[32;1m[34;1m.git[0m
drwx------  2 hzhu007 csmajs  4096 May 01 21:53 [32;1m[34;1mbin[0m
-rw-------  1 hzhu007 csmajs 18047 Apr 15 19:07 LICENSE[0m
-rw-------  1 hzhu007 csmajs   365 May 01 21:52 Makefile[0m
-rw-------  1 hzhu007 csmajs  3865 May 01 15:40 README.md[0m
drwx------  2 hzhu007 csmajs  4096 May 01 21:38 [32;1m[34;1msrc[0m
drwx------  2 hzhu007 csmajs  4096 May 01 21:53 [32;1m[34;1mtests[0m
~/rshell
hzhu007@hammer $ bin/ls -Rl
.:
do_ypcall: clnt_call: RPC: Unable to send; errno = Operation not permitted
total 40
drwx------ 2 hzhu007 csmajs  4096 May 01 21:53 [32;1m[34;1mbin[0m
-rw------- 1 hzhu007 csmajs 18047 Apr 15 19:07 LICENSE[0m
-rw------- 1 hzhu007 csmajs   365 May 01 21:52 Makefile[0m
-rw------- 1 hzhu007 csmajs  3865 May 01 15:40 README.md[0m
drwx------ 2 hzhu007 csmajs  4096 May 01 21:38 [32;1m[34;1msrc[0m
drwx------ 2 hzhu007 csmajs  4096 May 01 21:53 [32;1m[34;1mtests[0m

./bin:
total 60
-rwx------ 1 hzhu007 csmajs 41725 May 01 21:53 [32;1mls[0m
-rwx------ 1 hzhu007 csmajs 12321 May 01 21:53 [32;1mrshell[0m

./src:
do_ypcall: clnt_call: RPC: Unable to send; errno = Operation not permitted
do_ypcall: clnt_call: RPC: Unable to send; errno = Operation not permitted
total 68
-rwx------ 1 hzhu007 csmajs 43806 May 01 02:55 [32;1ma.out[0m
-rw------- 1 hzhu007 csmajs 14231 May 01 21:38 ls.cpp[0m
-rw------- 1 hzhu007 csmajs  5718 Apr 19 17:27 main.cpp[0m

./tests:
total 16
-rw------- 1 hzhu007 csmajs 6801 Apr 18 23:31 backup[0m
-rw------- 1 hzhu007 csmajs 8099 Apr 19 23:23 exec.script[0m
-rw------- 1 hzhu007 csmajs    0 May 01 21:53 ls.script[0m
~/rshell
hzhu007@hammer $ bin/ls -l   -R
.:
do_ypcall: clnt_call: RPC: Unable to send; errno = Operation not permitted
total 40
drwx------ 2 hzhu007 csmajs  4096 May 01 21:53 [32;1m[34;1mbin[0m
-rw------- 1 hzhu007 csmajs 18047 Apr 15 19:07 LICENSE[0m
-rw------- 1 hzhu007 csmajs   365 May 01 21:52 Makefile[0m
-rw------- 1 hzhu007 csmajs  3865 May 01 15:40 README.md[0m
drwx------ 2 hzhu007 csmajs  4096 May 01 21:38 [32;1m[34;1msrc[0m
drwx------ 2 hzhu007 csmajs  4096 May 01 21:53 [32;1m[34;1mtests[0m

./bin:
total 60
-rwx------ 1 hzhu007 csmajs 41725 May 01 21:53 [32;1mls[0m
-rwx------ 1 hzhu007 csmajs 12321 May 01 21:53 [32;1mrshell[0m

./src:
total 68
-rwx------ 1 hzhu007 csmajs 43806 May 01 02:55 [32;1ma.out[0m
-rw------- 1 hzhu007 csmajs 14231 May 01 21:38 ls.cpp[0m
-rw------- 1 hzhu007 csmajs  5718 Apr 19 17:27 main.cpp[0m

./tests:
total 16
-rw------- 1 hzhu007 csmajs 6801 Apr 18 23:31 backup[0m
-rw------- 1 hzhu007 csmajs 8099 Apr 19 23:23 exec.script[0m
-rw------- 1 hzhu007 csmajs    0 May 01 21:53 ls.script[0m
~/rshell
hzhu007@hammer $ [Khzhu007@hammer $ [Khzhu007@hammer $ [Khzhu007@hammer $ [Khzhu007@hammer $ exit
exit

Script done on Fri 01 May 2015 10:10:54 PM PDT
Script started on Fri 01 May 2015 10:56:59 PM PDT
~
hzhu007@hammer $ cd rshell
~/rshell
hzhu007@hammer $ bin/ls -error
wrong parameter: e in -error
~/rshell
hzhu007@hammer $ $ bin/ls -error
bash: $: command not found
~/rshell
hzhu007@hammer $ [Khzhu007@hammer $ [Khzhu007@hammer $ $ bin/ls -error[1P[1P
wrong parameter: e in -error
~/rshell
hzhu007@hammer $ bin/ls -a -l -error
wrong parameter: e in -error
~/rshell
hzhu007@hammer $ #file with flag
~/rshell
hzhu007@hammer $ bin/ls Makefile -a
Makefile[0m
~/rshell
hzhu007@hammer $ bin/ls -l Makefile
total 4
-rw------- 1 hzhu007 csmajs 365 May 01 21:52 Makefile[0m
~/rshell
hzhu007@hammer $ bin/ls Makefile -R
Makefile[0m
~/rshell
hzhu007@hammer $ bin/ls Makefile   -al
total 4
-rw------- 1 hzhu007 csmajs 365 May 01 21:52 Makefile[0m
~/rshell
hzhu007@hammer $ bin/ls Makefile   ./src/ls.cpp   -l -a
do_ypcall: clnt_call: RPC: Unable to send; errno = Operation not permitted
total 20
-rw------- 1 hzhu007 csmajs   365 May 01 21:52 Makefile[0m
-rw------- 1 hzhu007 csmajs 14231 May 01 21:38 ./src/ls.cpp[0m
~/rshell
hzhu007@hammer $ $ bin/ls scr/a.out   ./README.md   ../.vimrc Makefile   ./src/ls.cpp -Ra -l
bash: $: command not found
~/rshell
hzhu007@hammer $ bin/ls scr/a.out   ./README.md   ../.vimrc Makefile   ./src/ls.cpp -Ra -l
stat(): No such file or directory
scr/a.out not found
total 28
-rw------- 1 hzhu007 csmajs  3865 May 01 15:40 ./README.md[0m
-rw------- 1 hzhu007 csmajs  2211 May 01 01:34 [48;5;243m../.vimrc[0m
-rw------- 1 hzhu007 csmajs   365 May 01 21:52 Makefile[0m
-rw------- 1 hzhu007 csmajs 14231 May 01 21:38 ./src/ls.cpp[0m
~/rshell
hzhu007@hammer $ bin/ls scr/a.out   ./README.md   ../.vimrc Makefile   ./src/ls.cpp -Ra -l[4h-[4l[4hl[4l[C[C[C[C[C[C[C[C[C[C[C[C[C[C[4h-[4l[4ha[4l[C[C[C[C[C[C[C[C[C[C[C[C[C[C[C[C[C[C[C[C[C[C[C[C[C[C[C[C[C[4h-[4l[4hR[4l[C[C[C[C[C[C[C[C[C[C[C[C[C[C[C[C[C[C[C[1P -l[1P -l[1P -l
stat(): No such file or directory
scr/a.out not found
total 28
-rw------- 1 hzhu007 csmajs  3865 May 01 15:40 ./README.md[0m
-rw------- 1 hzhu007 csmajs  2211 May 01 01:34 [48;5;243m../.vimrc[0m
-rw------- 1 hzhu007 csmajs   365 May 01 21:52 Makefile[0m
-rw------- 1 hzhu007 csmajs 14231 May 01 21:38 ./src/ls.cpp[0m
~/rshell
hzhu007@hammer $ bin/ls src/a.out   ./README.md -a  ../.vimrc Makefile  -R ./src/ls.cpp  -l
total 72
-rwx------ 1 hzhu007 csmajs 43806 May 01 02:55 [32;1msrc/a.out[0m
-rw------- 1 hzhu007 csmajs  3865 May 01 15:40 ./README.md[0m
-rw------- 1 hzhu007 csmajs  2211 May 01 01:34 [48;5;243m../.vimrc[0m
-rw------- 1 hzhu007 csmajs   365 May 01 21:52 Makefile[0m
-rw------- 1 hzhu007 csmajs 14231 May 01 21:38 ./src/ls.cpp[0m
~/rshell
hzhu007@hammer $ #folder with flag
~/rshell
hzhu007@hammer $ bin/ls . -a 
[48;5;243m[32;1m[34;1m.[0m  [48;5;243m[32;1m[34;1m..[0m  [48;5;243m[32;1m[34;1m.git[0m  [32;1m[34;1mbin[0m  LICENSE[0m  Makefile[0m  README.md[0m  [32;1m[34;1msrc[0m  [32;1m[34;1mtests[0m
~/rshell
hzhu007@hammer $ bin/ls  ../ -l
total 24
drwx------ 3 hzhu007 csmajs 4096 Apr 08 15:46 [32;1m[34;1mfirstrepo[0m
drwx------ 5 hzhu007 csmajs 4096 Apr 18 16:29 [32;1m[34;1mgdb[0m
drwx------ 6 hzhu007 csmajs 4096 May 01 21:53 [32;1m[34;1mrshell[0m
drwx------ 6 hzhu007 csmajs 4096 Apr 29 16:03 [32;1m[34;1mrshell-1[0m
drwx------ 5 hzhu007 csmajs 4096 May 01 15:01 [32;1m[34;1mtest[0m
drwx------ 9 hzhu007 csmajs 4096 Apr 22 14:02 [32;1m[34;1mucr-cs100[0m
~/rshell
hzhu007@hammer $ exit
exit

Script done on Fri 01 May 2015 11:01:01 PM PDT
Script started on Fri 01 May 2015 11:02:59 PM PDT
do_ypcall: clnt_call: RPC：无法发送; errno = 不允许的操作
~
hzhu007@hammer $ cd rshell
~/rshell
hzhu007@hammer $ [Khzhu007@hammer $ [Khzhu007@hammer $ [Khzhu007@hammer $ [Khzhu007@hammer $ [Khzhu007@hammer $ [Khzhu007@hammer $ [Khzhu007@hammer $ [Khzhu007@hammer $ [Khzhu007@hammer $ [Khzhu007@hammer $ [Khzhu007@hammer $ [Khzhu007@hammer $ [Khzhu007@hammer $ [Khzhu007@hammer $ [Khzhu007@hammer $ [Khzhu007@hammer $ [Khzhu007@hammer $ [Khzhu007@hammer $ bin/ls ~/ucr-cs100/textbook   -R 
/home/csmajs/hzhu007/ucr-cs100/textbook:
[32;1m[34;1massignment-help[0m  [32;1m[34;1mbestpractices[0m  [32;1m[34;1mC++[0m  [32;1m[34;1mcasestudies[0m  [32;1m[34;1mtools[0m

/home/csmajs/hzhu007/ucr-cs100/textbook/assignment-help:
[32;1m[34;1mbitwise-ops[0m  [32;1m[34;1mBoostTokenizer[0m  [32;1m[34;1mmacros[0m  [32;1m[34;1moutput-formatting-in-c++[0m  [32;1m[34;1msort[0m  [32;1m[34;1mstrtok[0m  [32;1m[34;1msyscalls[0m

/home/csmajs/hzhu007/ucr-cs100/textbook/assignment-help/bitwise-ops:
README.md[0m

/home/csmajs/hzhu007/ucr-cs100/textbook/assignment-help/BoostTokenizer:
README.md[0m  [32;1m[34;1msrc[0m

/home/csmajs/hzhu007/ucr-cs100/textbook/assignment-help/BoostTokenizer/src:
ex_1.cpp[0m  ex_2.cpp[0m  ex_3.cpp[0m  ex_4.cpp[0m  ex_5.cpp[0m

/home/csmajs/hzhu007/ucr-cs100/textbook/assignment-help/macros:
README.md[0m

/home/csmajs/hzhu007/ucr-cs100/textbook/assignment-help/output-formatting-in-c++:
ANSIfontUtils.h[0m  README.md[0m

/home/csmajs/hzhu007/ucr-cs100/textbook/assignment-help/sort:
10th_example.cpp[0m  2nd_example.cpp[0m  4th_example.cpp[0m  6th_example.cpp[0m  8th_example.cpp[0m  README.md[0m
1st_example.cpp [0m  3rd_example.cpp[0m  5th_example.cpp[0m  7th_example.cpp[0m  9th_example.cpp[0m

/home/csmajs/hzhu007/ucr-cs100/textbook/assignment-help/strtok:
README.md[0m

/home/csmajs/hzhu007/ucr-cs100/textbook/assignment-help/syscalls:
dir.md[0m  dir_code.cpp[0m  exec.md[0m  fd.md[0m  fd_code.cpp[0m  fileold[0m  getinfo.md[0m  io.md[0m  Makefile[0m  README.md[0m  stat.md[0m

/home/csmajs/hzhu007/ucr-cs100/textbook/bestpractices:
[32;1m[34;1mTestDrivenDevelopment[0m  [32;1m[34;1mWritingGoodTestCases[0m  [32;1m[34;1mWritingREADMEs[0m

/home/csmajs/hzhu007/ucr-cs100/textbook/bestpractices/TestDrivenDevelopment:
README.md[0m  [32;1m[34;1msrc[0m  [32;1m[34;1mtests[0m

/home/csmajs/hzhu007/ucr-cs100/textbook/bestpractices/TestDrivenDevelopment/src:
string_tok.cpp[0m

/home/csmajs/hzhu007/ucr-cs100/textbook/bestpractices/TestDrivenDevelopment/tests:
test_project_euler.cpp[0m  test_string_tok.cpp[0m

/home/csmajs/hzhu007/ucr-cs100/textbook/bestpractices/WritingGoodTestCases:
hw0-example.ods[0m  README.md[0m  template.ods[0m

/home/csmajs/hzhu007/ucr-cs100/textbook/bestpractices/WritingREADMEs:
Markdown.md[0m  README.md[0m

/home/csmajs/hzhu007/ucr-cs100/textbook/C++:
[32;1m[34;1mboost[0m  [32;1m[34;1mC++11features[0m  [32;1m[34;1mC++14Standards[0m  [32;1m[34;1mDataStructures[0m  [32;1m[34;1mpseudocode[0m  [32;1m[34;1mstl-map[0m  [32;1m[34;1mtemplates[0m  [32;1m[34;1mtime[0m

/home/csmajs/hzhu007/ucr-cs100/textbook/C++/boost:
containers-and-tribools.md[0m  smartpointers.md[0m

/home/csmajs/hzhu007/ucr-cs100/textbook/C++/C++11features:
README.md[0m

/home/csmajs/hzhu007/ucr-cs100/textbook/C++/C++14Standards:
README.md[0m  returntypedeductionexample.cpp[0m  tupleaddressingexample.cpp[0m  variabletemplatesexample.cpp[0m

/home/csmajs/hzhu007/ucr-cs100/textbook/C++/DataStructures:
[32;1m[34;1mlist[0m  [32;1m[34;1mmap[0m  [32;1m[34;1mqueue[0m  README.md[0m  [32;1m[34;1mstack[0m

/home/csmajs/hzhu007/ucr-cs100/textbook/C++/DataStructures/list:
list.cpp[0m

/home/csmajs/hzhu007/ucr-cs100/textbook/C++/DataStructures/map:
map.cpp[0m  map2.cpp[0m  winners[0m

/home/csmajs/hzhu007/ucr-cs100/textbook/C++/DataStructures/queue:
queue.cpp[0m

/home/csmajs/hzhu007/ucr-cs100/textbook/C++/DataStructures/stack:
stack.cpp[0m

/home/csmajs/hzhu007/ucr-cs100/textbook/C++/pseudocode:
Makefile[0m  README.md[0m  simple_model.cxx[0m

/home/csmajs/hzhu007/ucr-cs100/textbook/C++/stl-map:
ls_map.cpp[0m  month_map.cpp[0m  README.md[0m  UScoins.cpp[0m

/home/csmajs/hzhu007/ucr-cs100/textbook/C++/templates:
README.md[0m

/home/csmajs/hzhu007/ucr-cs100/textbook/C++/time:
time_example.cpp[0m  time_tutorial.md[0m

/home/csmajs/hzhu007/ucr-cs100/textbook/casestudies:
[32;1m[34;1mioccc-hamano[0m

/home/csmajs/hzhu007/ucr-cs100/textbook/casestudies/ioccc-hamano:
myhamano.c[0m  output.pdf[0m  outputORIG.pdf[0m  README.md[0m

/home/csmajs/hzhu007/ucr-cs100/textbook/tools:
[32;1m[34;1mbash[0m  [32;1m[34;1mcppcheck[0m  [32;1m[34;1mgdb[0m  [32;1m[34;1mgit[0m  [32;1m[34;1mmake[0m  [32;1m[34;1mvalgrind[0m  [32;1m[34;1mxmonad[0m

/home/csmajs/hzhu007/ucr-cs100/textbook/tools/bash:
[32;1m[34;1mbashrc[0m  [32;1m[34;1mfile-permission[0m  [32;1m[34;1mnctutorial[0m  [32;1m[34;1mregex[0m  [32;1m[34;1msed[0m  [32;1m[34;1mshell-scripts[0m  [32;1m[34;1mshell-tricks[0m  [32;1m[34;1mstrace[0m

/home/csmajs/hzhu007/ucr-cs100/textbook/tools/bash/bashrc:
README.md[0m

/home/csmajs/hzhu007/ucr-cs100/textbook/tools/bash/file-permission:
[32;1m[34;1mimage[0m  README.md[0m

/home/csmajs/hzhu007/ucr-cs100/textbook/tools/bash/file-permission/image:
FS-layout.png[0m  permissions_diagram.gif[0m  Screenshot.png[0m  Screenshot1.png[0m

/home/csmajs/hzhu007/ucr-cs100/textbook/tools/bash/nctutorial:
README.md[0m

/home/csmajs/hzhu007/ucr-cs100/textbook/tools/bash/regex:
README.md[0m

/home/csmajs/hzhu007/ucr-cs100/textbook/tools/bash/sed:
README.md[0m

/home/csmajs/hzhu007/ucr-cs100/textbook/tools/bash/shell-scripts:
README.md[0m

/home/csmajs/hzhu007/ucr-cs100/textbook/tools/bash/shell-tricks:
README.md[0m

/home/csmajs/hzhu007/ucr-cs100/textbook/tools/bash/strace:
example1.cpp[0m  main.cpp[0m  README.md[0m

/home/csmajs/hzhu007/ucr-cs100/textbook/tools/cppcheck:
README.md[0m

/home/csmajs/hzhu007/ucr-cs100/textbook/tools/gdb:
[32;1m[34;1mex1[0m  [32;1m[34;1mex2[0m  [32;1m[34;1mex3[0m  README.md[0m

/home/csmajs/hzhu007/ucr-cs100/textbook/tools/gdb/ex1:
ex1.cpp[0m  README.md[0m

/home/csmajs/hzhu007/ucr-cs100/textbook/tools/gdb/ex2:
ex2.cpp[0m  README.md[0m

/home/csmajs/hzhu007/ucr-cs100/textbook/tools/gdb/ex3:
ex3.cpp[0m  README.md[0m

/home/csmajs/hzhu007/ucr-cs100/textbook/tools/git:
[32;1m[34;1madvanced-git-commands[0m  [32;1m[34;1mhandling-large-files-in-your-repo[0m  [32;1m[34;1mmanagaing-your-forked-repo[0m

/home/csmajs/hzhu007/ucr-cs100/textbook/tools/git/advanced-git-commands:
[32;1m[34;1mimage[0m  Patch.md[0m  Rebase.md[0m  Stash.md[0m

/home/csmajs/hzhu007/ucr-cs100/textbook/tools/git/advanced-git-commands/image:
commit1.png[0m  commit3conflict.png[0m  commit4rebaseonto.png[0m  rebase2.png[0m  rebase4.png[0m
commit2.png[0m  commit4rebase.png  [0m  rebase1.png          [0m  rebase3.png[0m

/home/csmajs/hzhu007/ucr-cs100/textbook/tools/git/handling-large-files-in-your-repo:
README.md[0m

/home/csmajs/hzhu007/ucr-cs100/textbook/tools/git/managaing-your-forked-repo:
README.md[0m

/home/csmajs/hzhu007/ucr-cs100/textbook/tools/make:
[32;1m[34;1mcs100HW4[0m  [32;1m[34;1mexample1[0m  [32;1m[34;1mexample2[0m  [32;1m[34;1mexample3[0m  [32;1m[34;1mexample4[0m  [32;1m[34;1mexample5[0m  README.md[0m

/home/csmajs/hzhu007/ucr-cs100/textbook/tools/make/cs100HW4:
Makefile[0m  README.md[0m  [32;1m[34;1msrc[0m

/home/csmajs/hzhu007/ucr-cs100/textbook/tools/make/cs100HW4/src:
hello.cpp[0m  iterator.cpp[0m

/home/csmajs/hzhu007/ucr-cs100/textbook/tools/make/example1:
hello.c[0m  Makefile[0m

/home/csmajs/hzhu007/ucr-cs100/textbook/tools/make/example2:
file.c[0m  file.h[0m  main.c[0m  Makefile[0m

/home/csmajs/hzhu007/ucr-cs100/textbook/tools/make/example3:
file.c[0m  file.h[0m  main.c[0m  Makefile[0m

/home/csmajs/hzhu007/ucr-cs100/textbook/tools/make/example4:
file.c[0m  file.h[0m  main.c[0m  Makefile[0m

/home/csmajs/hzhu007/ucr-cs100/textbook/tools/make/example5:
Makefile[0m  [32;1m[34;1msrc[0m

/home/csmajs/hzhu007/ucr-cs100/textbook/tools/make/example5/src:
file.c[0m  file.h[0m  main.c[0m

/home/csmajs/hzhu007/ucr-cs100/textbook/tools/valgrind:
example1.cpp[0m  example2.cpp[0m  README.md[0m

/home/csmajs/hzhu007/ucr-cs100/textbook/tools/xmonad:
[32;1m[34;1mimages[0m  README.md[0m

/home/csmajs/hzhu007/ucr-cs100/textbook/tools/xmonad/images:
blanks.png[0m  dmenus.png[0m  login.png[0m  term2bss.png[0m  term2s.png[0m  term2ws.png[0m  term3s.png[0m  terms.png[0m  xmes.png[0m
~/rshell
hzhu007@hammer $ bin/ls ../.vim -lR
../.vim:
total 4
drwx------ 2 hzhu007 csmajs 4096 May 01 22:06 [32;1m[34;1mview[0m

../.vim/view:
total 52
-rw------- 1 hzhu007 csmajs 2390 May 01 15:56 src.=+m=[0m
-rw------- 1 hzhu007 csmajs 2397 May 01 03:46 ~=+.bashrc=[0m
-rw------- 1 hzhu007 csmajs 2390 May 01 02:50 ~=+.bashrm=[0m
-rw------- 1 hzhu007 csmajs 3448 May 01 01:34 ~=+.vimrc=[0m
-rw------- 1 hzhu007 csmajs 2390 May 01 01:29 ~=+.vimrm=[0m
-rw------- 1 hzhu007 csmajs 2767 May 01 02:29 ~=+=[0m
-rw------- 1 hzhu007 csmajs 2403 May 01 21:52 ~=+rshell=+Makefile=[0m
-rw------- 1 hzhu007 csmajs 2428 May 01 15:40 ~=+rshell=+README.md=[0m
-rw------- 1 hzhu007 csmajs 2764 Apr 30 20:04 ~=+rshell=+src=[0m
-rw------- 1 hzhu007 csmajs 2394 May 01 01:27 ~=+rshell=+src=+.bashrc=[0m
-rw------- 1 hzhu007 csmajs 2429 May 01 21:38 ~=+rshell=+src=+ls.cpp=[0m
-rw------- 1 hzhu007 csmajs 2422 May 01 15:56 ~=+rshell=+src=+main.cpp=[0m
-rw------- 1 hzhu007 csmajs 2395 May 01 22:56 ~=+rshell=+tests=+ls.script=[0m
~/rshell
hzhu007@hammer $ bin/ls ../.vim/    -la
total 16
drwx------  3 hzhu007 csmajs 4096 May 01 02:29 [48;5;243m[32;1m[34;1m.[0m
drwx------ 13 hzhu007 csmajs 4096 May 01 22:56 [48;5;243m[32;1m[34;1m..[0m
-rw-------  1 hzhu007 csmajs  156 May 01 02:29 [48;5;243m.netrwhist[0m
drwx------  2 hzhu007 csmajs 4096 May 01 22:06 [32;1m[34;1mview[0m
~/rshell
hzhu007@hammer $ bin/ls -l ../.vim/  -a
total 16
drwx------  3 hzhu007 csmajs 4096 May 01 02:29 [48;5;243m[32;1m[34;1m.[0m
drwx------ 13 hzhu007 csmajs 4096 May 01 22:56 [48;5;243m[32;1m[34;1m..[0m
-rw-------  1 hzhu007 csmajs  156 May 01 02:29 [48;5;243m.netrwhist[0m
drwx------  2 hzhu007 csmajs 4096 May 01 22:06 [32;1m[34;1mview[0m
~/rshell
hzhu007@hammer $ bin/ls ../ucr-cs100/textbook -aR
../ucr-cs100/textbook:
[48;5;243m[32;1m[34;1m.[0m  [48;5;243m[32;1m[34;1m..[0m  [32;1m[34;1massignment-help[0m  [32;1m[34;1mbestpractices[0m  [32;1m[34;1mC++[0m  [32;1m[34;1mcasestudies[0m  [32;1m[34;1mtools[0m

../ucr-cs100/textbook/assignment-help:
[48;5;243m[32;1m[34;1m.[0m  [48;5;243m[32;1m[34;1m..[0m  [32;1m[34;1mbitwise-ops[0m  [32;1m[34;1mBoostTokenizer[0m  [32;1m[34;1mmacros[0m  [32;1m[34;1moutput-formatting-in-c++[0m  [32;1m[34;1msort[0m  [32;1m[34;1mstrtok[0m  [32;1m[34;1msyscalls[0m

../ucr-cs100/textbook/assignment-help/bitwise-ops:
[48;5;243m[32;1m[34;1m.[0m  [48;5;243m[32;1m[34;1m..[0m  README.md[0m

../ucr-cs100/textbook/assignment-help/BoostTokenizer:
[48;5;243m[32;1m[34;1m.[0m  [48;5;243m[32;1m[34;1m..[0m  README.md[0m  [32;1m[34;1msrc[0m

../ucr-cs100/textbook/assignment-help/BoostTokenizer/src:
[48;5;243m[32;1m[34;1m.[0m  [48;5;243m[32;1m[34;1m..[0m  ex_1.cpp[0m  ex_2.cpp[0m  ex_3.cpp[0m  ex_4.cpp[0m  ex_5.cpp[0m

../ucr-cs100/textbook/assignment-help/macros:
[48;5;243m[32;1m[34;1m.[0m  [48;5;243m[32;1m[34;1m..[0m  README.md[0m

../ucr-cs100/textbook/assignment-help/output-formatting-in-c++:
[48;5;243m[32;1m[34;1m.[0m  [48;5;243m[32;1m[34;1m..[0m  ANSIfontUtils.h[0m  README.md[0m

../ucr-cs100/textbook/assignment-help/sort:
[48;5;243m[32;1m[34;1m. [0m  10th_example.cpp[0m  2nd_example.cpp[0m  4th_example.cpp[0m  6th_example.cpp[0m  8th_example.cpp[0m  README.md[0m
[48;5;243m[32;1m[34;1m..[0m  1st_example.cpp [0m  3rd_example.cpp[0m  5th_example.cpp[0m  7th_example.cpp[0m  9th_example.cpp[0m

../ucr-cs100/textbook/assignment-help/strtok:
[48;5;243m[32;1m[34;1m.[0m  [48;5;243m[32;1m[34;1m..[0m  README.md[0m

../ucr-cs100/textbook/assignment-help/syscalls:
[48;5;243m[32;1m[34;1m.[0m  [48;5;243m[32;1m[34;1m..[0m  dir.md[0m  dir_code.cpp[0m  exec.md[0m  fd.md[0m  fd_code.cpp[0m  fileold[0m  getinfo.md[0m  io.md[0m  Makefile[0m  README.md[0m  stat.md[0m

../ucr-cs100/textbook/bestpractices:
[48;5;243m[32;1m[34;1m.[0m  [48;5;243m[32;1m[34;1m..[0m  [32;1m[34;1mTestDrivenDevelopment[0m  [32;1m[34;1mWritingGoodTestCases[0m  [32;1m[34;1mWritingREADMEs[0m

../ucr-cs100/textbook/bestpractices/TestDrivenDevelopment:
[48;5;243m[32;1m[34;1m.[0m  [48;5;243m[32;1m[34;1m..[0m  README.md[0m  [32;1m[34;1msrc[0m  [32;1m[34;1mtests[0m

../ucr-cs100/textbook/bestpractices/TestDrivenDevelopment/src:
[48;5;243m[32;1m[34;1m.[0m  [48;5;243m[32;1m[34;1m..[0m  string_tok.cpp[0m

../ucr-cs100/textbook/bestpractices/TestDrivenDevelopment/tests:
[48;5;243m[32;1m[34;1m.[0m  [48;5;243m[32;1m[34;1m..[0m  test_project_euler.cpp[0m  test_string_tok.cpp[0m

../ucr-cs100/textbook/bestpractices/WritingGoodTestCases:
[48;5;243m[32;1m[34;1m.[0m  [48;5;243m[32;1m[34;1m..[0m  hw0-example.ods[0m  README.md[0m  template.ods[0m

../ucr-cs100/textbook/bestpractices/WritingREADMEs:
[48;5;243m[32;1m[34;1m.[0m  [48;5;243m[32;1m[34;1m..[0m  Markdown.md[0m  README.md[0m

../ucr-cs100/textbook/C++:
[48;5;243m[32;1m[34;1m.[0m  [48;5;243m[32;1m[34;1m..[0m  [32;1m[34;1mboost[0m  [32;1m[34;1mC++11features[0m  [32;1m[34;1mC++14Standards[0m  [32;1m[34;1mDataStructures[0m  [32;1m[34;1mpseudocode[0m  [32;1m[34;1mstl-map[0m  [32;1m[34;1mtemplates[0m  [32;1m[34;1mtime[0m

../ucr-cs100/textbook/C++/boost:
[48;5;243m[32;1m[34;1m.[0m  [48;5;243m[32;1m[34;1m..[0m  containers-and-tribools.md[0m  smartpointers.md[0m

../ucr-cs100/textbook/C++/C++11features:
[48;5;243m[32;1m[34;1m.[0m  [48;5;243m[32;1m[34;1m..[0m  README.md[0m

../ucr-cs100/textbook/C++/C++14Standards:
[48;5;243m[32;1m[34;1m.[0m  [48;5;243m[32;1m[34;1m..[0m  README.md[0m  returntypedeductionexample.cpp[0m  tupleaddressingexample.cpp[0m  variabletemplatesexample.cpp[0m

../ucr-cs100/textbook/C++/DataStructures:
[48;5;243m[32;1m[34;1m.[0m  [48;5;243m[32;1m[34;1m..[0m  [32;1m[34;1mlist[0m  [32;1m[34;1mmap[0m  [32;1m[34;1mqueue[0m  README.md[0m  [32;1m[34;1mstack[0m

../ucr-cs100/textbook/C++/DataStructures/list:
[48;5;243m[32;1m[34;1m.[0m  [48;5;243m[32;1m[34;1m..[0m  list.cpp[0m

../ucr-cs100/textbook/C++/DataStructures/map:
[48;5;243m[32;1m[34;1m.[0m  [48;5;243m[32;1m[34;1m..[0m  map.cpp[0m  map2.cpp[0m  winners[0m

../ucr-cs100/textbook/C++/DataStructures/queue:
[48;5;243m[32;1m[34;1m.[0m  [48;5;243m[32;1m[34;1m..[0m  queue.cpp[0m

../ucr-cs100/textbook/C++/DataStructures/stack:
[48;5;243m[32;1m[34;1m.[0m  [48;5;243m[32;1m[34;1m..[0m  stack.cpp[0m

../ucr-cs100/textbook/C++/pseudocode:
[48;5;243m[32;1m[34;1m.[0m  [48;5;243m[32;1m[34;1m..[0m  Makefile[0m  README.md[0m  simple_model.cxx[0m

../ucr-cs100/textbook/C++/stl-map:
[48;5;243m[32;1m[34;1m.[0m  [48;5;243m[32;1m[34;1m..[0m  ls_map.cpp[0m  month_map.cpp[0m  README.md[0m  UScoins.cpp[0m

../ucr-cs100/textbook/C++/templates:
[48;5;243m[32;1m[34;1m.[0m  [48;5;243m[32;1m[34;1m..[0m  README.md[0m

../ucr-cs100/textbook/C++/time:
[48;5;243m[32;1m[34;1m.[0m  [48;5;243m[32;1m[34;1m..[0m  time_example.cpp[0m  time_tutorial.md[0m

../ucr-cs100/textbook/casestudies:
[48;5;243m[32;1m[34;1m.[0m  [48;5;243m[32;1m[34;1m..[0m  [32;1m[34;1mioccc-hamano[0m

../ucr-cs100/textbook/casestudies/ioccc-hamano:
[48;5;243m[32;1m[34;1m.[0m  [48;5;243m[32;1m[34;1m..[0m  myhamano.c[0m  output.pdf[0m  outputORIG.pdf[0m  README.md[0m

../ucr-cs100/textbook/tools:
[48;5;243m[32;1m[34;1m.[0m  [48;5;243m[32;1m[34;1m..[0m  [32;1m[34;1mbash[0m  [32;1m[34;1mcppcheck[0m  [32;1m[34;1mgdb[0m  [32;1m[34;1mgit[0m  [32;1m[34;1mmake[0m  [32;1m[34;1mvalgrind[0m  [32;1m[34;1mxmonad[0m

../ucr-cs100/textbook/tools/bash:
[48;5;243m[32;1m[34;1m.[0m  [48;5;243m[32;1m[34;1m..[0m  [32;1m[34;1mbashrc[0m  [32;1m[34;1mfile-permission[0m  [32;1m[34;1mnctutorial[0m  [32;1m[34;1mregex[0m  [32;1m[34;1msed[0m  [32;1m[34;1mshell-scripts[0m  [32;1m[34;1mshell-tricks[0m  [32;1m[34;1mstrace[0m

../ucr-cs100/textbook/tools/bash/bashrc:
[48;5;243m[32;1m[34;1m.[0m  [48;5;243m[32;1m[34;1m..[0m  [48;5;243m.bashrc[0m  README.md[0m

../ucr-cs100/textbook/tools/bash/file-permission:
[48;5;243m[32;1m[34;1m.[0m  [48;5;243m[32;1m[34;1m..[0m  [32;1m[34;1mimage[0m  README.md[0m

../ucr-cs100/textbook/tools/bash/file-permission/image:
[48;5;243m[32;1m[34;1m.[0m  [48;5;243m[32;1m[34;1m..[0m  FS-layout.png[0m  permissions_diagram.gif[0m  Screenshot.png[0m  Screenshot1.png[0m

../ucr-cs100/textbook/tools/bash/nctutorial:
[48;5;243m[32;1m[34;1m.[0m  [48;5;243m[32;1m[34;1m..[0m  README.md[0m

../ucr-cs100/textbook/tools/bash/regex:
[48;5;243m[32;1m[34;1m.[0m  [48;5;243m[32;1m[34;1m..[0m  README.md[0m

../ucr-cs100/textbook/tools/bash/sed:
[48;5;243m[32;1m[34;1m.[0m  [48;5;243m[32;1m[34;1m..[0m  README.md[0m

../ucr-cs100/textbook/tools/bash/shell-scripts:
[48;5;243m[32;1m[34;1m.[0m  [48;5;243m[32;1m[34;1m..[0m  README.md[0m

../ucr-cs100/textbook/tools/bash/shell-tricks:
[48;5;243m[32;1m[34;1m.[0m  [48;5;243m[32;1m[34;1m..[0m  README.md[0m

../ucr-cs100/textbook/tools/bash/strace:
[48;5;243m[32;1m[34;1m.[0m  [48;5;243m[32;1m[34;1m..[0m  example1.cpp[0m  main.cpp[0m  README.md[0m

../ucr-cs100/textbook/tools/cppcheck:
[48;5;243m[32;1m[34;1m.[0m  [48;5;243m[32;1m[34;1m..[0m  README.md[0m

../ucr-cs100/textbook/tools/gdb:
[48;5;243m[32;1m[34;1m.[0m  [48;5;243m[32;1m[34;1m..[0m  [32;1m[34;1mex1[0m  [32;1m[34;1mex2[0m  [32;1m[34;1mex3[0m  README.md[0m

../ucr-cs100/textbook/tools/gdb/ex1:
[48;5;243m[32;1m[34;1m.[0m  [48;5;243m[32;1m[34;1m..[0m  ex1.cpp[0m  README.md[0m

../ucr-cs100/textbook/tools/gdb/ex2:
[48;5;243m[32;1m[34;1m.[0m  [48;5;243m[32;1m[34;1m..[0m  ex2.cpp[0m  README.md[0m

../ucr-cs100/textbook/tools/gdb/ex3:
[48;5;243m[32;1m[34;1m.[0m  [48;5;243m[32;1m[34;1m..[0m  ex3.cpp[0m  README.md[0m

../ucr-cs100/textbook/tools/git:
[48;5;243m[32;1m[34;1m.[0m  [48;5;243m[32;1m[34;1m..[0m  [32;1m[34;1madvanced-git-commands[0m  [32;1m[34;1mhandling-large-files-in-your-repo[0m  [32;1m[34;1mmanagaing-your-forked-repo[0m

../ucr-cs100/textbook/tools/git/advanced-git-commands:
[48;5;243m[32;1m[34;1m.[0m  [48;5;243m[32;1m[34;1m..[0m  [32;1m[34;1mimage[0m  Patch.md[0m  Rebase.md[0m  Stash.md[0m

../ucr-cs100/textbook/tools/git/advanced-git-commands/image:
[48;5;243m[32;1m[34;1m. [0m  commit1.png[0m  commit3conflict.png[0m  commit4rebaseonto.png[0m  rebase2.png[0m  rebase4.png[0m
[48;5;243m[32;1m[34;1m..[0m  commit2.png[0m  commit4rebase.png  [0m  rebase1.png          [0m  rebase3.png[0m

../ucr-cs100/textbook/tools/git/handling-large-files-in-your-repo:
[48;5;243m[32;1m[34;1m.[0m  [48;5;243m[32;1m[34;1m..[0m  README.md[0m

../ucr-cs100/textbook/tools/git/managaing-your-forked-repo:
[48;5;243m[32;1m[34;1m.[0m  [48;5;243m[32;1m[34;1m..[0m  README.md[0m

../ucr-cs100/textbook/tools/make:
[48;5;243m[32;1m[34;1m.[0m  [48;5;243m[32;1m[34;1m..[0m  [32;1m[34;1mcs100HW4[0m  [32;1m[34;1mexample1[0m  [32;1m[34;1mexample2[0m  [32;1m[34;1mexample3[0m  [32;1m[34;1mexample4[0m  [32;1m[34;1mexample5[0m  README.md[0m

../ucr-cs100/textbook/tools/make/cs100HW4:
[48;5;243m[32;1m[34;1m.[0m  [48;5;243m[32;1m[34;1m..[0m  Makefile[0m  README.md[0m  [32;1m[34;1msrc[0m

../ucr-cs100/textbook/tools/make/cs100HW4/src:
[48;5;243m[32;1m[34;1m.[0m  [48;5;243m[32;1m[34;1m..[0m  hello.cpp[0m  iterator.cpp[0m

../ucr-cs100/textbook/tools/make/example1:
[48;5;243m[32;1m[34;1m.[0m  [48;5;243m[32;1m[34;1m..[0m  hello.c[0m  Makefile[0m

../ucr-cs100/textbook/tools/make/example2:
[48;5;243m[32;1m[34;1m.[0m  [48;5;243m[32;1m[34;1m..[0m  file.c[0m  file.h[0m  main.c[0m  Makefile[0m

../ucr-cs100/textbook/tools/make/example3:
[48;5;243m[32;1m[34;1m.[0m  [48;5;243m[32;1m[34;1m..[0m  file.c[0m  file.h[0m  main.c[0m  Makefile[0m

../ucr-cs100/textbook/tools/make/example4:
[48;5;243m[32;1m[34;1m.[0m  [48;5;243m[32;1m[34;1m..[0m  file.c[0m  file.h[0m  main.c[0m  Makefile[0m

../ucr-cs100/textbook/tools/make/example5:
[48;5;243m[32;1m[34;1m.[0m  [48;5;243m[32;1m[34;1m..[0m  Makefile[0m  [32;1m[34;1msrc[0m

../ucr-cs100/textbook/tools/make/example5/src:
[48;5;243m[32;1m[34;1m.[0m  [48;5;243m[32;1m[34;1m..[0m  file.c[0m  file.h[0m  main.c[0m

../ucr-cs100/textbook/tools/valgrind:
[48;5;243m[32;1m[34;1m.[0m  [48;5;243m[32;1m[34;1m..[0m  example1.cpp[0m  example2.cpp[0m  README.md[0m

../ucr-cs100/textbook/tools/xmonad:
[48;5;243m[32;1m[34;1m.[0m  [48;5;243m[32;1m[34;1m..[0m  [32;1m[34;1mimages[0m  README.md[0m

../ucr-cs100/textbook/tools/xmonad/images:
[48;5;243m[32;1m[34;1m.[0m  [48;5;243m[32;1m[34;1m..[0m  blanks.png[0m  dmenus.png[0m  login.png[0m  term2bss.png[0m  term2s.png[0m  term2ws.png[0m  term3s.png[0m  terms.png[0m  xmes.png[0m
~/rshell
hzhu007@hammer $ bin/ls ../ucr-cs100/people  -R  -a
../ucr-cs100/people:
[48;5;243m[32;1m[34;1m.[0m  [48;5;243m[32;1m[34;1m..[0m  [32;1m[34;1minstructors[0m  [32;1m[34;1mstudents[0m

../ucr-cs100/people/instructors:
[48;5;243m[32;1m[34;1m.[0m  [48;5;243m[32;1m[34;1m..[0m  benavidz@cs.ucr.edu[0m  busracelikkaya@gmail.com[0m  mike@izbicki.me[0m  README.md[0m  tkim049@cs.ucr.edu[0m

../ucr-cs100/people/students:
[48;5;243m[32;1m[34;1m.      [0m  cbarb005[0m  echan031      [0m  hzhu007 [0m  jle034  [0m  kkimb003[0m  knels012[0m  phung001[0m  unara001[0m  zzhou007[0m
[48;5;243m[32;1m[34;1m..     [0m  cdixi001[0m  examplestudent[0m  ichor001[0m  jtran071[0m  kkita004[0m  masfo001[0m  rheng001[0m  ycao006 [0m
amah001[0m  dding002[0m  htang014      [0m  jbarb011[0m  kchan049[0m  kluu006 [0m  mchen046[0m  ttruo018[0m  ykamo001[0m
~/rshell
hzhu007@hammer $ bin/ls ../.vim  -lRa
../.vim:
total 16
drwx------  3 hzhu007 csmajs 4096 May 01 02:29 [48;5;243m[32;1m[34;1m.[0m
drwx------ 13 hzhu007 csmajs 4096 May 01 22:56 [48;5;243m[32;1m[34;1m..[0m
-rw-------  1 hzhu007 csmajs  156 May 01 02:29 [48;5;243m.netrwhist[0m
drwx------  2 hzhu007 csmajs 4096 May 01 22:06 [32;1m[34;1mview[0m

../.vim/view:
do_ypcall: clnt_call: RPC: Unable to send; errno = Operation not permitted
total 60
drwx------ 2 hzhu007 csmajs 4096 May 01 22:06 [48;5;243m[32;1m[34;1m.[0m
drwx------ 3 hzhu007 csmajs 4096 May 01 02:29 [48;5;243m[32;1m[34;1m..[0m
-rw------- 1 hzhu007 csmajs 2390 May 01 15:56 src.=+m=[0m
-rw------- 1 hzhu007 csmajs 2397 May 01 03:46 ~=+.bashrc=[0m
-rw------- 1 hzhu007 csmajs 2390 May 01 02:50 ~=+.bashrm=[0m
-rw------- 1 hzhu007 csmajs 3448 May 01 01:34 ~=+.vimrc=[0m
-rw------- 1 hzhu007 csmajs 2390 May 01 01:29 ~=+.vimrm=[0m
-rw------- 1 hzhu007 csmajs 2767 May 01 02:29 ~=+=[0m
-rw------- 1 hzhu007 csmajs 2403 May 01 21:52 ~=+rshell=+Makefile=[0m
-rw------- 1 hzhu007 csmajs 2428 May 01 15:40 ~=+rshell=+README.md=[0m
-rw------- 1 hzhu007 csmajs 2764 Apr 30 20:04 ~=+rshell=+src=[0m
-rw------- 1 hzhu007 csmajs 2394 May 01 01:27 ~=+rshell=+src=+.bashrc=[0m
-rw------- 1 hzhu007 csmajs 2429 May 01 21:38 ~=+rshell=+src=+ls.cpp=[0m
-rw------- 1 hzhu007 csmajs 2422 May 01 15:56 ~=+rshell=+src=+main.cpp=[0m
-rw------- 1 hzhu007 csmajs 2395 May 01 22:56 ~=+rshell=+tests=+ls.script=[0m
~/rshell
hzhu007@hammer $ bin/ls ../.vim  -l -R -a
../.vim:
total 16
drwx------  3 hzhu007 csmajs 4096 May 01 02:29 [48;5;243m[32;1m[34;1m.[0m
drwx------ 13 hzhu007 csmajs 4096 May 01 22:56 [48;5;243m[32;1m[34;1m..[0m
-rw-------  1 hzhu007 csmajs  156 May 01 02:29 [48;5;243m.netrwhist[0m
drwx------  2 hzhu007 csmajs 4096 May 01 22:06 [32;1m[34;1mview[0m

../.vim/view:
total 60
drwx------ 2 hzhu007 csmajs 4096 May 01 22:06 [48;5;243m[32;1m[34;1m.[0m
drwx------ 3 hzhu007 csmajs 4096 May 01 02:29 [48;5;243m[32;1m[34;1m..[0m
-rw------- 1 hzhu007 csmajs 2390 May 01 15:56 src.=+m=[0m
-rw------- 1 hzhu007 csmajs 2397 May 01 03:46 ~=+.bashrc=[0m
-rw------- 1 hzhu007 csmajs 2390 May 01 02:50 ~=+.bashrm=[0m
-rw------- 1 hzhu007 csmajs 3448 May 01 01:34 ~=+.vimrc=[0m
-rw------- 1 hzhu007 csmajs 2390 May 01 01:29 ~=+.vimrm=[0m
-rw------- 1 hzhu007 csmajs 2767 May 01 02:29 ~=+=[0m
-rw------- 1 hzhu007 csmajs 2403 May 01 21:52 ~=+rshell=+Makefile=[0m
-rw------- 1 hzhu007 csmajs 2428 May 01 15:40 ~=+rshell=+README.md=[0m
-rw------- 1 hzhu007 csmajs 2764 Apr 30 20:04 ~=+rshell=+src=[0m
-rw------- 1 hzhu007 csmajs 2394 May 01 01:27 ~=+rshell=+src=+.bashrc=[0m
-rw------- 1 hzhu007 csmajs 2429 May 01 21:38 ~=+rshell=+src=+ls.cpp=[0m
-rw------- 1 hzhu007 csmajs 2422 May 01 15:56 ~=+rshell=+src=+main.cpp=[0m
-rw------- 1 hzhu007 csmajs 2395 May 01 22:56 ~=+rshell=+tests=+ls.script=[0m
~/rshell
hzhu007@hammer $ bin/ls ../ucr-cs100/textbook -aR -l
../ucr-cs100/textbook:
total 28
drwx------  7 hzhu007 csmajs 4096 Apr 22 14:02 [48;5;243m[32;1m[34;1m.[0m
drwx------  9 hzhu007 csmajs 4096 Apr 22 14:02 [48;5;243m[32;1m[34;1m..[0m
drwx------  9 hzhu007 csmajs 4096 Apr 22 14:02 [32;1m[34;1massignment-help[0m
drwx------  5 hzhu007 csmajs 4096 Apr 22 14:02 [32;1m[34;1mbestpractices[0m
drwx------ 10 hzhu007 csmajs 4096 Apr 22 14:02 [32;1m[34;1mC++[0m
drwx------  3 hzhu007 csmajs 4096 Apr 22 14:02 [32;1m[34;1mcasestudies[0m
drwx------  9 hzhu007 csmajs 4096 Apr 22 14:02 [32;1m[34;1mtools[0m

../ucr-cs100/textbook/assignment-help:
do_ypcall: clnt_call: RPC: Unable to send; errno = Operation not permitted
total 36
drwx------ 9 hzhu007 csmajs 4096 Apr 22 14:02 [48;5;243m[32;1m[34;1m.[0m
drwx------ 7 hzhu007 csmajs 4096 Apr 22 14:02 [48;5;243m[32;1m[34;1m..[0m
drwx------ 2 hzhu007 csmajs 4096 Apr 22 14:02 [32;1m[34;1mbitwise-ops[0m
drwx------ 3 hzhu007 csmajs 4096 Apr 22 14:02 [32;1m[34;1mBoostTokenizer[0m
drwx------ 2 hzhu007 csmajs 4096 Apr 22 14:02 [32;1m[34;1mmacros[0m
drwx------ 2 hzhu007 csmajs 4096 Apr 22 14:02 [32;1m[34;1moutput-formatting-in-c++[0m
drwx------ 2 hzhu007 csmajs 4096 Apr 22 14:02 [32;1m[34;1msort[0m
drwx------ 2 hzhu007 csmajs 4096 Apr 22 14:02 [32;1m[34;1mstrtok[0m
drwx------ 2 hzhu007 csmajs 4096 Apr 22 14:02 [32;1m[34;1msyscalls[0m

../ucr-cs100/textbook/assignment-help/bitwise-ops:
total 28
drwx------ 2 hzhu007 csmajs  4096 Apr 22 14:02 [48;5;243m[32;1m[34;1m.[0m
drwx------ 9 hzhu007 csmajs  4096 Apr 22 14:02 [48;5;243m[32;1m[34;1m..[0m
-rw------- 1 hzhu007 csmajs 17699 Apr 22 14:02 README.md[0m

../ucr-cs100/textbook/assignment-help/BoostTokenizer:
total 24
drwx------ 3 hzhu007 csmajs  4096 Apr 22 14:02 [48;5;243m[32;1m[34;1m.[0m
drwx------ 9 hzhu007 csmajs  4096 Apr 22 14:02 [48;5;243m[32;1m[34;1m..[0m
-rw------- 1 hzhu007 csmajs 11278 Apr 22 14:02 README.md[0m
drwx------ 2 hzhu007 csmajs  4096 Apr 22 14:02 [32;1m[34;1msrc[0m

../ucr-cs100/textbook/assignment-help/BoostTokenizer/src:
total 28
drwx------ 2 hzhu007 csmajs 4096 Apr 22 14:02 [48;5;243m[32;1m[34;1m.[0m
drwx------ 3 hzhu007 csmajs 4096 Apr 22 14:02 [48;5;243m[32;1m[34;1m..[0m
-rw------- 1 hzhu007 csmajs  311 Apr 22 14:02 ex_1.cpp[0m
-rw------- 1 hzhu007 csmajs  502 Apr 22 14:02 ex_2.cpp[0m
-rw------- 1 hzhu007 csmajs  467 Apr 22 14:02 ex_3.cpp[0m
-rw------- 1 hzhu007 csmajs  550 Apr 22 14:02 ex_4.cpp[0m
-rw------- 1 hzhu007 csmajs  575 Apr 22 14:02 ex_5.cpp[0m

../ucr-cs100/textbook/assignment-help/macros:
total 20
drwx------ 2 hzhu007 csmajs 4096 Apr 22 14:02 [48;5;243m[32;1m[34;1m.[0m
drwx------ 9 hzhu007 csmajs 4096 Apr 22 14:02 [48;5;243m[32;1m[34;1m..[0m
-rw------- 1 hzhu007 csmajs 8910 Apr 22 14:02 README.md[0m

../ucr-cs100/textbook/assignment-help/output-formatting-in-c++:
total 24
drwx------ 2 hzhu007 csmajs 4096 Apr 22 14:02 [48;5;243m[32;1m[34;1m.[0m
drwx------ 9 hzhu007 csmajs 4096 Apr 22 14:02 [48;5;243m[32;1m[34;1m..[0m
-rw------- 1 hzhu007 csmajs 1845 Apr 22 14:02 ANSIfontUtils.h[0m
-rw------- 1 hzhu007 csmajs 8305 Apr 22 14:02 README.md[0m

../ucr-cs100/textbook/assignment-help/sort:
do_ypcall: clnt_call: RPC: Unable to send; errno = Operation not permitted
total 60
drwx------ 2 hzhu007 csmajs  4096 Apr 22 14:02 [48;5;243m[32;1m[34;1m.[0m
drwx------ 9 hzhu007 csmajs  4096 Apr 22 14:02 [48;5;243m[32;1m[34;1m..[0m
-rw------- 1 hzhu007 csmajs   919 Apr 22 14:02 10th_example.cpp[0m
-rw------- 1 hzhu007 csmajs   490 Apr 22 14:02 1st_example.cpp[0m
-rw------- 1 hzhu007 csmajs   373 Apr 22 14:02 2nd_example.cpp[0m
-rw------- 1 hzhu007 csmajs   395 Apr 22 14:02 3rd_example.cpp[0m
-rw------- 1 hzhu007 csmajs   447 Apr 22 14:02 4th_example.cpp[0m
-rw------- 1 hzhu007 csmajs   610 Apr 22 14:02 5th_example.cpp[0m
-rw------- 1 hzhu007 csmajs   677 Apr 22 14:02 6th_example.cpp[0m
-rw------- 1 hzhu007 csmajs   818 Apr 22 14:02 7th_example.cpp[0m
-rw------- 1 hzhu007 csmajs   246 Apr 22 14:02 8th_example.cpp[0m
-rw------- 1 hzhu007 csmajs   604 Apr 22 14:02 9th_example.cpp[0m
-rw------- 1 hzhu007 csmajs 10352 Apr 22 14:02 README.md[0m

../ucr-cs100/textbook/assignment-help/strtok:
do_ypcall: clnt_call: RPC: Unable to send; errno = Operation not permitted
total 32
drwx------ 2 hzhu007 csmajs  4096 Apr 22 14:02 [48;5;243m[32;1m[34;1m.[0m
drwx------ 9 hzhu007 csmajs  4096 Apr 22 14:02 [48;5;243m[32;1m[34;1m..[0m
-rw------- 1 hzhu007 csmajs 23438 Apr 22 14:02 README.md[0m

../ucr-cs100/textbook/assignment-help/syscalls:
total 80
drwx------ 2 hzhu007 csmajs  4096 Apr 22 14:02 [48;5;243m[32;1m[34;1m.[0m
drwx------ 9 hzhu007 csmajs  4096 Apr 22 14:02 [48;5;243m[32;1m[34;1m..[0m
-rw------- 1 hzhu007 csmajs  2544 Apr 22 14:02 dir.md[0m
-rw------- 1 hzhu007 csmajs   991 Apr 22 14:02 dir_code.cpp[0m
-rw------- 1 hzhu007 csmajs 13267 Apr 22 14:02 exec.md[0m
-rw------- 1 hzhu007 csmajs  4600 Apr 22 14:02 fd.md[0m
-rw------- 1 hzhu007 csmajs  1221 Apr 22 14:02 fd_code.cpp[0m
-rw------- 1 hzhu007 csmajs    29 Apr 22 14:02 fileold[0m
-rw------- 1 hzhu007 csmajs  3780 Apr 22 14:02 getinfo.md[0m
-rw------- 1 hzhu007 csmajs  8366 Apr 22 14:02 io.md[0m
-rw------- 1 hzhu007 csmajs   254 Apr 22 14:02 Makefile[0m
-rw------- 1 hzhu007 csmajs  6719 Apr 22 14:02 README.md[0m
-rw------- 1 hzhu007 csmajs  4434 Apr 22 14:02 stat.md[0m

../ucr-cs100/textbook/bestpractices:
total 20
drwx------ 5 hzhu007 csmajs 4096 Apr 22 14:02 [48;5;243m[32;1m[34;1m.[0m
drwx------ 7 hzhu007 csmajs 4096 Apr 22 14:02 [48;5;243m[32;1m[34;1m..[0m
drwx------ 4 hzhu007 csmajs 4096 Apr 22 14:02 [32;1m[34;1mTestDrivenDevelopment[0m
drwx------ 2 hzhu007 csmajs 4096 Apr 22 14:02 [32;1m[34;1mWritingGoodTestCases[0m
drwx------ 2 hzhu007 csmajs 4096 Apr 22 14:02 [32;1m[34;1mWritingREADMEs[0m

../ucr-cs100/textbook/bestpractices/TestDrivenDevelopment:
total 28
drwx------ 4 hzhu007 csmajs 4096 Apr 22 14:02 [48;5;243m[32;1m[34;1m.[0m
drwx------ 5 hzhu007 csmajs 4096 Apr 22 14:02 [48;5;243m[32;1m[34;1m..[0m
-rw------- 1 hzhu007 csmajs 8473 Apr 22 14:02 README.md[0m
drwx------ 2 hzhu007 csmajs 4096 Apr 22 14:02 [32;1m[34;1msrc[0m
drwx------ 2 hzhu007 csmajs 4096 Apr 22 14:02 [32;1m[34;1mtests[0m

../ucr-cs100/textbook/bestpractices/TestDrivenDevelopment/src:
total 12
drwx------ 2 hzhu007 csmajs 4096 Apr 22 14:02 [48;5;243m[32;1m[34;1m.[0m
drwx------ 4 hzhu007 csmajs 4096 Apr 22 14:02 [48;5;243m[32;1m[34;1m..[0m
-rw------- 1 hzhu007 csmajs  274 Apr 22 14:02 string_tok.cpp[0m

../ucr-cs100/textbook/bestpractices/TestDrivenDevelopment/tests:
total 16
drwx------ 2 hzhu007 csmajs 4096 Apr 22 14:02 [48;5;243m[32;1m[34;1m.[0m
drwx------ 4 hzhu007 csmajs 4096 Apr 22 14:02 [48;5;243m[32;1m[34;1m..[0m
-rw------- 1 hzhu007 csmajs  556 Apr 22 14:02 test_project_euler.cpp[0m
-rw------- 1 hzhu007 csmajs  776 Apr 22 14:02 test_string_tok.cpp[0m

../ucr-cs100/textbook/bestpractices/WritingGoodTestCases:
total 84
drwx------ 2 hzhu007 csmajs  4096 Apr 22 14:02 [48;5;243m[32;1m[34;1m.[0m
drwx------ 5 hzhu007 csmajs  4096 Apr 22 14:02 [48;5;243m[32;1m[34;1m..[0m
-rw------- 1 hzhu007 csmajs 48261 Apr 22 14:02 hw0-example.ods[0m
-rw------- 1 hzhu007 csmajs  9906 Apr 22 14:02 README.md[0m
-rw------- 1 hzhu007 csmajs 16148 Apr 22 14:02 template.ods[0m

../ucr-cs100/textbook/bestpractices/WritingREADMEs:
total 24
drwx------ 2 hzhu007 csmajs 4096 Apr 22 14:02 [48;5;243m[32;1m[34;1m.[0m
drwx------ 5 hzhu007 csmajs 4096 Apr 22 14:02 [48;5;243m[32;1m[34;1m..[0m
-rw------- 1 hzhu007 csmajs 4571 Apr 22 14:02 Markdown.md[0m
-rw------- 1 hzhu007 csmajs 5480 Apr 22 14:02 README.md[0m

../ucr-cs100/textbook/C++:
total 40
drwx------ 10 hzhu007 csmajs 4096 Apr 22 14:02 [48;5;243m[32;1m[34;1m.[0m
drwx------  7 hzhu007 csmajs 4096 Apr 22 14:02 [48;5;243m[32;1m[34;1m..[0m
drwx------  2 hzhu007 csmajs 4096 Apr 22 14:02 [32;1m[34;1mboost[0m
drwx------  2 hzhu007 csmajs 4096 Apr 22 14:02 [32;1m[34;1mC++11features[0m
drwx------  2 hzhu007 csmajs 4096 Apr 22 14:02 [32;1m[34;1mC++14Standards[0m
drwx------  6 hzhu007 csmajs 4096 Apr 22 14:02 [32;1m[34;1mDataStructures[0m
drwx------  2 hzhu007 csmajs 4096 Apr 22 14:02 [32;1m[34;1mpseudocode[0m
drwx------  2 hzhu007 csmajs 4096 Apr 22 14:02 [32;1m[34;1mstl-map[0m
drwx------  2 hzhu007 csmajs 4096 Apr 22 14:02 [32;1m[34;1mtemplates[0m
drwx------  2 hzhu007 csmajs 4096 Apr 22 14:02 [32;1m[34;1mtime[0m

../ucr-cs100/textbook/C++/boost:
total 28
drwx------  2 hzhu007 csmajs 4096 Apr 22 14:02 [48;5;243m[32;1m[34;1m.[0m
drwx------ 10 hzhu007 csmajs 4096 Apr 22 14:02 [48;5;243m[32;1m[34;1m..[0m
-rw-------  1 hzhu007 csmajs 8048 Apr 22 14:02 containers-and-tribools.md[0m
-rw-------  1 hzhu007 csmajs 9724 Apr 22 14:02 smartpointers.md[0m

../ucr-cs100/textbook/C++/C++11features:
total 24
drwx------  2 hzhu007 csmajs  4096 Apr 22 14:02 [48;5;243m[32;1m[34;1m.[0m
drwx------ 10 hzhu007 csmajs  4096 Apr 22 14:02 [48;5;243m[32;1m[34;1m..[0m
-rw-------  1 hzhu007 csmajs 13131 Apr 22 14:02 README.md[0m

../ucr-cs100/textbook/C++/C++14Standards:
do_ypcall: clnt_call: RPC: Unable to send; errno = Operation not permitted
total 28
drwx------  2 hzhu007 csmajs 4096 Apr 22 14:02 [48;5;243m[32;1m[34;1m.[0m
drwx------ 10 hzhu007 csmajs 4096 Apr 22 14:02 [48;5;243m[32;1m[34;1m..[0m
-rw-------  1 hzhu007 csmajs 7573 Apr 22 14:02 README.md[0m
-rw-------  1 hzhu007 csmajs 2017 Apr 22 14:02 returntypedeductionexample.cpp[0m
-rw-------  1 hzhu007 csmajs 1148 Apr 22 14:02 tupleaddressingexample.cpp[0m
-rw-------  1 hzhu007 csmajs 1498 Apr 22 14:02 variabletemplatesexample.cpp[0m

../ucr-cs100/textbook/C++/DataStructures:
do_ypcall: clnt_call: RPC: Unable to send; errno = Operation not permitted
total 36
drwx------  6 hzhu007 csmajs 4096 Apr 22 14:02 [48;5;243m[32;1m[34;1m.[0m
drwx------ 10 hzhu007 csmajs 4096 Apr 22 14:02 [48;5;243m[32;1m[34;1m..[0m
drwx------  2 hzhu007 csmajs 4096 Apr 22 14:02 [32;1m[34;1mlist[0m
drwx------  2 hzhu007 csmajs 4096 Apr 22 14:02 [32;1m[34;1mmap[0m
drwx------  2 hzhu007 csmajs 4096 Apr 22 14:02 [32;1m[34;1mqueue[0m
-rw-------  1 hzhu007 csmajs 9743 Apr 22 14:02 README.md[0m
drwx------  2 hzhu007 csmajs 4096 Apr 22 14:02 [32;1m[34;1mstack[0m

../ucr-cs100/textbook/C++/DataStructures/list:
total 12
drwx------ 2 hzhu007 csmajs 4096 Apr 22 14:02 [48;5;243m[32;1m[34;1m.[0m
drwx------ 6 hzhu007 csmajs 4096 Apr 22 14:02 [48;5;243m[32;1m[34;1m..[0m
-rw------- 1 hzhu007 csmajs  362 Apr 22 14:02 list.cpp[0m

../ucr-cs100/textbook/C++/DataStructures/map:
total 20
drwx------ 2 hzhu007 csmajs 4096 Apr 22 14:02 [48;5;243m[32;1m[34;1m.[0m
drwx------ 6 hzhu007 csmajs 4096 Apr 22 14:02 [48;5;243m[32;1m[34;1m..[0m
-rw------- 1 hzhu007 csmajs 2192 Apr 22 14:02 map.cpp[0m
-rw------- 1 hzhu007 csmajs 2007 Apr 22 14:02 map2.cpp[0m
-rw------- 1 hzhu007 csmajs  180 Apr 22 14:02 winners[0m

../ucr-cs100/textbook/C++/DataStructures/queue:
total 12
drwx------ 2 hzhu007 csmajs 4096 Apr 22 14:02 [48;5;243m[32;1m[34;1m.[0m
drwx------ 6 hzhu007 csmajs 4096 Apr 22 14:02 [48;5;243m[32;1m[34;1m..[0m
-rw------- 1 hzhu007 csmajs  348 Apr 22 14:02 queue.cpp[0m

../ucr-cs100/textbook/C++/DataStructures/stack:
total 12
drwx------ 2 hzhu007 csmajs 4096 Apr 22 14:02 [48;5;243m[32;1m[34;1m.[0m
drwx------ 6 hzhu007 csmajs 4096 Apr 22 14:02 [48;5;243m[32;1m[34;1m..[0m
-rw------- 1 hzhu007 csmajs  452 Apr 22 14:02 stack.cpp[0m

../ucr-cs100/textbook/C++/pseudocode:
total 32
drwx------  2 hzhu007 csmajs  4096 Apr 22 14:02 [48;5;243m[32;1m[34;1m.[0m
drwx------ 10 hzhu007 csmajs  4096 Apr 22 14:02 [48;5;243m[32;1m[34;1m..[0m
-rw-------  1 hzhu007 csmajs   279 Apr 22 14:02 Makefile[0m
-rw-------  1 hzhu007 csmajs 12209 Apr 22 14:02 README.md[0m
-rw-------  1 hzhu007 csmajs  5016 Apr 22 14:02 simple_model.cxx[0m

../ucr-cs100/textbook/C++/stl-map:
do_ypcall: clnt_call: RPC: Unable to send; errno = Operation not permitted
do_ypcall: clnt_call: RPC: Unable to send; errno = Operation not permitted
total 24
drwx------  2 hzhu007 csmajs 4096 Apr 22 14:02 [48;5;243m[32;1m[34;1m.[0m
drwx------ 10 hzhu007 csmajs 4096 Apr 22 14:02 [48;5;243m[32;1m[34;1m..[0m
-rw-------  1 hzhu007 csmajs 1184 Apr 22 14:02 ls_map.cpp[0m
-rw-------  1 hzhu007 csmajs 1081 Apr 22 14:02 month_map.cpp[0m
-rw-------  1 hzhu007 csmajs 4001 Apr 22 14:02 README.md[0m
-rw-------  1 hzhu007 csmajs 1173 Apr 22 14:02 UScoins.cpp[0m

../ucr-cs100/textbook/C++/templates:
total 28
drwx------  2 hzhu007 csmajs  4096 Apr 22 14:02 [48;5;243m[32;1m[34;1m.[0m
drwx------ 10 hzhu007 csmajs  4096 Apr 22 14:02 [48;5;243m[32;1m[34;1m..[0m
-rw-------  1 hzhu007 csmajs 17260 Apr 22 14:02 README.md[0m

../ucr-cs100/textbook/C++/time:
total 20
drwx------  2 hzhu007 csmajs 4096 Apr 22 14:02 [48;5;243m[32;1m[34;1m.[0m
drwx------ 10 hzhu007 csmajs 4096 Apr 22 14:02 [48;5;243m[32;1m[34;1m..[0m
-rw-------  1 hzhu007 csmajs 2354 Apr 22 14:02 time_example.cpp[0m
-rw-------  1 hzhu007 csmajs 7881 Apr 22 14:02 time_tutorial.md[0m

../ucr-cs100/textbook/casestudies:
total 12
drwx------ 3 hzhu007 csmajs 4096 Apr 22 14:02 [48;5;243m[32;1m[34;1m.[0m
drwx------ 7 hzhu007 csmajs 4096 Apr 22 14:02 [48;5;243m[32;1m[34;1m..[0m
drwx------ 2 hzhu007 csmajs 4096 Apr 22 14:02 [32;1m[34;1mioccc-hamano[0m

../ucr-cs100/textbook/casestudies/ioccc-hamano:
do_ypcall: clnt_call: RPC: Unable to send; errno = Operation not permitted
total 72
drwx------ 2 hzhu007 csmajs  4096 Apr 22 14:02 [48;5;243m[32;1m[34;1m.[0m
drwx------ 3 hzhu007 csmajs  4096 Apr 22 14:02 [48;5;243m[32;1m[34;1m..[0m
-rw------- 1 hzhu007 csmajs  5339 Apr 22 14:02 myhamano.c[0m
-rw------- 1 hzhu007 csmajs 12760 Apr 22 14:02 output.pdf[0m
-rw------- 1 hzhu007 csmajs 12941 Apr 22 14:02 outputORIG.pdf[0m
-rw------- 1 hzhu007 csmajs 20722 Apr 22 14:02 README.md[0m

../ucr-cs100/textbook/tools:
do_ypcall: clnt_call: RPC: Unable to send; errno = Operation not permitted
total 36
drwx------  9 hzhu007 csmajs 4096 Apr 22 14:02 [48;5;243m[32;1m[34;1m.[0m
drwx------  7 hzhu007 csmajs 4096 Apr 22 14:02 [48;5;243m[32;1m[34;1m..[0m
drwx------ 10 hzhu007 csmajs 4096 Apr 22 14:02 [32;1m[34;1mbash[0m
drwx------  2 hzhu007 csmajs 4096 Apr 22 14:02 [32;1m[34;1mcppcheck[0m
drwx------  5 hzhu007 csmajs 4096 Apr 22 14:02 [32;1m[34;1mgdb[0m
drwx------  5 hzhu007 csmajs 4096 Apr 22 14:02 [32;1m[34;1mgit[0m
drwx------  8 hzhu007 csmajs 4096 Apr 22 14:02 [32;1m[34;1mmake[0m
drwx------  2 hzhu007 csmajs 4096 Apr 22 14:02 [32;1m[34;1mvalgrind[0m
drwx------  3 hzhu007 csmajs 4096 Apr 22 14:02 [32;1m[34;1mxmonad[0m

../ucr-cs100/textbook/tools/bash:
total 40
drwx------ 10 hzhu007 csmajs 4096 Apr 22 14:02 [48;5;243m[32;1m[34;1m.[0m
drwx------  9 hzhu007 csmajs 4096 Apr 22 14:02 [48;5;243m[32;1m[34;1m..[0m
drwx------  2 hzhu007 csmajs 4096 Apr 22 14:02 [32;1m[34;1mbashrc[0m
drwx------  3 hzhu007 csmajs 4096 Apr 22 14:02 [32;1m[34;1mfile-permission[0m
drwx------  2 hzhu007 csmajs 4096 Apr 22 14:02 [32;1m[34;1mnctutorial[0m
drwx------  2 hzhu007 csmajs 4096 Apr 22 14:02 [32;1m[34;1mregex[0m
drwx------  2 hzhu007 csmajs 4096 Apr 22 14:02 [32;1m[34;1msed[0m
drwx------  2 hzhu007 csmajs 4096 Apr 22 14:02 [32;1m[34;1mshell-scripts[0m
drwx------  2 hzhu007 csmajs 4096 Apr 22 14:02 [32;1m[34;1mshell-tricks[0m
drwx------  2 hzhu007 csmajs 4096 Apr 22 14:02 [32;1m[34;1mstrace[0m

../ucr-cs100/textbook/tools/bash/bashrc:
total 28
drwx------  2 hzhu007 csmajs  4096 Apr 22 14:02 [48;5;243m[32;1m[34;1m.[0m
drwx------ 10 hzhu007 csmajs  4096 Apr 22 14:02 [48;5;243m[32;1m[34;1m..[0m
-rw-------  1 hzhu007 csmajs  3952 Apr 22 14:02 [48;5;243m.bashrc[0m
-rw-------  1 hzhu007 csmajs 12908 Apr 22 14:02 README.md[0m

../ucr-cs100/textbook/tools/bash/file-permission:
total 24
drwx------  3 hzhu007 csmajs 4096 Apr 22 14:02 [48;5;243m[32;1m[34;1m.[0m
drwx------ 10 hzhu007 csmajs 4096 Apr 22 14:02 [48;5;243m[32;1m[34;1m..[0m
drwx------  2 hzhu007 csmajs 4096 Apr 22 14:02 [32;1m[34;1mimage[0m
-rw-------  1 hzhu007 csmajs 8404 Apr 22 14:02 README.md[0m

../ucr-cs100/textbook/tools/bash/file-permission/image:
do_ypcall: clnt_call: RPC: Unable to send; errno = Operation not permitted
do_ypcall: clnt_call: RPC: Unable to send; errno = Operation not permitted
total 196
drwx------ 2 hzhu007 csmajs   4096 Apr 22 14:02 [48;5;243m[32;1m[34;1m.[0m
drwx------ 3 hzhu007 csmajs   4096 Apr 22 14:02 [48;5;243m[32;1m[34;1m..[0m
-rw------- 1 hzhu007 csmajs  19217 Apr 22 14:02 FS-layout.png[0m
-rw------- 1 hzhu007 csmajs   9157 Apr 22 14:02 permissions_diagram.gif[0m
-rw------- 1 hzhu007 csmajs  15810 Apr 22 14:02 Screenshot.png[0m
-rw------- 1 hzhu007 csmajs 135974 Apr 22 14:02 Screenshot1.png[0m

../ucr-cs100/textbook/tools/bash/nctutorial:
total 24
drwx------  2 hzhu007 csmajs  4096 Apr 22 14:02 [48;5;243m[32;1m[34;1m.[0m
drwx------ 10 hzhu007 csmajs  4096 Apr 22 14:02 [48;5;243m[32;1m[34;1m..[0m
-rw-------  1 hzhu007 csmajs 14382 Apr 22 14:02 README.md[0m

../ucr-cs100/textbook/tools/bash/regex:
do_ypcall: clnt_call: RPC: Unable to send; errno = Operation not permitted
total 20
drwx------  2 hzhu007 csmajs  4096 Apr 22 14:02 [48;5;243m[32;1m[34;1m.[0m
drwx------ 10 hzhu007 csmajs  4096 Apr 22 14:02 [48;5;243m[32;1m[34;1m..[0m
-rw-------  1 hzhu007 csmajs 11090 Apr 22 14:02 README.md[0m

../ucr-cs100/textbook/tools/bash/sed:
do_ypcall: clnt_call: RPC: Unable to send; errno = Operation not permitted
total 24
drwx------  2 hzhu007 csmajs  4096 Apr 22 14:02 [48;5;243m[32;1m[34;1m.[0m
drwx------ 10 hzhu007 csmajs  4096 Apr 22 14:02 [48;5;243m[32;1m[34;1m..[0m
-rw-------  1 hzhu007 csmajs 14748 Apr 22 14:02 README.md[0m

../ucr-cs100/textbook/tools/bash/shell-scripts:
total 20
drwx------  2 hzhu007 csmajs 4096 Apr 22 14:02 [48;5;243m[32;1m[34;1m.[0m
drwx------ 10 hzhu007 csmajs 4096 Apr 22 14:02 [48;5;243m[32;1m[34;1m..[0m
-rw-------  1 hzhu007 csmajs 8664 Apr 22 14:02 README.md[0m

../ucr-cs100/textbook/tools/bash/shell-tricks:
total 28
drwx------  2 hzhu007 csmajs  4096 Apr 22 14:02 [48;5;243m[32;1m[34;1m.[0m
drwx------ 10 hzhu007 csmajs  4096 Apr 22 14:02 [48;5;243m[32;1m[34;1m..[0m
-rw-------  1 hzhu007 csmajs 17058 Apr 22 14:02 README.md[0m

../ucr-cs100/textbook/tools/bash/strace:
do_ypcall: clnt_call: RPC: Unable to send; errno = Operation not permitted
total 36
drwx------  2 hzhu007 csmajs  4096 Apr 22 14:02 [48;5;243m[32;1m[34;1m.[0m
drwx------ 10 hzhu007 csmajs  4096 Apr 22 14:02 [48;5;243m[32;1m[34;1m..[0m
-rw-------  1 hzhu007 csmajs   450 Apr 22 14:02 example1.cpp[0m
-rw-------  1 hzhu007 csmajs   394 Apr 22 14:02 main.cpp[0m
-rw-------  1 hzhu007 csmajs 19972 Apr 22 14:02 README.md[0m

../ucr-cs100/textbook/tools/cppcheck:
do_ypcall: clnt_call: RPC: Unable to send; errno = Operation not permitted
total 20
drwx------ 2 hzhu007 csmajs  4096 Apr 22 14:02 [48;5;243m[32;1m[34;1m.[0m
drwx------ 9 hzhu007 csmajs  4096 Apr 22 14:02 [48;5;243m[32;1m[34;1m..[0m
-rw------- 1 hzhu007 csmajs 12167 Apr 22 14:02 README.md[0m

../ucr-cs100/textbook/tools/gdb:
total 24
drwx------ 5 hzhu007 csmajs 4096 Apr 22 14:02 [48;5;243m[32;1m[34;1m.[0m
drwx------ 9 hzhu007 csmajs 4096 Apr 22 14:02 [48;5;243m[32;1m[34;1m..[0m
drwx------ 2 hzhu007 csmajs 4096 Apr 22 14:02 [32;1m[34;1mex1[0m
drwx------ 2 hzhu007 csmajs 4096 Apr 22 14:02 [32;1m[34;1mex2[0m
drwx------ 2 hzhu007 csmajs 4096 Apr 22 14:02 [32;1m[34;1mex3[0m
-rw------- 1 hzhu007 csmajs 2070 Apr 22 14:02 README.md[0m

../ucr-cs100/textbook/tools/gdb/ex1:
total 24
drwx------ 2 hzhu007 csmajs 4096 Apr 22 14:02 [48;5;243m[32;1m[34;1m.[0m
drwx------ 5 hzhu007 csmajs 4096 Apr 22 14:02 [48;5;243m[32;1m[34;1m..[0m
-rw------- 1 hzhu007 csmajs  253 Apr 22 14:02 ex1.cpp[0m
-rw------- 1 hzhu007 csmajs 9862 Apr 22 14:02 README.md[0m

../ucr-cs100/textbook/tools/gdb/ex2:
total 20
drwx------ 2 hzhu007 csmajs 4096 Apr 22 14:02 [48;5;243m[32;1m[34;1m.[0m
drwx------ 5 hzhu007 csmajs 4096 Apr 22 14:02 [48;5;243m[32;1m[34;1m..[0m
-rw------- 1 hzhu007 csmajs  303 Apr 22 14:02 ex2.cpp[0m
-rw------- 1 hzhu007 csmajs 6876 Apr 22 14:02 README.md[0m

../ucr-cs100/textbook/tools/gdb/ex3:
total 16
drwx------ 2 hzhu007 csmajs 4096 Apr 22 14:02 [48;5;243m[32;1m[34;1m.[0m
drwx------ 5 hzhu007 csmajs 4096 Apr 22 14:02 [48;5;243m[32;1m[34;1m..[0m
-rw------- 1 hzhu007 csmajs  230 Apr 22 14:02 ex3.cpp[0m
-rw------- 1 hzhu007 csmajs 1262 Apr 22 14:02 README.md[0m

../ucr-cs100/textbook/tools/git:
total 20
drwx------ 5 hzhu007 csmajs 4096 Apr 22 14:02 [48;5;243m[32;1m[34;1m.[0m
drwx------ 9 hzhu007 csmajs 4096 Apr 22 14:02 [48;5;243m[32;1m[34;1m..[0m
drwx------ 3 hzhu007 csmajs 4096 Apr 22 14:02 [32;1m[34;1madvanced-git-commands[0m
drwx------ 2 hzhu007 csmajs 4096 Apr 22 14:02 [32;1m[34;1mhandling-large-files-in-your-repo[0m
drwx------ 2 hzhu007 csmajs 4096 Apr 22 14:02 [32;1m[34;1mmanagaing-your-forked-repo[0m

../ucr-cs100/textbook/tools/git/advanced-git-commands:
total 40
drwx------ 3 hzhu007 csmajs  4096 Apr 22 14:02 [48;5;243m[32;1m[34;1m.[0m
drwx------ 5 hzhu007 csmajs  4096 Apr 22 14:02 [48;5;243m[32;1m[34;1m..[0m
drwx------ 2 hzhu007 csmajs  4096 Apr 22 14:02 [32;1m[34;1mimage[0m
-rw------- 1 hzhu007 csmajs  4420 Apr 22 14:02 Patch.md[0m
-rw------- 1 hzhu007 csmajs 13139 Apr 22 14:02 Rebase.md[0m
-rw------- 1 hzhu007 csmajs  2551 Apr 22 14:02 Stash.md[0m

../ucr-cs100/textbook/tools/git/advanced-git-commands/image:
total 176
drwx------ 2 hzhu007 csmajs  4096 Apr 22 14:02 [48;5;243m[32;1m[34;1m.[0m
drwx------ 3 hzhu007 csmajs  4096 Apr 22 14:02 [48;5;243m[32;1m[34;1m..[0m
-rw------- 1 hzhu007 csmajs  7986 Apr 22 14:02 commit1.png[0m
-rw------- 1 hzhu007 csmajs  5227 Apr 22 14:02 commit2.png[0m
-rw------- 1 hzhu007 csmajs  9191 Apr 22 14:02 commit3conflict.png[0m
-rw------- 1 hzhu007 csmajs  8195 Apr 22 14:02 commit4rebase.png[0m
-rw------- 1 hzhu007 csmajs  8196 Apr 22 14:02 commit4rebaseonto.png[0m
-rw------- 1 hzhu007 csmajs 11797 Apr 22 14:02 rebase1.png[0m
-rw------- 1 hzhu007 csmajs 29198 Apr 22 14:02 rebase2.png[0m
-rw------- 1 hzhu007 csmajs 33950 Apr 22 14:02 rebase3.png[0m
-rw------- 1 hzhu007 csmajs 33896 Apr 22 14:02 rebase4.png[0m

../ucr-cs100/textbook/tools/git/handling-large-files-in-your-repo:
total 12
drwx------ 2 hzhu007 csmajs 4096 Apr 22 14:02 [48;5;243m[32;1m[34;1m.[0m
drwx------ 5 hzhu007 csmajs 4096 Apr 22 14:02 [48;5;243m[32;1m[34;1m..[0m
-rw------- 1 hzhu007 csmajs 1670 Apr 22 14:02 README.md[0m

../ucr-cs100/textbook/tools/git/managaing-your-forked-repo:
total 20
drwx------ 2 hzhu007 csmajs 4096 Apr 22 14:02 [48;5;243m[32;1m[34;1m.[0m
drwx------ 5 hzhu007 csmajs 4096 Apr 22 14:02 [48;5;243m[32;1m[34;1m..[0m
-rw------- 1 hzhu007 csmajs 8831 Apr 22 14:02 README.md[0m

../ucr-cs100/textbook/tools/make:
total 44
drwx------ 8 hzhu007 csmajs 4096 Apr 22 14:02 [48;5;243m[32;1m[34;1m.[0m
drwx------ 9 hzhu007 csmajs 4096 Apr 22 14:02 [48;5;243m[32;1m[34;1m..[0m
drwx------ 3 hzhu007 csmajs 4096 Apr 22 14:02 [32;1m[34;1mcs100HW4[0m
drwx------ 2 hzhu007 csmajs 4096 Apr 22 14:02 [32;1m[34;1mexample1[0m
drwx------ 2 hzhu007 csmajs 4096 Apr 22 14:02 [32;1m[34;1mexample2[0m
drwx------ 2 hzhu007 csmajs 4096 Apr 22 14:02 [32;1m[34;1mexample3[0m
drwx------ 2 hzhu007 csmajs 4096 Apr 22 14:02 [32;1m[34;1mexample4[0m
drwx------ 3 hzhu007 csmajs 4096 Apr 22 14:02 [32;1m[34;1mexample5[0m
-rw------- 1 hzhu007 csmajs 8348 Apr 22 14:02 README.md[0m

../ucr-cs100/textbook/tools/make/cs100HW4:
total 28
drwx------ 3 hzhu007 csmajs 4096 Apr 22 14:02 [48;5;243m[32;1m[34;1m.[0m
drwx------ 8 hzhu007 csmajs 4096 Apr 22 14:02 [48;5;243m[32;1m[34;1m..[0m
-rw------- 1 hzhu007 csmajs  369 Apr 22 14:02 Makefile[0m
-rw------- 1 hzhu007 csmajs 9473 Apr 22 14:02 README.md[0m
drwx------ 2 hzhu007 csmajs 4096 Apr 22 14:02 [32;1m[34;1msrc[0m

../ucr-cs100/textbook/tools/make/cs100HW4/src:
total 16
drwx------ 2 hzhu007 csmajs 4096 Apr 22 14:02 [48;5;243m[32;1m[34;1m.[0m
drwx------ 3 hzhu007 csmajs 4096 Apr 22 14:02 [48;5;243m[32;1m[34;1m..[0m
-rw------- 1 hzhu007 csmajs   95 Apr 22 14:02 hello.cpp[0m
-rw------- 1 hzhu007 csmajs  316 Apr 22 14:02 iterator.cpp[0m

../ucr-cs100/textbook/tools/make/example1:
total 8
drwx------ 2 hzhu007 csmajs 4096 Apr 22 14:02 [48;5;243m[32;1m[34;1m.[0m
drwx------ 8 hzhu007 csmajs 4096 Apr 22 14:02 [48;5;243m[32;1m[34;1m..[0m
-rw------- 1 hzhu007 csmajs   60 Apr 22 14:02 hello.c[0m
-rw------- 1 hzhu007 csmajs   28 Apr 22 14:02 Makefile[0m

../ucr-cs100/textbook/tools/make/example2:
total 12
drwx------ 2 hzhu007 csmajs 4096 Apr 22 14:02 [48;5;243m[32;1m[34;1m.[0m
drwx------ 8 hzhu007 csmajs 4096 Apr 22 14:02 [48;5;243m[32;1m[34;1m..[0m
-rw------- 1 hzhu007 csmajs   53 Apr 22 14:02 file.c[0m
-rw------- 1 hzhu007 csmajs   12 Apr 22 14:02 file.h[0m
-rw------- 1 hzhu007 csmajs   42 Apr 22 14:02 main.c[0m
-rw------- 1 hzhu007 csmajs  163 Apr 22 14:02 Makefile[0m

../ucr-cs100/textbook/tools/make/example3:
do_ypcall: clnt_call: RPC: Unable to send; errno = Operation not permitted
total 12
drwx------ 2 hzhu007 csmajs 4096 Apr 22 14:02 [48;5;243m[32;1m[34;1m.[0m
drwx------ 8 hzhu007 csmajs 4096 Apr 22 14:02 [48;5;243m[32;1m[34;1m..[0m
-rw------- 1 hzhu007 csmajs   53 Apr 22 14:02 file.c[0m
-rw------- 1 hzhu007 csmajs   12 Apr 22 14:02 file.h[0m
-rw------- 1 hzhu007 csmajs   42 Apr 22 14:02 main.c[0m
-rw------- 1 hzhu007 csmajs  186 Apr 22 14:02 Makefile[0m

../ucr-cs100/textbook/tools/make/example4:
total 12
drwx------ 2 hzhu007 csmajs 4096 Apr 22 14:02 [48;5;243m[32;1m[34;1m.[0m
drwx------ 8 hzhu007 csmajs 4096 Apr 22 14:02 [48;5;243m[32;1m[34;1m..[0m
-rw------- 1 hzhu007 csmajs   53 Apr 22 14:02 file.c[0m
-rw------- 1 hzhu007 csmajs   12 Apr 22 14:02 file.h[0m
-rw------- 1 hzhu007 csmajs   42 Apr 22 14:02 main.c[0m
-rw------- 1 hzhu007 csmajs  177 Apr 22 14:02 Makefile[0m

../ucr-cs100/textbook/tools/make/example5:
total 16
drwx------ 3 hzhu007 csmajs 4096 Apr 22 14:02 [48;5;243m[32;1m[34;1m.[0m
drwx------ 8 hzhu007 csmajs 4096 Apr 22 14:02 [48;5;243m[32;1m[34;1m..[0m
-rw------- 1 hzhu007 csmajs  282 Apr 22 14:02 Makefile[0m
drwx------ 2 hzhu007 csmajs 4096 Apr 22 14:02 [32;1m[34;1msrc[0m

../ucr-cs100/textbook/tools/make/example5/src:
total 8
drwx------ 2 hzhu007 csmajs 4096 Apr 22 14:02 [48;5;243m[32;1m[34;1m.[0m
drwx------ 3 hzhu007 csmajs 4096 Apr 22 14:02 [48;5;243m[32;1m[34;1m..[0m
-rw------- 1 hzhu007 csmajs   53 Apr 22 14:02 file.c[0m
-rw------- 1 hzhu007 csmajs   12 Apr 22 14:02 file.h[0m
-rw------- 1 hzhu007 csmajs   42 Apr 22 14:02 main.c[0m

../ucr-cs100/textbook/tools/valgrind:
total 32
drwx------ 2 hzhu007 csmajs  4096 Apr 22 14:02 [48;5;243m[32;1m[34;1m.[0m
drwx------ 9 hzhu007 csmajs  4096 Apr 22 14:02 [48;5;243m[32;1m[34;1m..[0m
-rw------- 1 hzhu007 csmajs   122 Apr 22 14:02 example1.cpp[0m
-rw------- 1 hzhu007 csmajs   563 Apr 22 14:02 example2.cpp[0m
-rw------- 1 hzhu007 csmajs 14429 Apr 22 14:02 README.md[0m

../ucr-cs100/textbook/tools/xmonad:
total 20
drwx------ 3 hzhu007 csmajs 4096 Apr 22 14:02 [48;5;243m[32;1m[34;1m.[0m
drwx------ 9 hzhu007 csmajs 4096 Apr 22 14:02 [48;5;243m[32;1m[34;1m..[0m
drwx------ 2 hzhu007 csmajs 4096 Apr 22 14:02 [32;1m[34;1mimages[0m
-rw------- 1 hzhu007 csmajs 6157 Apr 22 14:02 README.md[0m

../ucr-cs100/textbook/tools/xmonad/images:
total 348
drwx------ 2 hzhu007 csmajs   4096 Apr 22 14:02 [48;5;243m[32;1m[34;1m.[0m
drwx------ 3 hzhu007 csmajs   4096 Apr 22 14:02 [48;5;243m[32;1m[34;1m..[0m
-rw------- 1 hzhu007 csmajs 130823 Apr 22 14:02 blanks.png[0m
-rw------- 1 hzhu007 csmajs  13147 Apr 22 14:02 dmenus.png[0m
-rw------- 1 hzhu007 csmajs  57956 Apr 22 14:02 login.png[0m
-rw------- 1 hzhu007 csmajs  11805 Apr 22 14:02 term2bss.png[0m
-rw------- 1 hzhu007 csmajs   7819 Apr 22 14:02 term2s.png[0m
-rw------- 1 hzhu007 csmajs  12064 Apr 22 14:02 term2ws.png[0m
-rw------- 1 hzhu007 csmajs  12733 Apr 22 14:02 term3s.png[0m
-rw------- 1 hzhu007 csmajs   7247 Apr 22 14:02 terms.png[0m
-rw------- 1 hzhu007 csmajs  72079 Apr 22 14:02 xmes.png[0m
~/rshell
hzhu007@hammer $ bin/ls ../ucr-cs100/textbook .git -aR ./src src/ -l bin -l -R -a ../ucr-cs100/people
../ucr-cs100/textbook:
total 28
drwx------  7 hzhu007 csmajs 4096 Apr 22 14:02 [48;5;243m[32;1m[34;1m.[0m
drwx------  9 hzhu007 csmajs 4096 Apr 22 14:02 [48;5;243m[32;1m[34;1m..[0m
drwx------  9 hzhu007 csmajs 4096 Apr 22 14:02 [32;1m[34;1massignment-help[0m
drwx------  5 hzhu007 csmajs 4096 Apr 22 14:02 [32;1m[34;1mbestpractices[0m
drwx------ 10 hzhu007 csmajs 4096 Apr 22 14:02 [32;1m[34;1mC++[0m
drwx------  3 hzhu007 csmajs 4096 Apr 22 14:02 [32;1m[34;1mcasestudies[0m
drwx------  9 hzhu007 csmajs 4096 Apr 22 14:02 [32;1m[34;1mtools[0m

../ucr-cs100/textbook/assignment-help:
do_ypcall: clnt_call: RPC: Unable to send; errno = Operation not permitted
total 36
drwx------ 9 hzhu007 csmajs 4096 Apr 22 14:02 [48;5;243m[32;1m[34;1m.[0m
drwx------ 7 hzhu007 csmajs 4096 Apr 22 14:02 [48;5;243m[32;1m[34;1m..[0m
drwx------ 2 hzhu007 csmajs 4096 Apr 22 14:02 [32;1m[34;1mbitwise-ops[0m
drwx------ 3 hzhu007 csmajs 4096 Apr 22 14:02 [32;1m[34;1mBoostTokenizer[0m
drwx------ 2 hzhu007 csmajs 4096 Apr 22 14:02 [32;1m[34;1mmacros[0m
drwx------ 2 hzhu007 csmajs 4096 Apr 22 14:02 [32;1m[34;1moutput-formatting-in-c++[0m
drwx------ 2 hzhu007 csmajs 4096 Apr 22 14:02 [32;1m[34;1msort[0m
drwx------ 2 hzhu007 csmajs 4096 Apr 22 14:02 [32;1m[34;1mstrtok[0m
drwx------ 2 hzhu007 csmajs 4096 Apr 22 14:02 [32;1m[34;1msyscalls[0m

../ucr-cs100/textbook/assignment-help/bitwise-ops:
total 28
drwx------ 2 hzhu007 csmajs  4096 Apr 22 14:02 [48;5;243m[32;1m[34;1m.[0m
drwx------ 9 hzhu007 csmajs  4096 Apr 22 14:02 [48;5;243m[32;1m[34;1m..[0m
-rw------- 1 hzhu007 csmajs 17699 Apr 22 14:02 README.md[0m

../ucr-cs100/textbook/assignment-help/BoostTokenizer:
total 24
drwx------ 3 hzhu007 csmajs  4096 Apr 22 14:02 [48;5;243m[32;1m[34;1m.[0m
drwx------ 9 hzhu007 csmajs  4096 Apr 22 14:02 [48;5;243m[32;1m[34;1m..[0m
-rw------- 1 hzhu007 csmajs 11278 Apr 22 14:02 README.md[0m
drwx------ 2 hzhu007 csmajs  4096 Apr 22 14:02 [32;1m[34;1msrc[0m

../ucr-cs100/textbook/assignment-help/BoostTokenizer/src:
total 28
drwx------ 2 hzhu007 csmajs 4096 Apr 22 14:02 [48;5;243m[32;1m[34;1m.[0m
drwx------ 3 hzhu007 csmajs 4096 Apr 22 14:02 [48;5;243m[32;1m[34;1m..[0m
-rw------- 1 hzhu007 csmajs  311 Apr 22 14:02 ex_1.cpp[0m
-rw------- 1 hzhu007 csmajs  502 Apr 22 14:02 ex_2.cpp[0m
-rw------- 1 hzhu007 csmajs  467 Apr 22 14:02 ex_3.cpp[0m
-rw------- 1 hzhu007 csmajs  550 Apr 22 14:02 ex_4.cpp[0m
-rw------- 1 hzhu007 csmajs  575 Apr 22 14:02 ex_5.cpp[0m

../ucr-cs100/textbook/assignment-help/macros:
total 20
drwx------ 2 hzhu007 csmajs 4096 Apr 22 14:02 [48;5;243m[32;1m[34;1m.[0m
drwx------ 9 hzhu007 csmajs 4096 Apr 22 14:02 [48;5;243m[32;1m[34;1m..[0m
-rw------- 1 hzhu007 csmajs 8910 Apr 22 14:02 README.md[0m

../ucr-cs100/textbook/assignment-help/output-formatting-in-c++:
do_ypcall: clnt_call: RPC: Unable to send; errno = Operation not permitted
do_ypcall: clnt_call: RPC: Unable to send; errno = Operation not permitted
total 24
drwx------ 2 hzhu007 csmajs 4096 Apr 22 14:02 [48;5;243m[32;1m[34;1m.[0m
drwx------ 9 hzhu007 csmajs 4096 Apr 22 14:02 [48;5;243m[32;1m[34;1m..[0m
-rw------- 1 hzhu007 csmajs 1845 Apr 22 14:02 ANSIfontUtils.h[0m
-rw------- 1 hzhu007 csmajs 8305 Apr 22 14:02 README.md[0m

../ucr-cs100/textbook/assignment-help/sort:
do_ypcall: clnt_call: RPC: Unable to send; errno = Operation not permitted
total 60
drwx------ 2 hzhu007 csmajs  4096 Apr 22 14:02 [48;5;243m[32;1m[34;1m.[0m
drwx------ 9 hzhu007 csmajs  4096 Apr 22 14:02 [48;5;243m[32;1m[34;1m..[0m
-rw------- 1 hzhu007 csmajs   919 Apr 22 14:02 10th_example.cpp[0m
-rw------- 1 hzhu007 csmajs   490 Apr 22 14:02 1st_example.cpp[0m
-rw------- 1 hzhu007 csmajs   373 Apr 22 14:02 2nd_example.cpp[0m
-rw------- 1 hzhu007 csmajs   395 Apr 22 14:02 3rd_example.cpp[0m
-rw------- 1 hzhu007 csmajs   447 Apr 22 14:02 4th_example.cpp[0m
-rw------- 1 hzhu007 csmajs   610 Apr 22 14:02 5th_example.cpp[0m
-rw------- 1 hzhu007 csmajs   677 Apr 22 14:02 6th_example.cpp[0m
-rw------- 1 hzhu007 csmajs   818 Apr 22 14:02 7th_example.cpp[0m
-rw------- 1 hzhu007 csmajs   246 Apr 22 14:02 8th_example.cpp[0m
-rw------- 1 hzhu007 csmajs   604 Apr 22 14:02 9th_example.cpp[0m
-rw------- 1 hzhu007 csmajs 10352 Apr 22 14:02 README.md[0m

../ucr-cs100/textbook/assignment-help/strtok:
total 32
drwx------ 2 hzhu007 csmajs  4096 Apr 22 14:02 [48;5;243m[32;1m[34;1m.[0m
drwx------ 9 hzhu007 csmajs  4096 Apr 22 14:02 [48;5;243m[32;1m[34;1m..[0m
-rw------- 1 hzhu007 csmajs 23438 Apr 22 14:02 README.md[0m

../ucr-cs100/textbook/assignment-help/syscalls:
do_ypcall: clnt_call: RPC: Unable to send; errno = Operation not permitted
do_ypcall: clnt_call: RPC: Unable to send; errno = Operation not permitted
do_ypcall: clnt_call: RPC: Unable to send; errno = Operation not permitted
total 80
drwx------ 2 hzhu007 csmajs  4096 Apr 22 14:02 [48;5;243m[32;1m[34;1m.[0m
drwx------ 9 hzhu007 csmajs  4096 Apr 22 14:02 [48;5;243m[32;1m[34;1m..[0m
-rw------- 1 hzhu007 csmajs  2544 Apr 22 14:02 dir.md[0m
-rw------- 1 hzhu007 csmajs   991 Apr 22 14:02 dir_code.cpp[0m
-rw------- 1 hzhu007 csmajs 13267 Apr 22 14:02 exec.md[0m
-rw------- 1 hzhu007 csmajs  4600 Apr 22 14:02 fd.md[0m
-rw------- 1 hzhu007 csmajs  1221 Apr 22 14:02 fd_code.cpp[0m
-rw------- 1 hzhu007 csmajs    29 Apr 22 14:02 fileold[0m
-rw------- 1 hzhu007 csmajs  3780 Apr 22 14:02 getinfo.md[0m
-rw------- 1 hzhu007 csmajs  8366 Apr 22 14:02 io.md[0m
-rw------- 1 hzhu007 csmajs   254 Apr 22 14:02 Makefile[0m
-rw------- 1 hzhu007 csmajs  6719 Apr 22 14:02 README.md[0m
-rw------- 1 hzhu007 csmajs  4434 Apr 22 14:02 stat.md[0m

../ucr-cs100/textbook/bestpractices:
total 20
drwx------ 5 hzhu007 csmajs 4096 Apr 22 14:02 [48;5;243m[32;1m[34;1m.[0m
drwx------ 7 hzhu007 csmajs 4096 Apr 22 14:02 [48;5;243m[32;1m[34;1m..[0m
drwx------ 4 hzhu007 csmajs 4096 Apr 22 14:02 [32;1m[34;1mTestDrivenDevelopment[0m
drwx------ 2 hzhu007 csmajs 4096 Apr 22 14:02 [32;1m[34;1mWritingGoodTestCases[0m
drwx------ 2 hzhu007 csmajs 4096 Apr 22 14:02 [32;1m[34;1mWritingREADMEs[0m

../ucr-cs100/textbook/bestpractices/TestDrivenDevelopment:
do_ypcall: clnt_call: RPC: Unable to send; errno = Operation not permitted
total 28
drwx------ 4 hzhu007 csmajs 4096 Apr 22 14:02 [48;5;243m[32;1m[34;1m.[0m
drwx------ 5 hzhu007 csmajs 4096 Apr 22 14:02 [48;5;243m[32;1m[34;1m..[0m
-rw------- 1 hzhu007 csmajs 8473 Apr 22 14:02 README.md[0m
drwx------ 2 hzhu007 csmajs 4096 Apr 22 14:02 [32;1m[34;1msrc[0m
drwx------ 2 hzhu007 csmajs 4096 Apr 22 14:02 [32;1m[34;1mtests[0m

../ucr-cs100/textbook/bestpractices/TestDrivenDevelopment/src:
total 12
drwx------ 2 hzhu007 csmajs 4096 Apr 22 14:02 [48;5;243m[32;1m[34;1m.[0m
drwx------ 4 hzhu007 csmajs 4096 Apr 22 14:02 [48;5;243m[32;1m[34;1m..[0m
-rw------- 1 hzhu007 csmajs  274 Apr 22 14:02 string_tok.cpp[0m

../ucr-cs100/textbook/bestpractices/TestDrivenDevelopment/tests:
total 16
drwx------ 2 hzhu007 csmajs 4096 Apr 22 14:02 [48;5;243m[32;1m[34;1m.[0m
drwx------ 4 hzhu007 csmajs 4096 Apr 22 14:02 [48;5;243m[32;1m[34;1m..[0m
-rw------- 1 hzhu007 csmajs  556 Apr 22 14:02 test_project_euler.cpp[0m
-rw------- 1 hzhu007 csmajs  776 Apr 22 14:02 test_string_tok.cpp[0m

../ucr-cs100/textbook/bestpractices/WritingGoodTestCases:
total 84
drwx------ 2 hzhu007 csmajs  4096 Apr 22 14:02 [48;5;243m[32;1m[34;1m.[0m
drwx------ 5 hzhu007 csmajs  4096 Apr 22 14:02 [48;5;243m[32;1m[34;1m..[0m
-rw------- 1 hzhu007 csmajs 48261 Apr 22 14:02 hw0-example.ods[0m
-rw------- 1 hzhu007 csmajs  9906 Apr 22 14:02 README.md[0m
-rw------- 1 hzhu007 csmajs 16148 Apr 22 14:02 template.ods[0m

../ucr-cs100/textbook/bestpractices/WritingREADMEs:
total 24
drwx------ 2 hzhu007 csmajs 4096 Apr 22 14:02 [48;5;243m[32;1m[34;1m.[0m
drwx------ 5 hzhu007 csmajs 4096 Apr 22 14:02 [48;5;243m[32;1m[34;1m..[0m
-rw------- 1 hzhu007 csmajs 4571 Apr 22 14:02 Markdown.md[0m
-rw------- 1 hzhu007 csmajs 5480 Apr 22 14:02 README.md[0m

../ucr-cs100/textbook/C++:
total 40
drwx------ 10 hzhu007 csmajs 4096 Apr 22 14:02 [48;5;243m[32;1m[34;1m.[0m
drwx------  7 hzhu007 csmajs 4096 Apr 22 14:02 [48;5;243m[32;1m[34;1m..[0m
drwx------  2 hzhu007 csmajs 4096 Apr 22 14:02 [32;1m[34;1mboost[0m
drwx------  2 hzhu007 csmajs 4096 Apr 22 14:02 [32;1m[34;1mC++11features[0m
drwx------  2 hzhu007 csmajs 4096 Apr 22 14:02 [32;1m[34;1mC++14Standards[0m
drwx------  6 hzhu007 csmajs 4096 Apr 22 14:02 [32;1m[34;1mDataStructures[0m
drwx------  2 hzhu007 csmajs 4096 Apr 22 14:02 [32;1m[34;1mpseudocode[0m
drwx------  2 hzhu007 csmajs 4096 Apr 22 14:02 [32;1m[34;1mstl-map[0m
drwx------  2 hzhu007 csmajs 4096 Apr 22 14:02 [32;1m[34;1mtemplates[0m
drwx------  2 hzhu007 csmajs 4096 Apr 22 14:02 [32;1m[34;1mtime[0m

../ucr-cs100/textbook/C++/boost:
total 28
drwx------  2 hzhu007 csmajs 4096 Apr 22 14:02 [48;5;243m[32;1m[34;1m.[0m
drwx------ 10 hzhu007 csmajs 4096 Apr 22 14:02 [48;5;243m[32;1m[34;1m..[0m
-rw-------  1 hzhu007 csmajs 8048 Apr 22 14:02 containers-and-tribools.md[0m
-rw-------  1 hzhu007 csmajs 9724 Apr 22 14:02 smartpointers.md[0m

../ucr-cs100/textbook/C++/C++11features:
total 24
drwx------  2 hzhu007 csmajs  4096 Apr 22 14:02 [48;5;243m[32;1m[34;1m.[0m
drwx------ 10 hzhu007 csmajs  4096 Apr 22 14:02 [48;5;243m[32;1m[34;1m..[0m
-rw-------  1 hzhu007 csmajs 13131 Apr 22 14:02 README.md[0m

../ucr-cs100/textbook/C++/C++14Standards:
total 28
drwx------  2 hzhu007 csmajs 4096 Apr 22 14:02 [48;5;243m[32;1m[34;1m.[0m
drwx------ 10 hzhu007 csmajs 4096 Apr 22 14:02 [48;5;243m[32;1m[34;1m..[0m
-rw-------  1 hzhu007 csmajs 7573 Apr 22 14:02 README.md[0m
-rw-------  1 hzhu007 csmajs 2017 Apr 22 14:02 returntypedeductionexample.cpp[0m
-rw-------  1 hzhu007 csmajs 1148 Apr 22 14:02 tupleaddressingexample.cpp[0m
-rw-------  1 hzhu007 csmajs 1498 Apr 22 14:02 variabletemplatesexample.cpp[0m

../ucr-cs100/textbook/C++/DataStructures:
do_ypcall: clnt_call: RPC: Unable to send; errno = Operation not permitted
total 36
drwx------  6 hzhu007 csmajs 4096 Apr 22 14:02 [48;5;243m[32;1m[34;1m.[0m
drwx------ 10 hzhu007 csmajs 4096 Apr 22 14:02 [48;5;243m[32;1m[34;1m..[0m
drwx------  2 hzhu007 csmajs 4096 Apr 22 14:02 [32;1m[34;1mlist[0m
drwx------  2 hzhu007 csmajs 4096 Apr 22 14:02 [32;1m[34;1mmap[0m
drwx------  2 hzhu007 csmajs 4096 Apr 22 14:02 [32;1m[34;1mqueue[0m
-rw-------  1 hzhu007 csmajs 9743 Apr 22 14:02 README.md[0m
drwx------  2 hzhu007 csmajs 4096 Apr 22 14:02 [32;1m[34;1mstack[0m

../ucr-cs100/textbook/C++/DataStructures/list:
total 12
drwx------ 2 hzhu007 csmajs 4096 Apr 22 14:02 [48;5;243m[32;1m[34;1m.[0m
drwx------ 6 hzhu007 csmajs 4096 Apr 22 14:02 [48;5;243m[32;1m[34;1m..[0m
-rw------- 1 hzhu007 csmajs  362 Apr 22 14:02 list.cpp[0m

../ucr-cs100/textbook/C++/DataStructures/map:
do_ypcall: clnt_call: RPC: Unable to send; errno = Operation not permitted
do_ypcall: clnt_call: RPC: Unable to send; errno = Operation not permitted
total 20
drwx------ 2 hzhu007 csmajs 4096 Apr 22 14:02 [48;5;243m[32;1m[34;1m.[0m
drwx------ 6 hzhu007 csmajs 4096 Apr 22 14:02 [48;5;243m[32;1m[34;1m..[0m
-rw------- 1 hzhu007 csmajs 2192 Apr 22 14:02 map.cpp[0m
-rw------- 1 hzhu007 csmajs 2007 Apr 22 14:02 map2.cpp[0m
-rw------- 1 hzhu007 csmajs  180 Apr 22 14:02 winners[0m

../ucr-cs100/textbook/C++/DataStructures/queue:
total 12
drwx------ 2 hzhu007 csmajs 4096 Apr 22 14:02 [48;5;243m[32;1m[34;1m.[0m
drwx------ 6 hzhu007 csmajs 4096 Apr 22 14:02 [48;5;243m[32;1m[34;1m..[0m
-rw------- 1 hzhu007 csmajs  348 Apr 22 14:02 queue.cpp[0m

../ucr-cs100/textbook/C++/DataStructures/stack:
total 12
drwx------ 2 hzhu007 csmajs 4096 Apr 22 14:02 [48;5;243m[32;1m[34;1m.[0m
drwx------ 6 hzhu007 csmajs 4096 Apr 22 14:02 [48;5;243m[32;1m[34;1m..[0m
-rw------- 1 hzhu007 csmajs  452 Apr 22 14:02 stack.cpp[0m

../ucr-cs100/textbook/C++/pseudocode:
total 32
drwx------  2 hzhu007 csmajs  4096 Apr 22 14:02 [48;5;243m[32;1m[34;1m.[0m
drwx------ 10 hzhu007 csmajs  4096 Apr 22 14:02 [48;5;243m[32;1m[34;1m..[0m
-rw-------  1 hzhu007 csmajs   279 Apr 22 14:02 Makefile[0m
-rw-------  1 hzhu007 csmajs 12209 Apr 22 14:02 README.md[0m
-rw-------  1 hzhu007 csmajs  5016 Apr 22 14:02 simple_model.cxx[0m

../ucr-cs100/textbook/C++/stl-map:
do_ypcall: clnt_call: RPC: Unable to send; errno = Operation not permitted
total 24
drwx------  2 hzhu007 csmajs 4096 Apr 22 14:02 [48;5;243m[32;1m[34;1m.[0m
drwx------ 10 hzhu007 csmajs 4096 Apr 22 14:02 [48;5;243m[32;1m[34;1m..[0m
-rw-------  1 hzhu007 csmajs 1184 Apr 22 14:02 ls_map.cpp[0m
-rw-------  1 hzhu007 csmajs 1081 Apr 22 14:02 month_map.cpp[0m
-rw-------  1 hzhu007 csmajs 4001 Apr 22 14:02 README.md[0m
-rw-------  1 hzhu007 csmajs 1173 Apr 22 14:02 UScoins.cpp[0m

../ucr-cs100/textbook/C++/templates:
total 28
drwx------  2 hzhu007 csmajs  4096 Apr 22 14:02 [48;5;243m[32;1m[34;1m.[0m
drwx------ 10 hzhu007 csmajs  4096 Apr 22 14:02 [48;5;243m[32;1m[34;1m..[0m
-rw-------  1 hzhu007 csmajs 17260 Apr 22 14:02 README.md[0m

../ucr-cs100/textbook/C++/time:
total 20
drwx------  2 hzhu007 csmajs 4096 Apr 22 14:02 [48;5;243m[32;1m[34;1m.[0m
drwx------ 10 hzhu007 csmajs 4096 Apr 22 14:02 [48;5;243m[32;1m[34;1m..[0m
-rw-------  1 hzhu007 csmajs 2354 Apr 22 14:02 time_example.cpp[0m
-rw-------  1 hzhu007 csmajs 7881 Apr 22 14:02 time_tutorial.md[0m

../ucr-cs100/textbook/casestudies:
do_ypcall: clnt_call: RPC: Unable to send; errno = Operation not permitted
total 12
drwx------ 3 hzhu007 csmajs 4096 Apr 22 14:02 [48;5;243m[32;1m[34;1m.[0m
drwx------ 7 hzhu007 csmajs 4096 Apr 22 14:02 [48;5;243m[32;1m[34;1m..[0m
drwx------ 2 hzhu007 csmajs 4096 Apr 22 14:02 [32;1m[34;1mioccc-hamano[0m

../ucr-cs100/textbook/casestudies/ioccc-hamano:
total 72
drwx------ 2 hzhu007 csmajs  4096 Apr 22 14:02 [48;5;243m[32;1m[34;1m.[0m
drwx------ 3 hzhu007 csmajs  4096 Apr 22 14:02 [48;5;243m[32;1m[34;1m..[0m
-rw------- 1 hzhu007 csmajs  5339 Apr 22 14:02 myhamano.c[0m
-rw------- 1 hzhu007 csmajs 12760 Apr 22 14:02 output.pdf[0m
-rw------- 1 hzhu007 csmajs 12941 Apr 22 14:02 outputORIG.pdf[0m
-rw------- 1 hzhu007 csmajs 20722 Apr 22 14:02 README.md[0m

../ucr-cs100/textbook/tools:
total 36
drwx------  9 hzhu007 csmajs 4096 Apr 22 14:02 [48;5;243m[32;1m[34;1m.[0m
drwx------  7 hzhu007 csmajs 4096 Apr 22 14:02 [48;5;243m[32;1m[34;1m..[0m
drwx------ 10 hzhu007 csmajs 4096 Apr 22 14:02 [32;1m[34;1mbash[0m
drwx------  2 hzhu007 csmajs 4096 Apr 22 14:02 [32;1m[34;1mcppcheck[0m
drwx------  5 hzhu007 csmajs 4096 Apr 22 14:02 [32;1m[34;1mgdb[0m
drwx------  5 hzhu007 csmajs 4096 Apr 22 14:02 [32;1m[34;1mgit[0m
drwx------  8 hzhu007 csmajs 4096 Apr 22 14:02 [32;1m[34;1mmake[0m
drwx------  2 hzhu007 csmajs 4096 Apr 22 14:02 [32;1m[34;1mvalgrind[0m
drwx------  3 hzhu007 csmajs 4096 Apr 22 14:02 [32;1m[34;1mxmonad[0m

../ucr-cs100/textbook/tools/bash:
total 40
drwx------ 10 hzhu007 csmajs 4096 Apr 22 14:02 [48;5;243m[32;1m[34;1m.[0m
drwx------  9 hzhu007 csmajs 4096 Apr 22 14:02 [48;5;243m[32;1m[34;1m..[0m
drwx------  2 hzhu007 csmajs 4096 Apr 22 14:02 [32;1m[34;1mbashrc[0m
drwx------  3 hzhu007 csmajs 4096 Apr 22 14:02 [32;1m[34;1mfile-permission[0m
drwx------  2 hzhu007 csmajs 4096 Apr 22 14:02 [32;1m[34;1mnctutorial[0m
drwx------  2 hzhu007 csmajs 4096 Apr 22 14:02 [32;1m[34;1mregex[0m
drwx------  2 hzhu007 csmajs 4096 Apr 22 14:02 [32;1m[34;1msed[0m
drwx------  2 hzhu007 csmajs 4096 Apr 22 14:02 [32;1m[34;1mshell-scripts[0m
drwx------  2 hzhu007 csmajs 4096 Apr 22 14:02 [32;1m[34;1mshell-tricks[0m
drwx------  2 hzhu007 csmajs 4096 Apr 22 14:02 [32;1m[34;1mstrace[0m

../ucr-cs100/textbook/tools/bash/bashrc:
total 28
drwx------  2 hzhu007 csmajs  4096 Apr 22 14:02 [48;5;243m[32;1m[34;1m.[0m
drwx------ 10 hzhu007 csmajs  4096 Apr 22 14:02 [48;5;243m[32;1m[34;1m..[0m
-rw-------  1 hzhu007 csmajs  3952 Apr 22 14:02 [48;5;243m.bashrc[0m
-rw-------  1 hzhu007 csmajs 12908 Apr 22 14:02 README.md[0m

../ucr-cs100/textbook/tools/bash/file-permission:
total 24
drwx------  3 hzhu007 csmajs 4096 Apr 22 14:02 [48;5;243m[32;1m[34;1m.[0m
drwx------ 10 hzhu007 csmajs 4096 Apr 22 14:02 [48;5;243m[32;1m[34;1m..[0m
drwx------  2 hzhu007 csmajs 4096 Apr 22 14:02 [32;1m[34;1mimage[0m
-rw-------  1 hzhu007 csmajs 8404 Apr 22 14:02 README.md[0m

../ucr-cs100/textbook/tools/bash/file-permission/image:
total 196
drwx------ 2 hzhu007 csmajs   4096 Apr 22 14:02 [48;5;243m[32;1m[34;1m.[0m
drwx------ 3 hzhu007 csmajs   4096 Apr 22 14:02 [48;5;243m[32;1m[34;1m..[0m
-rw------- 1 hzhu007 csmajs  19217 Apr 22 14:02 FS-layout.png[0m
-rw------- 1 hzhu007 csmajs   9157 Apr 22 14:02 permissions_diagram.gif[0m
-rw------- 1 hzhu007 csmajs  15810 Apr 22 14:02 Screenshot.png[0m
-rw------- 1 hzhu007 csmajs 135974 Apr 22 14:02 Screenshot1.png[0m

../ucr-cs100/textbook/tools/bash/nctutorial:
total 24
drwx------  2 hzhu007 csmajs  4096 Apr 22 14:02 [48;5;243m[32;1m[34;1m.[0m
drwx------ 10 hzhu007 csmajs  4096 Apr 22 14:02 [48;5;243m[32;1m[34;1m..[0m
-rw-------  1 hzhu007 csmajs 14382 Apr 22 14:02 README.md[0m

../ucr-cs100/textbook/tools/bash/regex:
do_ypcall: clnt_call: RPC: Unable to send; errno = Operation not permitted
total 20
drwx------  2 hzhu007 csmajs  4096 Apr 22 14:02 [48;5;243m[32;1m[34;1m.[0m
drwx------ 10 hzhu007 csmajs  4096 Apr 22 14:02 [48;5;243m[32;1m[34;1m..[0m
-rw-------  1 hzhu007 csmajs 11090 Apr 22 14:02 README.md[0m

../ucr-cs100/textbook/tools/bash/sed:
total 24
drwx------  2 hzhu007 csmajs  4096 Apr 22 14:02 [48;5;243m[32;1m[34;1m.[0m
drwx------ 10 hzhu007 csmajs  4096 Apr 22 14:02 [48;5;243m[32;1m[34;1m..[0m
-rw-------  1 hzhu007 csmajs 14748 Apr 22 14:02 README.md[0m

../ucr-cs100/textbook/tools/bash/shell-scripts:
total 20
drwx------  2 hzhu007 csmajs 4096 Apr 22 14:02 [48;5;243m[32;1m[34;1m.[0m
drwx------ 10 hzhu007 csmajs 4096 Apr 22 14:02 [48;5;243m[32;1m[34;1m..[0m
-rw-------  1 hzhu007 csmajs 8664 Apr 22 14:02 README.md[0m

../ucr-cs100/textbook/tools/bash/shell-tricks:
total 28
drwx------  2 hzhu007 csmajs  4096 Apr 22 14:02 [48;5;243m[32;1m[34;1m.[0m
drwx------ 10 hzhu007 csmajs  4096 Apr 22 14:02 [48;5;243m[32;1m[34;1m..[0m
-rw-------  1 hzhu007 csmajs 17058 Apr 22 14:02 README.md[0m

../ucr-cs100/textbook/tools/bash/strace:
do_ypcall: clnt_call: RPC: Unable to send; errno = Operation not permitted
total 36
drwx------  2 hzhu007 csmajs  4096 Apr 22 14:02 [48;5;243m[32;1m[34;1m.[0m
drwx------ 10 hzhu007 csmajs  4096 Apr 22 14:02 [48;5;243m[32;1m[34;1m..[0m
-rw-------  1 hzhu007 csmajs   450 Apr 22 14:02 example1.cpp[0m
-rw-------  1 hzhu007 csmajs   394 Apr 22 14:02 main.cpp[0m
-rw-------  1 hzhu007 csmajs 19972 Apr 22 14:02 README.md[0m

../ucr-cs100/textbook/tools/cppcheck:
total 20
drwx------ 2 hzhu007 csmajs  4096 Apr 22 14:02 [48;5;243m[32;1m[34;1m.[0m
drwx------ 9 hzhu007 csmajs  4096 Apr 22 14:02 [48;5;243m[32;1m[34;1m..[0m
-rw------- 1 hzhu007 csmajs 12167 Apr 22 14:02 README.md[0m

../ucr-cs100/textbook/tools/gdb:
do_ypcall: clnt_call: RPC: Unable to send; errno = Operation not permitted
total 24
drwx------ 5 hzhu007 csmajs 4096 Apr 22 14:02 [48;5;243m[32;1m[34;1m.[0m
drwx------ 9 hzhu007 csmajs 4096 Apr 22 14:02 [48;5;243m[32;1m[34;1m..[0m
drwx------ 2 hzhu007 csmajs 4096 Apr 22 14:02 [32;1m[34;1mex1[0m
drwx------ 2 hzhu007 csmajs 4096 Apr 22 14:02 [32;1m[34;1mex2[0m
drwx------ 2 hzhu007 csmajs 4096 Apr 22 14:02 [32;1m[34;1mex3[0m
-rw------- 1 hzhu007 csmajs 2070 Apr 22 14:02 README.md[0m

../ucr-cs100/textbook/tools/gdb/ex1:
total 24
drwx------ 2 hzhu007 csmajs 4096 Apr 22 14:02 [48;5;243m[32;1m[34;1m.[0m
drwx------ 5 hzhu007 csmajs 4096 Apr 22 14:02 [48;5;243m[32;1m[34;1m..[0m
-rw------- 1 hzhu007 csmajs  253 Apr 22 14:02 ex1.cpp[0m
-rw------- 1 hzhu007 csmajs 9862 Apr 22 14:02 README.md[0m

../ucr-cs100/textbook/tools/gdb/ex2:
total 20
drwx------ 2 hzhu007 csmajs 4096 Apr 22 14:02 [48;5;243m[32;1m[34;1m.[0m
drwx------ 5 hzhu007 csmajs 4096 Apr 22 14:02 [48;5;243m[32;1m[34;1m..[0m
-rw------- 1 hzhu007 csmajs  303 Apr 22 14:02 ex2.cpp[0m
-rw------- 1 hzhu007 csmajs 6876 Apr 22 14:02 README.md[0m

../ucr-cs100/textbook/tools/gdb/ex3:
total 16
drwx------ 2 hzhu007 csmajs 4096 Apr 22 14:02 [48;5;243m[32;1m[34;1m.[0m
drwx------ 5 hzhu007 csmajs 4096 Apr 22 14:02 [48;5;243m[32;1m[34;1m..[0m
-rw------- 1 hzhu007 csmajs  230 Apr 22 14:02 ex3.cpp[0m
-rw------- 1 hzhu007 csmajs 1262 Apr 22 14:02 README.md[0m

../ucr-cs100/textbook/tools/git:
total 20
drwx------ 5 hzhu007 csmajs 4096 Apr 22 14:02 [48;5;243m[32;1m[34;1m.[0m
drwx------ 9 hzhu007 csmajs 4096 Apr 22 14:02 [48;5;243m[32;1m[34;1m..[0m
drwx------ 3 hzhu007 csmajs 4096 Apr 22 14:02 [32;1m[34;1madvanced-git-commands[0m
drwx------ 2 hzhu007 csmajs 4096 Apr 22 14:02 [32;1m[34;1mhandling-large-files-in-your-repo[0m
drwx------ 2 hzhu007 csmajs 4096 Apr 22 14:02 [32;1m[34;1mmanagaing-your-forked-repo[0m

../ucr-cs100/textbook/tools/git/advanced-git-commands:
total 40
drwx------ 3 hzhu007 csmajs  4096 Apr 22 14:02 [48;5;243m[32;1m[34;1m.[0m
drwx------ 5 hzhu007 csmajs  4096 Apr 22 14:02 [48;5;243m[32;1m[34;1m..[0m
drwx------ 2 hzhu007 csmajs  4096 Apr 22 14:02 [32;1m[34;1mimage[0m
-rw------- 1 hzhu007 csmajs  4420 Apr 22 14:02 Patch.md[0m
-rw------- 1 hzhu007 csmajs 13139 Apr 22 14:02 Rebase.md[0m
-rw------- 1 hzhu007 csmajs  2551 Apr 22 14:02 Stash.md[0m

../ucr-cs100/textbook/tools/git/advanced-git-commands/image:
do_ypcall: clnt_call: RPC: Unable to send; errno = Operation not permitted
do_ypcall: clnt_call: RPC: Unable to send; errno = Operation not permitted
do_ypcall: clnt_call: RPC: Unable to send; errno = Operation not permitted
total 176
drwx------ 2 hzhu007 csmajs  4096 Apr 22 14:02 [48;5;243m[32;1m[34;1m.[0m
drwx------ 3 hzhu007 csmajs  4096 Apr 22 14:02 [48;5;243m[32;1m[34;1m..[0m
-rw------- 1 hzhu007 csmajs  7986 Apr 22 14:02 commit1.png[0m
-rw------- 1 hzhu007 csmajs  5227 Apr 22 14:02 commit2.png[0m
-rw------- 1 hzhu007 csmajs  9191 Apr 22 14:02 commit3conflict.png[0m
-rw------- 1 hzhu007 csmajs  8195 Apr 22 14:02 commit4rebase.png[0m
-rw------- 1 hzhu007 csmajs  8196 Apr 22 14:02 commit4rebaseonto.png[0m
-rw------- 1 hzhu007 csmajs 11797 Apr 22 14:02 rebase1.png[0m
-rw------- 1 hzhu007 csmajs 29198 Apr 22 14:02 rebase2.png[0m
-rw------- 1 hzhu007 csmajs 33950 Apr 22 14:02 rebase3.png[0m
-rw------- 1 hzhu007 csmajs 33896 Apr 22 14:02 rebase4.png[0m

../ucr-cs100/textbook/tools/git/handling-large-files-in-your-repo:
do_ypcall: clnt_call: RPC: Unable to send; errno = Operation not permitted
do_ypcall: clnt_call: RPC: Unable to send; errno = Operation not permitted
段错误
~/rshell
hzhu007@hammer $ bin/ls ../ucr-cs100/textbook -aR ./src src/ -l bin -l -R -a ../ucr-cs100/people
../ucr-cs100/textbook:
total 28
drwx------  7 hzhu007 csmajs 4096 Apr 22 14:02 [48;5;243m[32;1m[34;1m.[0m
drwx------  9 hzhu007 csmajs 4096 Apr 22 14:02 [48;5;243m[32;1m[34;1m..[0m
drwx------  9 hzhu007 csmajs 4096 Apr 22 14:02 [32;1m[34;1massignment-help[0m
drwx------  5 hzhu007 csmajs 4096 Apr 22 14:02 [32;1m[34;1mbestpractices[0m
drwx------ 10 hzhu007 csmajs 4096 Apr 22 14:02 [32;1m[34;1mC++[0m
drwx------  3 hzhu007 csmajs 4096 Apr 22 14:02 [32;1m[34;1mcasestudies[0m
drwx------  9 hzhu007 csmajs 4096 Apr 22 14:02 [32;1m[34;1mtools[0m

../ucr-cs100/textbook/assignment-help:
do_ypcall: clnt_call: RPC: Unable to send; errno = Operation not permitted
do_ypcall: clnt_call: RPC: Unable to send; errno = Operation not permitted
do_ypcall: clnt_call: RPC: Unable to send; errno = Operation not permitted
段错误
~/rshell
hzhu007@hammer $ bin/ls ../ucr-cs100/textbook -aR ./src src/ -l bin -l -R -a ../ucr-cs100/people
../ucr-cs100/textbook:
total 28
drwx------  7 hzhu007 csmajs 4096 Apr 22 14:02 [48;5;243m[32;1m[34;1m.[0m
drwx------  9 hzhu007 csmajs 4096 Apr 22 14:02 [48;5;243m[32;1m[34;1m..[0m
drwx------  9 hzhu007 csmajs 4096 Apr 22 14:02 [32;1m[34;1massignment-help[0m
drwx------  5 hzhu007 csmajs 4096 Apr 22 14:02 [32;1m[34;1mbestpractices[0m
drwx------ 10 hzhu007 csmajs 4096 Apr 22 14:02 [32;1m[34;1mC++[0m
drwx------  3 hzhu007 csmajs 4096 Apr 22 14:02 [32;1m[34;1mcasestudies[0m
drwx------  9 hzhu007 csmajs 4096 Apr 22 14:02 [32;1m[34;1mtools[0m

../ucr-cs100/textbook/assignment-help:
total 36
drwx------ 9 hzhu007 csmajs 4096 Apr 22 14:02 [48;5;243m[32;1m[34;1m.[0m
drwx------ 7 hzhu007 csmajs 4096 Apr 22 14:02 [48;5;243m[32;1m[34;1m..[0m
drwx------ 2 hzhu007 csmajs 4096 Apr 22 14:02 [32;1m[34;1mbitwise-ops[0m
drwx------ 3 hzhu007 csmajs 4096 Apr 22 14:02 [32;1m[34;1mBoostTokenizer[0m
drwx------ 2 hzhu007 csmajs 4096 Apr 22 14:02 [32;1m[34;1mmacros[0m
drwx------ 2 hzhu007 csmajs 4096 Apr 22 14:02 [32;1m[34;1moutput-formatting-in-c++[0m
drwx------ 2 hzhu007 csmajs 4096 Apr 22 14:02 [32;1m[34;1msort[0m
drwx------ 2 hzhu007 csmajs 4096 Apr 22 14:02 [32;1m[34;1mstrtok[0m
drwx------ 2 hzhu007 csmajs 4096 Apr 22 14:02 [32;1m[34;1msyscalls[0m

../ucr-cs100/textbook/assignment-help/bitwise-ops:
total 28
drwx------ 2 hzhu007 csmajs  4096 Apr 22 14:02 [48;5;243m[32;1m[34;1m.[0m
drwx------ 9 hzhu007 csmajs  4096 Apr 22 14:02 [48;5;243m[32;1m[34;1m..[0m
-rw------- 1 hzhu007 csmajs 17699 Apr 22 14:02 README.md[0m

../ucr-cs100/textbook/assignment-help/BoostTokenizer:
total 24
drwx------ 3 hzhu007 csmajs  4096 Apr 22 14:02 [48;5;243m[32;1m[34;1m.[0m
drwx------ 9 hzhu007 csmajs  4096 Apr 22 14:02 [48;5;243m[32;1m[34;1m..[0m
-rw------- 1 hzhu007 csmajs 11278 Apr 22 14:02 README.md[0m
drwx------ 2 hzhu007 csmajs  4096 Apr 22 14:02 [32;1m[34;1msrc[0m

../ucr-cs100/textbook/assignment-help/BoostTokenizer/src:
do_ypcall: clnt_call: RPC: Unable to send; errno = Operation not permitted
total 28
drwx------ 2 hzhu007 csmajs 4096 Apr 22 14:02 [48;5;243m[32;1m[34;1m.[0m
drwx------ 3 hzhu007 csmajs 4096 Apr 22 14:02 [48;5;243m[32;1m[34;1m..[0m
-rw------- 1 hzhu007 csmajs  311 Apr 22 14:02 ex_1.cpp[0m
-rw------- 1 hzhu007 csmajs  502 Apr 22 14:02 ex_2.cpp[0m
-rw------- 1 hzhu007 csmajs  467 Apr 22 14:02 ex_3.cpp[0m
-rw------- 1 hzhu007 csmajs  550 Apr 22 14:02 ex_4.cpp[0m
-rw------- 1 hzhu007 csmajs  575 Apr 22 14:02 ex_5.cpp[0m

../ucr-cs100/textbook/assignment-help/macros:
total 20
drwx------ 2 hzhu007 csmajs 4096 Apr 22 14:02 [48;5;243m[32;1m[34;1m.[0m
drwx------ 9 hzhu007 csmajs 4096 Apr 22 14:02 [48;5;243m[32;1m[34;1m..[0m
-rw------- 1 hzhu007 csmajs 8910 Apr 22 14:02 README.md[0m

../ucr-cs100/textbook/assignment-help/output-formatting-in-c++:
total 24
drwx------ 2 hzhu007 csmajs 4096 Apr 22 14:02 [48;5;243m[32;1m[34;1m.[0m
drwx------ 9 hzhu007 csmajs 4096 Apr 22 14:02 [48;5;243m[32;1m[34;1m..[0m
-rw------- 1 hzhu007 csmajs 1845 Apr 22 14:02 ANSIfontUtils.h[0m
-rw------- 1 hzhu007 csmajs 8305 Apr 22 14:02 README.md[0m

../ucr-cs100/textbook/assignment-help/sort:
do_ypcall: clnt_call: RPC: Unable to send; errno = Operation not permitted
total 60
drwx------ 2 hzhu007 csmajs  4096 Apr 22 14:02 [48;5;243m[32;1m[34;1m.[0m
drwx------ 9 hzhu007 csmajs  4096 Apr 22 14:02 [48;5;243m[32;1m[34;1m..[0m
-rw------- 1 hzhu007 csmajs   919 Apr 22 14:02 10th_example.cpp[0m
-rw------- 1 hzhu007 csmajs   490 Apr 22 14:02 1st_example.cpp[0m
-rw------- 1 hzhu007 csmajs   373 Apr 22 14:02 2nd_example.cpp[0m
-rw------- 1 hzhu007 csmajs   395 Apr 22 14:02 3rd_example.cpp[0m
-rw------- 1 hzhu007 csmajs   447 Apr 22 14:02 4th_example.cpp[0m
-rw------- 1 hzhu007 csmajs   610 Apr 22 14:02 5th_example.cpp[0m
-rw------- 1 hzhu007 csmajs   677 Apr 22 14:02 6th_example.cpp[0m
-rw------- 1 hzhu007 csmajs   818 Apr 22 14:02 7th_example.cpp[0m
-rw------- 1 hzhu007 csmajs   246 Apr 22 14:02 8th_example.cpp[0m
-rw------- 1 hzhu007 csmajs   604 Apr 22 14:02 9th_example.cpp[0m
-rw------- 1 hzhu007 csmajs 10352 Apr 22 14:02 README.md[0m

../ucr-cs100/textbook/assignment-help/strtok:
total 32
drwx------ 2 hzhu007 csmajs  4096 Apr 22 14:02 [48;5;243m[32;1m[34;1m.[0m
drwx------ 9 hzhu007 csmajs  4096 Apr 22 14:02 [48;5;243m[32;1m[34;1m..[0m
-rw------- 1 hzhu007 csmajs 23438 Apr 22 14:02 README.md[0m

../ucr-cs100/textbook/assignment-help/syscalls:
total 80
drwx------ 2 hzhu007 csmajs  4096 Apr 22 14:02 [48;5;243m[32;1m[34;1m.[0m
drwx------ 9 hzhu007 csmajs  4096 Apr 22 14:02 [48;5;243m[32;1m[34;1m..[0m
-rw------- 1 hzhu007 csmajs  2544 Apr 22 14:02 dir.md[0m
-rw------- 1 hzhu007 csmajs   991 Apr 22 14:02 dir_code.cpp[0m
-rw------- 1 hzhu007 csmajs 13267 Apr 22 14:02 exec.md[0m
-rw------- 1 hzhu007 csmajs  4600 Apr 22 14:02 fd.md[0m
-rw------- 1 hzhu007 csmajs  1221 Apr 22 14:02 fd_code.cpp[0m
-rw------- 1 hzhu007 csmajs    29 Apr 22 14:02 fileold[0m
-rw------- 1 hzhu007 csmajs  3780 Apr 22 14:02 getinfo.md[0m
-rw------- 1 hzhu007 csmajs  8366 Apr 22 14:02 io.md[0m
-rw------- 1 hzhu007 csmajs   254 Apr 22 14:02 Makefile[0m
-rw------- 1 hzhu007 csmajs  6719 Apr 22 14:02 README.md[0m
-rw------- 1 hzhu007 csmajs  4434 Apr 22 14:02 stat.md[0m

../ucr-cs100/textbook/bestpractices:
do_ypcall: clnt_call: RPC: Unable to send; errno = Operation not permitted
total 20
drwx------ 5 hzhu007 csmajs 4096 Apr 22 14:02 [48;5;243m[32;1m[34;1m.[0m
drwx------ 7 hzhu007 csmajs 4096 Apr 22 14:02 [48;5;243m[32;1m[34;1m..[0m
drwx------ 4 hzhu007 csmajs 4096 Apr 22 14:02 [32;1m[34;1mTestDrivenDevelopment[0m
drwx------ 2 hzhu007 csmajs 4096 Apr 22 14:02 [32;1m[34;1mWritingGoodTestCases[0m
drwx------ 2 hzhu007 csmajs 4096 Apr 22 14:02 [32;1m[34;1mWritingREADMEs[0m

../ucr-cs100/textbook/bestpractices/TestDrivenDevelopment:
total 28
drwx------ 4 hzhu007 csmajs 4096 Apr 22 14:02 [48;5;243m[32;1m[34;1m.[0m
drwx------ 5 hzhu007 csmajs 4096 Apr 22 14:02 [48;5;243m[32;1m[34;1m..[0m
-rw------- 1 hzhu007 csmajs 8473 Apr 22 14:02 README.md[0m
drwx------ 2 hzhu007 csmajs 4096 Apr 22 14:02 [32;1m[34;1msrc[0m
drwx------ 2 hzhu007 csmajs 4096 Apr 22 14:02 [32;1m[34;1mtests[0m

../ucr-cs100/textbook/bestpractices/TestDrivenDevelopment/src:
total 12
drwx------ 2 hzhu007 csmajs 4096 Apr 22 14:02 [48;5;243m[32;1m[34;1m.[0m
drwx------ 4 hzhu007 csmajs 4096 Apr 22 14:02 [48;5;243m[32;1m[34;1m..[0m
-rw------- 1 hzhu007 csmajs  274 Apr 22 14:02 string_tok.cpp[0m

../ucr-cs100/textbook/bestpractices/TestDrivenDevelopment/tests:
total 16
drwx------ 2 hzhu007 csmajs 4096 Apr 22 14:02 [48;5;243m[32;1m[34;1m.[0m
drwx------ 4 hzhu007 csmajs 4096 Apr 22 14:02 [48;5;243m[32;1m[34;1m..[0m
-rw------- 1 hzhu007 csmajs  556 Apr 22 14:02 test_project_euler.cpp[0m
-rw------- 1 hzhu007 csmajs  776 Apr 22 14:02 test_string_tok.cpp[0m

../ucr-cs100/textbook/bestpractices/WritingGoodTestCases:
total 84
drwx------ 2 hzhu007 csmajs  4096 Apr 22 14:02 [48;5;243m[32;1m[34;1m.[0m
drwx------ 5 hzhu007 csmajs  4096 Apr 22 14:02 [48;5;243m[32;1m[34;1m..[0m
-rw------- 1 hzhu007 csmajs 48261 Apr 22 14:02 hw0-example.ods[0m
-rw------- 1 hzhu007 csmajs  9906 Apr 22 14:02 README.md[0m
-rw------- 1 hzhu007 csmajs 16148 Apr 22 14:02 template.ods[0m

../ucr-cs100/textbook/bestpractices/WritingREADMEs:
total 24
drwx------ 2 hzhu007 csmajs 4096 Apr 22 14:02 [48;5;243m[32;1m[34;1m.[0m
drwx------ 5 hzhu007 csmajs 4096 Apr 22 14:02 [48;5;243m[32;1m[34;1m..[0m
-rw------- 1 hzhu007 csmajs 4571 Apr 22 14:02 Markdown.md[0m
-rw------- 1 hzhu007 csmajs 5480 Apr 22 14:02 README.md[0m

../ucr-cs100/textbook/C++:
total 40
drwx------ 10 hzhu007 csmajs 4096 Apr 22 14:02 [48;5;243m[32;1m[34;1m.[0m
drwx------  7 hzhu007 csmajs 4096 Apr 22 14:02 [48;5;243m[32;1m[34;1m..[0m
drwx------  2 hzhu007 csmajs 4096 Apr 22 14:02 [32;1m[34;1mboost[0m
drwx------  2 hzhu007 csmajs 4096 Apr 22 14:02 [32;1m[34;1mC++11features[0m
drwx------  2 hzhu007 csmajs 4096 Apr 22 14:02 [32;1m[34;1mC++14Standards[0m
drwx------  6 hzhu007 csmajs 4096 Apr 22 14:02 [32;1m[34;1mDataStructures[0m
drwx------  2 hzhu007 csmajs 4096 Apr 22 14:02 [32;1m[34;1mpseudocode[0m
drwx------  2 hzhu007 csmajs 4096 Apr 22 14:02 [32;1m[34;1mstl-map[0m
drwx------  2 hzhu007 csmajs 4096 Apr 22 14:02 [32;1m[34;1mtemplates[0m
drwx------  2 hzhu007 csmajs 4096 Apr 22 14:02 [32;1m[34;1mtime[0m

../ucr-cs100/textbook/C++/boost:
total 28
drwx------  2 hzhu007 csmajs 4096 Apr 22 14:02 [48;5;243m[32;1m[34;1m.[0m
drwx------ 10 hzhu007 csmajs 4096 Apr 22 14:02 [48;5;243m[32;1m[34;1m..[0m
-rw-------  1 hzhu007 csmajs 8048 Apr 22 14:02 containers-and-tribools.md[0m
-rw-------  1 hzhu007 csmajs 9724 Apr 22 14:02 smartpointers.md[0m

../ucr-cs100/textbook/C++/C++11features:
total 24
drwx------  2 hzhu007 csmajs  4096 Apr 22 14:02 [48;5;243m[32;1m[34;1m.[0m
drwx------ 10 hzhu007 csmajs  4096 Apr 22 14:02 [48;5;243m[32;1m[34;1m..[0m
-rw-------  1 hzhu007 csmajs 13131 Apr 22 14:02 README.md[0m

../ucr-cs100/textbook/C++/C++14Standards:
total 28
drwx------  2 hzhu007 csmajs 4096 Apr 22 14:02 [48;5;243m[32;1m[34;1m.[0m
drwx------ 10 hzhu007 csmajs 4096 Apr 22 14:02 [48;5;243m[32;1m[34;1m..[0m
-rw-------  1 hzhu007 csmajs 7573 Apr 22 14:02 README.md[0m
-rw-------  1 hzhu007 csmajs 2017 Apr 22 14:02 returntypedeductionexample.cpp[0m
-rw-------  1 hzhu007 csmajs 1148 Apr 22 14:02 tupleaddressingexample.cpp[0m
-rw-------  1 hzhu007 csmajs 1498 Apr 22 14:02 variabletemplatesexample.cpp[0m

../ucr-cs100/textbook/C++/DataStructures:
total 36
drwx------  6 hzhu007 csmajs 4096 Apr 22 14:02 [48;5;243m[32;1m[34;1m.[0m
drwx------ 10 hzhu007 csmajs 4096 Apr 22 14:02 [48;5;243m[32;1m[34;1m..[0m
drwx------  2 hzhu007 csmajs 4096 Apr 22 14:02 [32;1m[34;1mlist[0m
drwx------  2 hzhu007 csmajs 4096 Apr 22 14:02 [32;1m[34;1mmap[0m
drwx------  2 hzhu007 csmajs 4096 Apr 22 14:02 [32;1m[34;1mqueue[0m
-rw-------  1 hzhu007 csmajs 9743 Apr 22 14:02 README.md[0m
drwx------  2 hzhu007 csmajs 4096 Apr 22 14:02 [32;1m[34;1mstack[0m

../ucr-cs100/textbook/C++/DataStructures/list:
total 12
drwx------ 2 hzhu007 csmajs 4096 Apr 22 14:02 [48;5;243m[32;1m[34;1m.[0m
drwx------ 6 hzhu007 csmajs 4096 Apr 22 14:02 [48;5;243m[32;1m[34;1m..[0m
-rw------- 1 hzhu007 csmajs  362 Apr 22 14:02 list.cpp[0m

../ucr-cs100/textbook/C++/DataStructures/map:
do_ypcall: clnt_call: RPC: Unable to send; errno = Operation not permitted
total 20
drwx------ 2 hzhu007 csmajs 4096 Apr 22 14:02 [48;5;243m[32;1m[34;1m.[0m
drwx------ 6 hzhu007 csmajs 4096 Apr 22 14:02 [48;5;243m[32;1m[34;1m..[0m
-rw------- 1 hzhu007 csmajs 2192 Apr 22 14:02 map.cpp[0m
-rw------- 1 hzhu007 csmajs 2007 Apr 22 14:02 map2.cpp[0m
-rw------- 1 hzhu007 csmajs  180 Apr 22 14:02 winners[0m

../ucr-cs100/textbook/C++/DataStructures/queue:
total 12
drwx------ 2 hzhu007 csmajs 4096 Apr 22 14:02 [48;5;243m[32;1m[34;1m.[0m
drwx------ 6 hzhu007 csmajs 4096 Apr 22 14:02 [48;5;243m[32;1m[34;1m..[0m
-rw------- 1 hzhu007 csmajs  348 Apr 22 14:02 queue.cpp[0m

../ucr-cs100/textbook/C++/DataStructures/stack:
total 12
drwx------ 2 hzhu007 csmajs 4096 Apr 22 14:02 [48;5;243m[32;1m[34;1m.[0m
drwx------ 6 hzhu007 csmajs 4096 Apr 22 14:02 [48;5;243m[32;1m[34;1m..[0m
-rw------- 1 hzhu007 csmajs  452 Apr 22 14:02 stack.cpp[0m

../ucr-cs100/textbook/C++/pseudocode:
do_ypcall: clnt_call: RPC: Unable to send; errno = Operation not permitted
total 32
drwx------  2 hzhu007 csmajs  4096 Apr 22 14:02 [48;5;243m[32;1m[34;1m.[0m
drwx------ 10 hzhu007 csmajs  4096 Apr 22 14:02 [48;5;243m[32;1m[34;1m..[0m
-rw-------  1 hzhu007 csmajs   279 Apr 22 14:02 Makefile[0m
-rw-------  1 hzhu007 csmajs 12209 Apr 22 14:02 README.md[0m
-rw-------  1 hzhu007 csmajs  5016 Apr 22 14:02 simple_model.cxx[0m

../ucr-cs100/textbook/C++/stl-map:
total 24
drwx------  2 hzhu007 csmajs 4096 Apr 22 14:02 [48;5;243m[32;1m[34;1m.[0m
drwx------ 10 hzhu007 csmajs 4096 Apr 22 14:02 [48;5;243m[32;1m[34;1m..[0m
-rw-------  1 hzhu007 csmajs 1184 Apr 22 14:02 ls_map.cpp[0m
-rw-------  1 hzhu007 csmajs 1081 Apr 22 14:02 month_map.cpp[0m
-rw-------  1 hzhu007 csmajs 4001 Apr 22 14:02 README.md[0m
-rw-------  1 hzhu007 csmajs 1173 Apr 22 14:02 UScoins.cpp[0m

../ucr-cs100/textbook/C++/templates:
do_ypcall: clnt_call: RPC: Unable to send; errno = Operation not permitted
total 28
drwx------  2 hzhu007 csmajs  4096 Apr 22 14:02 [48;5;243m[32;1m[34;1m.[0m
drwx------ 10 hzhu007 csmajs  4096 Apr 22 14:02 [48;5;243m[32;1m[34;1m..[0m
-rw-------  1 hzhu007 csmajs 17260 Apr 22 14:02 README.md[0m

../ucr-cs100/textbook/C++/time:
total 20
drwx------  2 hzhu007 csmajs 4096 Apr 22 14:02 [48;5;243m[32;1m[34;1m.[0m
drwx------ 10 hzhu007 csmajs 4096 Apr 22 14:02 [48;5;243m[32;1m[34;1m..[0m
-rw-------  1 hzhu007 csmajs 2354 Apr 22 14:02 time_example.cpp[0m
-rw-------  1 hzhu007 csmajs 7881 Apr 22 14:02 time_tutorial.md[0m

../ucr-cs100/textbook/casestudies:
total 12
drwx------ 3 hzhu007 csmajs 4096 Apr 22 14:02 [48;5;243m[32;1m[34;1m.[0m
drwx------ 7 hzhu007 csmajs 4096 Apr 22 14:02 [48;5;243m[32;1m[34;1m..[0m
drwx------ 2 hzhu007 csmajs 4096 Apr 22 14:02 [32;1m[34;1mioccc-hamano[0m

../ucr-cs100/textbook/casestudies/ioccc-hamano:
total 72
drwx------ 2 hzhu007 csmajs  4096 Apr 22 14:02 [48;5;243m[32;1m[34;1m.[0m
drwx------ 3 hzhu007 csmajs  4096 Apr 22 14:02 [48;5;243m[32;1m[34;1m..[0m
-rw------- 1 hzhu007 csmajs  5339 Apr 22 14:02 myhamano.c[0m
-rw------- 1 hzhu007 csmajs 12760 Apr 22 14:02 output.pdf[0m
-rw------- 1 hzhu007 csmajs 12941 Apr 22 14:02 outputORIG.pdf[0m
-rw------- 1 hzhu007 csmajs 20722 Apr 22 14:02 README.md[0m

../ucr-cs100/textbook/tools:
do_ypcall: clnt_call: RPC: Unable to send; errno = Operation not permitted
total 36
drwx------  9 hzhu007 csmajs 4096 Apr 22 14:02 [48;5;243m[32;1m[34;1m.[0m
drwx------  7 hzhu007 csmajs 4096 Apr 22 14:02 [48;5;243m[32;1m[34;1m..[0m
drwx------ 10 hzhu007 csmajs 4096 Apr 22 14:02 [32;1m[34;1mbash[0m
drwx------  2 hzhu007 csmajs 4096 Apr 22 14:02 [32;1m[34;1mcppcheck[0m
drwx------  5 hzhu007 csmajs 4096 Apr 22 14:02 [32;1m[34;1mgdb[0m
drwx------  5 hzhu007 csmajs 4096 Apr 22 14:02 [32;1m[34;1mgit[0m
drwx------  8 hzhu007 csmajs 4096 Apr 22 14:02 [32;1m[34;1mmake[0m
drwx------  2 hzhu007 csmajs 4096 Apr 22 14:02 [32;1m[34;1mvalgrind[0m
drwx------  3 hzhu007 csmajs 4096 Apr 22 14:02 [32;1m[34;1mxmonad[0m

../ucr-cs100/textbook/tools/bash:
do_ypcall: clnt_call: RPC: Unable to send; errno = Operation not permitted
total 40
drwx------ 10 hzhu007 csmajs 4096 Apr 22 14:02 [48;5;243m[32;1m[34;1m.[0m
drwx------  9 hzhu007 csmajs 4096 Apr 22 14:02 [48;5;243m[32;1m[34;1m..[0m
drwx------  2 hzhu007 csmajs 4096 Apr 22 14:02 [32;1m[34;1mbashrc[0m
drwx------  3 hzhu007 csmajs 4096 Apr 22 14:02 [32;1m[34;1mfile-permission[0m
drwx------  2 hzhu007 csmajs 4096 Apr 22 14:02 [32;1m[34;1mnctutorial[0m
drwx------  2 hzhu007 csmajs 4096 Apr 22 14:02 [32;1m[34;1mregex[0m
drwx------  2 hzhu007 csmajs 4096 Apr 22 14:02 [32;1m[34;1msed[0m
drwx------  2 hzhu007 csmajs 4096 Apr 22 14:02 [32;1m[34;1mshell-scripts[0m
drwx------  2 hzhu007 csmajs 4096 Apr 22 14:02 [32;1m[34;1mshell-tricks[0m
drwx------  2 hzhu007 csmajs 4096 Apr 22 14:02 [32;1m[34;1mstrace[0m

../ucr-cs100/textbook/tools/bash/bashrc:
total 28
drwx------  2 hzhu007 csmajs  4096 Apr 22 14:02 [48;5;243m[32;1m[34;1m.[0m
drwx------ 10 hzhu007 csmajs  4096 Apr 22 14:02 [48;5;243m[32;1m[34;1m..[0m
-rw-------  1 hzhu007 csmajs  3952 Apr 22 14:02 [48;5;243m.bashrc[0m
-rw-------  1 hzhu007 csmajs 12908 Apr 22 14:02 README.md[0m

../ucr-cs100/textbook/tools/bash/file-permission:
total 24
drwx------  3 hzhu007 csmajs 4096 Apr 22 14:02 [48;5;243m[32;1m[34;1m.[0m
drwx------ 10 hzhu007 csmajs 4096 Apr 22 14:02 [48;5;243m[32;1m[34;1m..[0m
drwx------  2 hzhu007 csmajs 4096 Apr 22 14:02 [32;1m[34;1mimage[0m
-rw-------  1 hzhu007 csmajs 8404 Apr 22 14:02 README.md[0m

../ucr-cs100/textbook/tools/bash/file-permission/image:
do_ypcall: clnt_call: RPC: Unable to send; errno = Operation not permitted
total 196
drwx------ 2 hzhu007 csmajs   4096 Apr 22 14:02 [48;5;243m[32;1m[34;1m.[0m
drwx------ 3 hzhu007 csmajs   4096 Apr 22 14:02 [48;5;243m[32;1m[34;1m..[0m
-rw------- 1 hzhu007 csmajs  19217 Apr 22 14:02 FS-layout.png[0m
-rw------- 1 hzhu007 csmajs   9157 Apr 22 14:02 permissions_diagram.gif[0m
-rw------- 1 hzhu007 csmajs  15810 Apr 22 14:02 Screenshot.png[0m
-rw------- 1 hzhu007 csmajs 135974 Apr 22 14:02 Screenshot1.png[0m

../ucr-cs100/textbook/tools/bash/nctutorial:
total 24
drwx------  2 hzhu007 csmajs  4096 Apr 22 14:02 [48;5;243m[32;1m[34;1m.[0m
drwx------ 10 hzhu007 csmajs  4096 Apr 22 14:02 [48;5;243m[32;1m[34;1m..[0m
-rw-------  1 hzhu007 csmajs 14382 Apr 22 14:02 README.md[0m

../ucr-cs100/textbook/tools/bash/regex:
total 20
drwx------  2 hzhu007 csmajs  4096 Apr 22 14:02 [48;5;243m[32;1m[34;1m.[0m
drwx------ 10 hzhu007 csmajs  4096 Apr 22 14:02 [48;5;243m[32;1m[34;1m..[0m
-rw-------  1 hzhu007 csmajs 11090 Apr 22 14:02 README.md[0m

../ucr-cs100/textbook/tools/bash/sed:
do_ypcall: clnt_call: RPC: Unable to send; errno = Operation not permitted
do_ypcall: clnt_call: RPC: Unable to send; errno = Operation not permitted
do_ypcall: clnt_call: RPC: Unable to send; errno = Operation not permitted
total 24
drwx------  2 hzhu007 csmajs  4096 Apr 22 14:02 [48;5;243m[32;1m[34;1m.[0m
drwx------ 10 hzhu007 csmajs  4096 Apr 22 14:02 [48;5;243m[32;1m[34;1m..[0m
-rw-------  1 hzhu007 csmajs 14748 Apr 22 14:02 README.md[0m

../ucr-cs100/textbook/tools/bash/shell-scripts:
total 20
drwx------  2 hzhu007 csmajs 4096 Apr 22 14:02 [48;5;243m[32;1m[34;1m.[0m
drwx------ 10 hzhu007 csmajs 4096 Apr 22 14:02 [48;5;243m[32;1m[34;1m..[0m
-rw-------  1 hzhu007 csmajs 8664 Apr 22 14:02 README.md[0m

../ucr-cs100/textbook/tools/bash/shell-tricks:
do_ypcall: clnt_call: RPC: Unable to send; errno = Operation not permitted
total 28
drwx------  2 hzhu007 csmajs  4096 Apr 22 14:02 [48;5;243m[32;1m[34;1m.[0m
drwx------ 10 hzhu007 csmajs  4096 Apr 22 14:02 [48;5;243m[32;1m[34;1m..[0m
-rw-------  1 hzhu007 csmajs 17058 Apr 22 14:02 README.md[0m

../ucr-cs100/textbook/tools/bash/strace:
do_ypcall: clnt_call: RPC: Unable to send; errno = Operation not permitted
total 36
drwx------  2 hzhu007 csmajs  4096 Apr 22 14:02 [48;5;243m[32;1m[34;1m.[0m
drwx------ 10 hzhu007 csmajs  4096 Apr 22 14:02 [48;5;243m[32;1m[34;1m..[0m
-rw-------  1 hzhu007 csmajs   450 Apr 22 14:02 example1.cpp[0m
-rw-------  1 hzhu007 csmajs   394 Apr 22 14:02 main.cpp[0m
-rw-------  1 hzhu007 csmajs 19972 Apr 22 14:02 README.md[0m

../ucr-cs100/textbook/tools/cppcheck:
do_ypcall: clnt_call: RPC: Unable to send; errno = Operation not permitted
total 20
drwx------ 2 hzhu007 csmajs  4096 Apr 22 14:02 [48;5;243m[32;1m[34;1m.[0m
drwx------ 9 hzhu007 csmajs  4096 Apr 22 14:02 [48;5;243m[32;1m[34;1m..[0m
-rw------- 1 hzhu007 csmajs 12167 Apr 22 14:02 README.md[0m

../ucr-cs100/textbook/tools/gdb:
total 24
drwx------ 5 hzhu007 csmajs 4096 Apr 22 14:02 [48;5;243m[32;1m[34;1m.[0m
drwx------ 9 hzhu007 csmajs 4096 Apr 22 14:02 [48;5;243m[32;1m[34;1m..[0m
drwx------ 2 hzhu007 csmajs 4096 Apr 22 14:02 [32;1m[34;1mex1[0m
drwx------ 2 hzhu007 csmajs 4096 Apr 22 14:02 [32;1m[34;1mex2[0m
drwx------ 2 hzhu007 csmajs 4096 Apr 22 14:02 [32;1m[34;1mex3[0m
-rw------- 1 hzhu007 csmajs 2070 Apr 22 14:02 README.md[0m

../ucr-cs100/textbook/tools/gdb/ex1:
do_ypcall: clnt_call: RPC: Unable to send; errno = Operation not permitted
do_ypcall: clnt_call: RPC: Unable to send; errno = Operation not permitted
total 24
drwx------ 2 hzhu007 csmajs 4096 Apr 22 14:02 [48;5;243m[32;1m[34;1m.[0m
drwx------ 5 hzhu007 csmajs 4096 Apr 22 14:02 [48;5;243m[32;1m[34;1m..[0m
-rw------- 1 hzhu007 csmajs  253 Apr 22 14:02 ex1.cpp[0m
-rw------- 1 hzhu007 csmajs 9862 Apr 22 14:02 README.md[0m

../ucr-cs100/textbook/tools/gdb/ex2:
total 20
drwx------ 2 hzhu007 csmajs 4096 Apr 22 14:02 [48;5;243m[32;1m[34;1m.[0m
drwx------ 5 hzhu007 csmajs 4096 Apr 22 14:02 [48;5;243m[32;1m[34;1m..[0m
-rw------- 1 hzhu007 csmajs  303 Apr 22 14:02 ex2.cpp[0m
-rw------- 1 hzhu007 csmajs 6876 Apr 22 14:02 README.md[0m

../ucr-cs100/textbook/tools/gdb/ex3:
do_ypcall: clnt_call: RPC: Unable to send; errno = Operation not permitted
total 16
drwx------ 2 hzhu007 csmajs 4096 Apr 22 14:02 [48;5;243m[32;1m[34;1m.[0m
drwx------ 5 hzhu007 csmajs 4096 Apr 22 14:02 [48;5;243m[32;1m[34;1m..[0m
-rw------- 1 hzhu007 csmajs  230 Apr 22 14:02 ex3.cpp[0m
-rw------- 1 hzhu007 csmajs 1262 Apr 22 14:02 README.md[0m

../ucr-cs100/textbook/tools/git:
total 20
drwx------ 5 hzhu007 csmajs 4096 Apr 22 14:02 [48;5;243m[32;1m[34;1m.[0m
drwx------ 9 hzhu007 csmajs 4096 Apr 22 14:02 [48;5;243m[32;1m[34;1m..[0m
drwx------ 3 hzhu007 csmajs 4096 Apr 22 14:02 [32;1m[34;1madvanced-git-commands[0m
drwx------ 2 hzhu007 csmajs 4096 Apr 22 14:02 [32;1m[34;1mhandling-large-files-in-your-repo[0m
drwx------ 2 hzhu007 csmajs 4096 Apr 22 14:02 [32;1m[34;1mmanagaing-your-forked-repo[0m

../ucr-cs100/textbook/tools/git/advanced-git-commands:
total 40
drwx------ 3 hzhu007 csmajs  4096 Apr 22 14:02 [48;5;243m[32;1m[34;1m.[0m
drwx------ 5 hzhu007 csmajs  4096 Apr 22 14:02 [48;5;243m[32;1m[34;1m..[0m
drwx------ 2 hzhu007 csmajs  4096 Apr 22 14:02 [32;1m[34;1mimage[0m
-rw------- 1 hzhu007 csmajs  4420 Apr 22 14:02 Patch.md[0m
-rw------- 1 hzhu007 csmajs 13139 Apr 22 14:02 Rebase.md[0m
-rw------- 1 hzhu007 csmajs  2551 Apr 22 14:02 Stash.md[0m

../ucr-cs100/textbook/tools/git/advanced-git-commands/image:
total 176
drwx------ 2 hzhu007 csmajs  4096 Apr 22 14:02 [48;5;243m[32;1m[34;1m.[0m
drwx------ 3 hzhu007 csmajs  4096 Apr 22 14:02 [48;5;243m[32;1m[34;1m..[0m
-rw------- 1 hzhu007 csmajs  7986 Apr 22 14:02 commit1.png[0m
-rw------- 1 hzhu007 csmajs  5227 Apr 22 14:02 commit2.png[0m
-rw------- 1 hzhu007 csmajs  9191 Apr 22 14:02 commit3conflict.png[0m
-rw------- 1 hzhu007 csmajs  8195 Apr 22 14:02 commit4rebase.png[0m
-rw------- 1 hzhu007 csmajs  8196 Apr 22 14:02 commit4rebaseonto.png[0m
-rw------- 1 hzhu007 csmajs 11797 Apr 22 14:02 rebase1.png[0m
-rw------- 1 hzhu007 csmajs 29198 Apr 22 14:02 rebase2.png[0m
-rw------- 1 hzhu007 csmajs 33950 Apr 22 14:02 rebase3.png[0m
-rw------- 1 hzhu007 csmajs 33896 Apr 22 14:02 rebase4.png[0m

../ucr-cs100/textbook/tools/git/handling-large-files-in-your-repo:
total 12
drwx------ 2 hzhu007 csmajs 4096 Apr 22 14:02 [48;5;243m[32;1m[34;1m.[0m
drwx------ 5 hzhu007 csmajs 4096 Apr 22 14:02 [48;5;243m[32;1m[34;1m..[0m
-rw------- 1 hzhu007 csmajs 1670 Apr 22 14:02 README.md[0m

../ucr-cs100/textbook/tools/git/managaing-your-forked-repo:
total 20
drwx------ 2 hzhu007 csmajs 4096 Apr 22 14:02 [48;5;243m[32;1m[34;1m.[0m
drwx------ 5 hzhu007 csmajs 4096 Apr 22 14:02 [48;5;243m[32;1m[34;1m..[0m
-rw------- 1 hzhu007 csmajs 8831 Apr 22 14:02 README.md[0m

../ucr-cs100/textbook/tools/make:
do_ypcall: clnt_call: RPC: Unable to send; errno = Operation not permitted
total 44
drwx------ 8 hzhu007 csmajs 4096 Apr 22 14:02 [48;5;243m[32;1m[34;1m.[0m
drwx------ 9 hzhu007 csmajs 4096 Apr 22 14:02 [48;5;243m[32;1m[34;1m..[0m
drwx------ 3 hzhu007 csmajs 4096 Apr 22 14:02 [32;1m[34;1mcs100HW4[0m
drwx------ 2 hzhu007 csmajs 4096 Apr 22 14:02 [32;1m[34;1mexample1[0m
drwx------ 2 hzhu007 csmajs 4096 Apr 22 14:02 [32;1m[34;1mexample2[0m
drwx------ 2 hzhu007 csmajs 4096 Apr 22 14:02 [32;1m[34;1mexample3[0m
drwx------ 2 hzhu007 csmajs 4096 Apr 22 14:02 [32;1m[34;1mexample4[0m
drwx------ 3 hzhu007 csmajs 4096 Apr 22 14:02 [32;1m[34;1mexample5[0m
-rw------- 1 hzhu007 csmajs 8348 Apr 22 14:02 README.md[0m

../ucr-cs100/textbook/tools/make/cs100HW4:
total 28
drwx------ 3 hzhu007 csmajs 4096 Apr 22 14:02 [48;5;243m[32;1m[34;1m.[0m
drwx------ 8 hzhu007 csmajs 4096 Apr 22 14:02 [48;5;243m[32;1m[34;1m..[0m
-rw------- 1 hzhu007 csmajs  369 Apr 22 14:02 Makefile[0m
-rw------- 1 hzhu007 csmajs 9473 Apr 22 14:02 README.md[0m
drwx------ 2 hzhu007 csmajs 4096 Apr 22 14:02 [32;1m[34;1msrc[0m

../ucr-cs100/textbook/tools/make/cs100HW4/src:
total 16
drwx------ 2 hzhu007 csmajs 4096 Apr 22 14:02 [48;5;243m[32;1m[34;1m.[0m
drwx------ 3 hzhu007 csmajs 4096 Apr 22 14:02 [48;5;243m[32;1m[34;1m..[0m
-rw------- 1 hzhu007 csmajs   95 Apr 22 14:02 hello.cpp[0m
-rw------- 1 hzhu007 csmajs  316 Apr 22 14:02 iterator.cpp[0m

../ucr-cs100/textbook/tools/make/example1:
total 8
drwx------ 2 hzhu007 csmajs 4096 Apr 22 14:02 [48;5;243m[32;1m[34;1m.[0m
drwx------ 8 hzhu007 csmajs 4096 Apr 22 14:02 [48;5;243m[32;1m[34;1m..[0m
-rw------- 1 hzhu007 csmajs   60 Apr 22 14:02 hello.c[0m
-rw------- 1 hzhu007 csmajs   28 Apr 22 14:02 Makefile[0m

../ucr-cs100/textbook/tools/make/example2:
do_ypcall: clnt_call: RPC: Unable to send; errno = Operation not permitted
total 12
drwx------ 2 hzhu007 csmajs 4096 Apr 22 14:02 [48;5;243m[32;1m[34;1m.[0m
drwx------ 8 hzhu007 csmajs 4096 Apr 22 14:02 [48;5;243m[32;1m[34;1m..[0m
-rw------- 1 hzhu007 csmajs   53 Apr 22 14:02 file.c[0m
-rw------- 1 hzhu007 csmajs   12 Apr 22 14:02 file.h[0m
-rw------- 1 hzhu007 csmajs   42 Apr 22 14:02 main.c[0m
-rw------- 1 hzhu007 csmajs  163 Apr 22 14:02 Makefile[0m

../ucr-cs100/textbook/tools/make/example3:
total 12
drwx------ 2 hzhu007 csmajs 4096 Apr 22 14:02 [48;5;243m[32;1m[34;1m.[0m
drwx------ 8 hzhu007 csmajs 4096 Apr 22 14:02 [48;5;243m[32;1m[34;1m..[0m
-rw------- 1 hzhu007 csmajs   53 Apr 22 14:02 file.c[0m
-rw------- 1 hzhu007 csmajs   12 Apr 22 14:02 file.h[0m
-rw------- 1 hzhu007 csmajs   42 Apr 22 14:02 main.c[0m
-rw------- 1 hzhu007 csmajs  186 Apr 22 14:02 Makefile[0m

../ucr-cs100/textbook/tools/make/example4:
total 12
drwx------ 2 hzhu007 csmajs 4096 Apr 22 14:02 [48;5;243m[32;1m[34;1m.[0m
drwx------ 8 hzhu007 csmajs 4096 Apr 22 14:02 [48;5;243m[32;1m[34;1m..[0m
-rw------- 1 hzhu007 csmajs   53 Apr 22 14:02 file.c[0m
-rw------- 1 hzhu007 csmajs   12 Apr 22 14:02 file.h[0m
-rw------- 1 hzhu007 csmajs   42 Apr 22 14:02 main.c[0m
-rw------- 1 hzhu007 csmajs  177 Apr 22 14:02 Makefile[0m

../ucr-cs100/textbook/tools/make/example5:
total 16
drwx------ 3 hzhu007 csmajs 4096 Apr 22 14:02 [48;5;243m[32;1m[34;1m.[0m
drwx------ 8 hzhu007 csmajs 4096 Apr 22 14:02 [48;5;243m[32;1m[34;1m..[0m
-rw------- 1 hzhu007 csmajs  282 Apr 22 14:02 Makefile[0m
drwx------ 2 hzhu007 csmajs 4096 Apr 22 14:02 [32;1m[34;1msrc[0m

../ucr-cs100/textbook/tools/make/example5/src:
do_ypcall: clnt_call: RPC: Unable to send; errno = Operation not permitted
total 8
drwx------ 2 hzhu007 csmajs 4096 Apr 22 14:02 [48;5;243m[32;1m[34;1m.[0m
drwx------ 3 hzhu007 csmajs 4096 Apr 22 14:02 [48;5;243m[32;1m[34;1m..[0m
-rw------- 1 hzhu007 csmajs   53 Apr 22 14:02 file.c[0m
-rw------- 1 hzhu007 csmajs   12 Apr 22 14:02 file.h[0m
-rw------- 1 hzhu007 csmajs   42 Apr 22 14:02 main.c[0m

../ucr-cs100/textbook/tools/valgrind:
do_ypcall: clnt_call: RPC: Unable to send; errno = Operation not permitted
total 32
drwx------ 2 hzhu007 csmajs  4096 Apr 22 14:02 [48;5;243m[32;1m[34;1m.[0m
drwx------ 9 hzhu007 csmajs  4096 Apr 22 14:02 [48;5;243m[32;1m[34;1m..[0m
-rw------- 1 hzhu007 csmajs   122 Apr 22 14:02 example1.cpp[0m
-rw------- 1 hzhu007 csmajs   563 Apr 22 14:02 example2.cpp[0m
-rw------- 1 hzhu007 csmajs 14429 Apr 22 14:02 README.md[0m

../ucr-cs100/textbook/tools/xmonad:
total 20
drwx------ 3 hzhu007 csmajs 4096 Apr 22 14:02 [48;5;243m[32;1m[34;1m.[0m
drwx------ 9 hzhu007 csmajs 4096 Apr 22 14:02 [48;5;243m[32;1m[34;1m..[0m
drwx------ 2 hzhu007 csmajs 4096 Apr 22 14:02 [32;1m[34;1mimages[0m
-rw------- 1 hzhu007 csmajs 6157 Apr 22 14:02 README.md[0m

../ucr-cs100/textbook/tools/xmonad/images:
total 348
drwx------ 2 hzhu007 csmajs   4096 Apr 22 14:02 [48;5;243m[32;1m[34;1m.[0m
drwx------ 3 hzhu007 csmajs   4096 Apr 22 14:02 [48;5;243m[32;1m[34;1m..[0m
-rw------- 1 hzhu007 csmajs 130823 Apr 22 14:02 blanks.png[0m
-rw------- 1 hzhu007 csmajs  13147 Apr 22 14:02 dmenus.png[0m
-rw------- 1 hzhu007 csmajs  57956 Apr 22 14:02 login.png[0m
-rw------- 1 hzhu007 csmajs  11805 Apr 22 14:02 term2bss.png[0m
-rw------- 1 hzhu007 csmajs   7819 Apr 22 14:02 term2s.png[0m
-rw------- 1 hzhu007 csmajs  12064 Apr 22 14:02 term2ws.png[0m
-rw------- 1 hzhu007 csmajs  12733 Apr 22 14:02 term3s.png[0m
-rw------- 1 hzhu007 csmajs   7247 Apr 22 14:02 terms.png[0m
-rw------- 1 hzhu007 csmajs  72079 Apr 22 14:02 xmes.png[0m

./src:
do_ypcall: clnt_call: RPC: Unable to send; errno = Operation not permitted
total 92
drwx------ 2 hzhu007 csmajs  4096 May 01 22:12 [48;5;243m[32;1m[34;1m.[0m
drwx------ 6 hzhu007 csmajs  4096 May 01 21:53 [48;5;243m[32;1m[34;1m..[0m
-rw------- 1 hzhu007 csmajs 16384 May 01 22:13 [48;5;243m.ls.cpp.swp[0m
-rwx------ 1 hzhu007 csmajs 43806 May 01 02:55 [32;1ma.out[0m
-rw------- 1 hzhu007 csmajs 14231 May 01 21:38 ls.cpp[0m
-rw------- 1 hzhu007 csmajs  5718 Apr 19 17:27 main.cpp[0m

src/:
total 92
drwx------ 2 hzhu007 csmajs  4096 May 01 22:12 [48;5;243m[32;1m[34;1m.[0m
drwx------ 6 hzhu007 csmajs  4096 May 01 21:53 [48;5;243m[32;1m[34;1m..[0m
-rw------- 1 hzhu007 csmajs 16384 May 01 22:13 [48;5;243m.ls.cpp.swp[0m
-rwx------ 1 hzhu007 csmajs 43806 May 01 02:55 [32;1ma.out[0m
-rw------- 1 hzhu007 csmajs 14231 May 01 21:38 ls.cpp[0m
-rw------- 1 hzhu007 csmajs  5718 Apr 19 17:27 main.cpp[0m

bin:
total 68
drwx------ 2 hzhu007 csmajs  4096 May 01 21:53 [48;5;243m[32;1m[34;1m.[0m
drwx------ 6 hzhu007 csmajs  4096 May 01 21:53 [48;5;243m[32;1m[34;1m..[0m
-rwx------ 1 hzhu007 csmajs 41725 May 01 21:53 [32;1mls[0m
-rwx------ 1 hzhu007 csmajs 12321 May 01 21:53 [32;1mrshell[0m

../ucr-cs100/people:
do_ypcall: clnt_call: RPC: Unable to send; errno = Operation not permitted
total 16
drwx------ 4 hzhu007 csmajs 4096 Apr 08 15:46 [48;5;243m[32;1m[34;1m.[0m
drwx------ 9 hzhu007 csmajs 4096 Apr 22 14:02 [48;5;243m[32;1m[34;1m..[0m
drwx------ 2 hzhu007 csmajs 4096 Apr 22 14:02 [32;1m[34;1minstructors[0m
drwx------ 2 hzhu007 csmajs 4096 Apr 22 14:02 [32;1m[34;1mstudents[0m

../ucr-cs100/people/instructors:
total 32
drwx------ 2 hzhu007 csmajs 4096 Apr 22 14:02 [48;5;243m[32;1m[34;1m.[0m
drwx------ 4 hzhu007 csmajs 4096 Apr 08 15:46 [48;5;243m[32;1m[34;1m..[0m
-rw------- 1 hzhu007 csmajs 1140 Apr 22 14:02 benavidz@cs.ucr.edu[0m
-rw------- 1 hzhu007 csmajs 1134 Apr 22 14:02 busracelikkaya@gmail.com[0m
-rw------- 1 hzhu007 csmajs 6836 Apr 22 14:02 mike@izbicki.me[0m
-rw------- 1 hzhu007 csmajs  182 Apr 08 15:46 README.md[0m
-rw------- 1 hzhu007 csmajs 1134 Apr 08 15:46 tkim049@cs.ucr.edu[0m

../ucr-cs100/people/students:
total 112
drwx------ 2 hzhu007 csmajs 4096 Apr 22 14:02 [48;5;243m[32;1m[34;1m.[0m
drwx------ 4 hzhu007 csmajs 4096 Apr 08 15:46 [48;5;243m[32;1m[34;1m..[0m
-rw------- 1 hzhu007 csmajs  162 Apr 22 14:02 amah001[0m
-rw------- 1 hzhu007 csmajs  171 Apr 22 14:02 cbarb005[0m
-rw------- 1 hzhu007 csmajs  182 Apr 22 14:02 cdixi001[0m
-rw------- 1 hzhu007 csmajs  166 Apr 22 14:02 dding002[0m
-rw------- 1 hzhu007 csmajs  170 Apr 22 14:02 echan031[0m
-rw------- 1 hzhu007 csmajs  201 Apr 22 14:02 examplestudent[0m
-rw------- 1 hzhu007 csmajs  167 Apr 22 14:02 htang014[0m
-rw------- 1 hzhu007 csmajs  164 Apr 22 14:02 hzhu007[0m
-rw------- 1 hzhu007 csmajs  185 Apr 22 14:02 ichor001[0m
-rw------- 1 hzhu007 csmajs  183 Apr 08 15:46 jbarb011[0m
-rw------- 1 hzhu007 csmajs  172 Apr 22 14:02 jle034[0m
-rw------- 1 hzhu007 csmajs  174 Apr 22 14:02 jtran071[0m
-rw------- 1 hzhu007 csmajs  433 Apr 22 14:02 kchan049[0m
-rw------- 1 hzhu007 csmajs  181 Apr 22 14:02 kkimb003[0m
-rw------- 1 hzhu007 csmajs  171 Apr 22 14:02 kkita004[0m
-rw------- 1 hzhu007 csmajs  195 Apr 22 14:02 kluu006[0m
-rw------- 1 hzhu007 csmajs  178 Apr 22 14:02 knels012[0m
-rw------- 1 hzhu007 csmajs  176 Apr 22 14:02 masfo001[0m
-rw------- 1 hzhu007 csmajs  179 Apr 22 14:02 mchen046[0m
-rw------- 1 hzhu007 csmajs  171 Apr 22 14:02 phung001[0m
-rw------- 1 hzhu007 csmajs  179 Apr 22 14:02 rheng001[0m
-rw------- 1 hzhu007 csmajs  182 Apr 22 14:02 ttruo018[0m
-rw------- 1 hzhu007 csmajs  182 Apr 22 14:02 unara001[0m
-rw------- 1 hzhu007 csmajs  166 Apr 22 14:02 ycao006[0m
-rw------- 1 hzhu007 csmajs  174 Apr 22 14:02 ykamo001[0m
-rw------- 1 hzhu007 csmajs  159 Apr 22 14:02 zzhou007[0m
~/rshell
hzhu007@hammer $ #combination
~/rshell
hzhu007@hammer $ :[Kbin/ls ./ -a src/ls.cpp
src/ls.cpp[0m

./:
[48;5;243m[32;1m[34;1m.[0m  [48;5;243m[32;1m[34;1m..[0m  [48;5;243m[32;1m[34;1m.git[0m  [32;1m[34;1mbin[0m  LICENSE[0m  Makefile[0m  README.md[0m  [32;1m[34;1msrc[0m  [32;1m[34;1mtests[0m
~/rshell
hzhu007@hammer $ bin/ls ./ -a src/ls.cpp -l ..
total 16
-rw------- 1 hzhu007 csmajs 14231 May 01 21:38 src/ls.cpp[0m

./:
do_ypcall: clnt_call: RPC: Unable to send; errno = Operation not permitted
total 52
drwx------  6 hzhu007 csmajs  4096 May 01 21:53 [48;5;243m[32;1m[34;1m.[0m
drwx------ 13 hzhu007 csmajs  4096 May 01 22:56 [48;5;243m[32;1m[34;1m..[0m
drwx------  8 hzhu007 csmajs  4096 May 01 19:59 [48;5;243m[32;1m[34;1m.git[0m
drwx------  2 hzhu007 csmajs  4096 May 01 21:53 [32;1m[34;1mbin[0m
-rw-------  1 hzhu007 csmajs 18047 Apr 15 19:07 LICENSE[0m
-rw-------  1 hzhu007 csmajs   365 May 01 21:52 Makefile[0m
-rw-------  1 hzhu007 csmajs  3865 May 01 15:40 README.md[0m
drwx------  2 hzhu007 csmajs  4096 May 01 22:12 [32;1m[34;1msrc[0m
drwx------  2 hzhu007 csmajs  4096 May 01 22:56 [32;1m[34;1mtests[0m

..:
do_ypcall: clnt_call: RPC: Unable to send; errno = Operation not permitted
total 296
drwx------   13 hzhu007 csmajs   4096 May 01 22:56 [48;5;243m[32;1m[34;1m.[0m
drwx--x--x 1263 hzhu007 csmajs 200704 May 01 12:20 [48;5;243m[32;1m[34;1m..[0m
-rw-------    1 hzhu007 csmajs  12288 Apr 15 16:55 [48;5;243m.a.cpp.swp[0m
-rw-------    1 hzhu007 csmajs   2339 May 01 22:54 [48;5;243m.bash_history[0m
-rw-------    1 hzhu007 csmajs     24 Sep 19 16:48 [48;5;243m.bash_logout[0m
-rw-------    1 hzhu007 csmajs   1300 May 01 01:29 [48;5;243m.bashrc[0m
drwx------    7 hzhu007 csmajs   4096 Apr 29 17:13 [48;5;243m[32;1m[34;1m.git[0m
-rw-------    1 hzhu007 csmajs     21 Apr 08 14:59 [48;5;243m.gitconfig[0m
drwx------    3 hzhu007 csmajs   4096 Apr 23 13:42 [48;5;243m[32;1m[34;1m.gitlearn[0m
drwx------    2 hzhu007 csmajs   4096 Apr 28 15:28 [48;5;243m[32;1m[34;1m.gnupg[0m
-rw-------    1 hzhu007 csmajs     35 Apr 01 14:45 [48;5;243m.lesshst[0m
drwx------    3 hzhu007 csmajs   4096 Apr 08 15:45 [48;5;243m[32;1m[34;1m.pki[0m
-rw-------    1 hzhu007 csmajs    965 Sep 19 16:49 [48;5;243m.profile[0m
drwx------    3 hzhu007 csmajs   4096 May 01 02:29 [48;5;243m[32;1m[34;1m.vim[0m
-rw-------    1 hzhu007 csmajs  19076 May 01 22:56 [48;5;243m.viminfo[0m
-rw-------    1 hzhu007 csmajs   2211 May 01 01:34 [48;5;243m.vimrc[0m
drwx------    3 hzhu007 csmajs   4096 Apr 08 15:46 [32;1m[34;1mfirstrepo[0m
drwx------    5 hzhu007 csmajs   4096 Apr 18 16:29 [32;1m[34;1mgdb[0m
drwx------    6 hzhu007 csmajs   4096 May 01 21:53 [32;1m[34;1mrshell[0m
drwx------    6 hzhu007 csmajs   4096 Apr 29 16:03 [32;1m[34;1mrshell-1[0m
drwx------    5 hzhu007 csmajs   4096 May 01 15:01 [32;1m[34;1mtest[0m
drwx------    9 hzhu007 csmajs   4096 Apr 22 14:02 [32;1m[34;1mucr-cs100[0m
~/rshell
hzhu007@hammer $ bin/ls ../ucr-cs100/textbook -Rl src/ls.cpp ..
total 16
-rw------- 1 hzhu007 csmajs 14231 May 01 21:38 src/ls.cpp[0m

../ucr-cs100/textbook:
total 20
drwx------  9 hzhu007 csmajs 4096 Apr 22 14:02 [32;1m[34;1massignment-help[0m
drwx------  5 hzhu007 csmajs 4096 Apr 22 14:02 [32;1m[34;1mbestpractices[0m
drwx------ 10 hzhu007 csmajs 4096 Apr 22 14:02 [32;1m[34;1mC++[0m
drwx------  3 hzhu007 csmajs 4096 Apr 22 14:02 [32;1m[34;1mcasestudies[0m
drwx------  9 hzhu007 csmajs 4096 Apr 22 14:02 [32;1m[34;1mtools[0m

../ucr-cs100/textbook/assignment-help:
total 28
drwx------ 2 hzhu007 csmajs 4096 Apr 22 14:02 [32;1m[34;1mbitwise-ops[0m
drwx------ 3 hzhu007 csmajs 4096 Apr 22 14:02 [32;1m[34;1mBoostTokenizer[0m
drwx------ 2 hzhu007 csmajs 4096 Apr 22 14:02 [32;1m[34;1mmacros[0m
drwx------ 2 hzhu007 csmajs 4096 Apr 22 14:02 [32;1m[34;1moutput-formatting-in-c++[0m
drwx------ 2 hzhu007 csmajs 4096 Apr 22 14:02 [32;1m[34;1msort[0m
drwx------ 2 hzhu007 csmajs 4096 Apr 22 14:02 [32;1m[34;1mstrtok[0m
drwx------ 2 hzhu007 csmajs 4096 Apr 22 14:02 [32;1m[34;1msyscalls[0m

../ucr-cs100/textbook/assignment-help/bitwise-ops:
total 20
-rw------- 1 hzhu007 csmajs 17699 Apr 22 14:02 README.md[0m

../ucr-cs100/textbook/assignment-help/BoostTokenizer:
total 16
-rw------- 1 hzhu007 csmajs 11278 Apr 22 14:02 README.md[0m
drwx------ 2 hzhu007 csmajs  4096 Apr 22 14:02 [32;1m[34;1msrc[0m

../ucr-cs100/textbook/assignment-help/BoostTokenizer/src:
total 20
-rw------- 1 hzhu007 csmajs 311 Apr 22 14:02 ex_1.cpp[0m
-rw------- 1 hzhu007 csmajs 502 Apr 22 14:02 ex_2.cpp[0m
-rw------- 1 hzhu007 csmajs 467 Apr 22 14:02 ex_3.cpp[0m
-rw------- 1 hzhu007 csmajs 550 Apr 22 14:02 ex_4.cpp[0m
-rw------- 1 hzhu007 csmajs 575 Apr 22 14:02 ex_5.cpp[0m

../ucr-cs100/textbook/assignment-help/macros:
total 12
-rw------- 1 hzhu007 csmajs 8910 Apr 22 14:02 README.md[0m

../ucr-cs100/textbook/assignment-help/output-formatting-in-c++:
total 16
-rw------- 1 hzhu007 csmajs 1845 Apr 22 14:02 ANSIfontUtils.h[0m
-rw------- 1 hzhu007 csmajs 8305 Apr 22 14:02 README.md[0m

../ucr-cs100/textbook/assignment-help/sort:
total 52
-rw------- 1 hzhu007 csmajs   919 Apr 22 14:02 10th_example.cpp[0m
-rw------- 1 hzhu007 csmajs   490 Apr 22 14:02 1st_example.cpp[0m
-rw------- 1 hzhu007 csmajs   373 Apr 22 14:02 2nd_example.cpp[0m
-rw------- 1 hzhu007 csmajs   395 Apr 22 14:02 3rd_example.cpp[0m
-rw------- 1 hzhu007 csmajs   447 Apr 22 14:02 4th_example.cpp[0m
-rw------- 1 hzhu007 csmajs   610 Apr 22 14:02 5th_example.cpp[0m
-rw------- 1 hzhu007 csmajs   677 Apr 22 14:02 6th_example.cpp[0m
-rw------- 1 hzhu007 csmajs   818 Apr 22 14:02 7th_example.cpp[0m
-rw------- 1 hzhu007 csmajs   246 Apr 22 14:02 8th_example.cpp[0m
-rw------- 1 hzhu007 csmajs   604 Apr 22 14:02 9th_example.cpp[0m
-rw------- 1 hzhu007 csmajs 10352 Apr 22 14:02 README.md[0m

../ucr-cs100/textbook/assignment-help/strtok:
total 24
-rw------- 1 hzhu007 csmajs 23438 Apr 22 14:02 README.md[0m

../ucr-cs100/textbook/assignment-help/syscalls:
total 72
-rw------- 1 hzhu007 csmajs  2544 Apr 22 14:02 dir.md[0m
-rw------- 1 hzhu007 csmajs   991 Apr 22 14:02 dir_code.cpp[0m
-rw------- 1 hzhu007 csmajs 13267 Apr 22 14:02 exec.md[0m
-rw------- 1 hzhu007 csmajs  4600 Apr 22 14:02 fd.md[0m
-rw------- 1 hzhu007 csmajs  1221 Apr 22 14:02 fd_code.cpp[0m
-rw------- 1 hzhu007 csmajs    29 Apr 22 14:02 fileold[0m
-rw------- 1 hzhu007 csmajs  3780 Apr 22 14:02 getinfo.md[0m
-rw------- 1 hzhu007 csmajs  8366 Apr 22 14:02 io.md[0m
-rw------- 1 hzhu007 csmajs   254 Apr 22 14:02 Makefile[0m
-rw------- 1 hzhu007 csmajs  6719 Apr 22 14:02 README.md[0m
-rw------- 1 hzhu007 csmajs  4434 Apr 22 14:02 stat.md[0m

../ucr-cs100/textbook/bestpractices:
total 12
drwx------ 4 hzhu007 csmajs 4096 Apr 22 14:02 [32;1m[34;1mTestDrivenDevelopment[0m
drwx------ 2 hzhu007 csmajs 4096 Apr 22 14:02 [32;1m[34;1mWritingGoodTestCases[0m
drwx------ 2 hzhu007 csmajs 4096 Apr 22 14:02 [32;1m[34;1mWritingREADMEs[0m

../ucr-cs100/textbook/bestpractices/TestDrivenDevelopment:
total 20
-rw------- 1 hzhu007 csmajs 8473 Apr 22 14:02 README.md[0m
drwx------ 2 hzhu007 csmajs 4096 Apr 22 14:02 [32;1m[34;1msrc[0m
drwx------ 2 hzhu007 csmajs 4096 Apr 22 14:02 [32;1m[34;1mtests[0m

../ucr-cs100/textbook/bestpractices/TestDrivenDevelopment/src:
total 4
-rw------- 1 hzhu007 csmajs 274 Apr 22 14:02 string_tok.cpp[0m

../ucr-cs100/textbook/bestpractices/TestDrivenDevelopment/tests:
total 8
-rw------- 1 hzhu007 csmajs 556 Apr 22 14:02 test_project_euler.cpp[0m
-rw------- 1 hzhu007 csmajs 776 Apr 22 14:02 test_string_tok.cpp[0m

../ucr-cs100/textbook/bestpractices/WritingGoodTestCases:
total 76
-rw------- 1 hzhu007 csmajs 48261 Apr 22 14:02 hw0-example.ods[0m
-rw------- 1 hzhu007 csmajs  9906 Apr 22 14:02 README.md[0m
-rw------- 1 hzhu007 csmajs 16148 Apr 22 14:02 template.ods[0m

../ucr-cs100/textbook/bestpractices/WritingREADMEs:
total 16
-rw------- 1 hzhu007 csmajs 4571 Apr 22 14:02 Markdown.md[0m
-rw------- 1 hzhu007 csmajs 5480 Apr 22 14:02 README.md[0m

../ucr-cs100/textbook/C++:
total 32
drwx------ 2 hzhu007 csmajs 4096 Apr 22 14:02 [32;1m[34;1mboost[0m
drwx------ 2 hzhu007 csmajs 4096 Apr 22 14:02 [32;1m[34;1mC++11features[0m
drwx------ 2 hzhu007 csmajs 4096 Apr 22 14:02 [32;1m[34;1mC++14Standards[0m
drwx------ 6 hzhu007 csmajs 4096 Apr 22 14:02 [32;1m[34;1mDataStructures[0m
drwx------ 2 hzhu007 csmajs 4096 Apr 22 14:02 [32;1m[34;1mpseudocode[0m
drwx------ 2 hzhu007 csmajs 4096 Apr 22 14:02 [32;1m[34;1mstl-map[0m
drwx------ 2 hzhu007 csmajs 4096 Apr 22 14:02 [32;1m[34;1mtemplates[0m
drwx------ 2 hzhu007 csmajs 4096 Apr 22 14:02 [32;1m[34;1mtime[0m

../ucr-cs100/textbook/C++/boost:
total 20
-rw------- 1 hzhu007 csmajs 8048 Apr 22 14:02 containers-and-tribools.md[0m
-rw------- 1 hzhu007 csmajs 9724 Apr 22 14:02 smartpointers.md[0m

../ucr-cs100/textbook/C++/C++11features:
total 16
-rw------- 1 hzhu007 csmajs 13131 Apr 22 14:02 README.md[0m

../ucr-cs100/textbook/C++/C++14Standards:
total 20
-rw------- 1 hzhu007 csmajs 7573 Apr 22 14:02 README.md[0m
-rw------- 1 hzhu007 csmajs 2017 Apr 22 14:02 returntypedeductionexample.cpp[0m
-rw------- 1 hzhu007 csmajs 1148 Apr 22 14:02 tupleaddressingexample.cpp[0m
-rw------- 1 hzhu007 csmajs 1498 Apr 22 14:02 variabletemplatesexample.cpp[0m

../ucr-cs100/textbook/C++/DataStructures:
total 28
drwx------ 2 hzhu007 csmajs 4096 Apr 22 14:02 [32;1m[34;1mlist[0m
drwx------ 2 hzhu007 csmajs 4096 Apr 22 14:02 [32;1m[34;1mmap[0m
drwx------ 2 hzhu007 csmajs 4096 Apr 22 14:02 [32;1m[34;1mqueue[0m
-rw------- 1 hzhu007 csmajs 9743 Apr 22 14:02 README.md[0m
drwx------ 2 hzhu007 csmajs 4096 Apr 22 14:02 [32;1m[34;1mstack[0m

../ucr-cs100/textbook/C++/DataStructures/list:
total 4
-rw------- 1 hzhu007 csmajs 362 Apr 22 14:02 list.cpp[0m

../ucr-cs100/textbook/C++/DataStructures/map:
total 12
-rw------- 1 hzhu007 csmajs 2192 Apr 22 14:02 map.cpp[0m
-rw------- 1 hzhu007 csmajs 2007 Apr 22 14:02 map2.cpp[0m
-rw------- 1 hzhu007 csmajs  180 Apr 22 14:02 winners[0m

../ucr-cs100/textbook/C++/DataStructures/queue:
total 4
-rw------- 1 hzhu007 csmajs 348 Apr 22 14:02 queue.cpp[0m

../ucr-cs100/textbook/C++/DataStructures/stack:
total 4
-rw------- 1 hzhu007 csmajs 452 Apr 22 14:02 stack.cpp[0m

../ucr-cs100/textbook/C++/pseudocode:
do_ypcall: clnt_call: RPC: Unable to send; errno = Operation not permitted
total 24
-rw------- 1 hzhu007 csmajs   279 Apr 22 14:02 Makefile[0m
-rw------- 1 hzhu007 csmajs 12209 Apr 22 14:02 README.md[0m
-rw------- 1 hzhu007 csmajs  5016 Apr 22 14:02 simple_model.cxx[0m

../ucr-cs100/textbook/C++/stl-map:
total 16
-rw------- 1 hzhu007 csmajs 1184 Apr 22 14:02 ls_map.cpp[0m
-rw------- 1 hzhu007 csmajs 1081 Apr 22 14:02 month_map.cpp[0m
-rw------- 1 hzhu007 csmajs 4001 Apr 22 14:02 README.md[0m
-rw------- 1 hzhu007 csmajs 1173 Apr 22 14:02 UScoins.cpp[0m

../ucr-cs100/textbook/C++/templates:
total 20
-rw------- 1 hzhu007 csmajs 17260 Apr 22 14:02 README.md[0m

../ucr-cs100/textbook/C++/time:
total 12
-rw------- 1 hzhu007 csmajs 2354 Apr 22 14:02 time_example.cpp[0m
-rw------- 1 hzhu007 csmajs 7881 Apr 22 14:02 time_tutorial.md[0m

../ucr-cs100/textbook/casestudies:
total 4
drwx------ 2 hzhu007 csmajs 4096 Apr 22 14:02 [32;1m[34;1mioccc-hamano[0m

../ucr-cs100/textbook/casestudies/ioccc-hamano:
total 64
-rw------- 1 hzhu007 csmajs  5339 Apr 22 14:02 myhamano.c[0m
-rw------- 1 hzhu007 csmajs 12760 Apr 22 14:02 output.pdf[0m
-rw------- 1 hzhu007 csmajs 12941 Apr 22 14:02 outputORIG.pdf[0m
-rw------- 1 hzhu007 csmajs 20722 Apr 22 14:02 README.md[0m

../ucr-cs100/textbook/tools:
total 28
drwx------ 10 hzhu007 csmajs 4096 Apr 22 14:02 [32;1m[34;1mbash[0m
drwx------  2 hzhu007 csmajs 4096 Apr 22 14:02 [32;1m[34;1mcppcheck[0m
drwx------  5 hzhu007 csmajs 4096 Apr 22 14:02 [32;1m[34;1mgdb[0m
drwx------  5 hzhu007 csmajs 4096 Apr 22 14:02 [32;1m[34;1mgit[0m
drwx------  8 hzhu007 csmajs 4096 Apr 22 14:02 [32;1m[34;1mmake[0m
drwx------  2 hzhu007 csmajs 4096 Apr 22 14:02 [32;1m[34;1mvalgrind[0m
drwx------  3 hzhu007 csmajs 4096 Apr 22 14:02 [32;1m[34;1mxmonad[0m

../ucr-cs100/textbook/tools/bash:
total 32
drwx------ 2 hzhu007 csmajs 4096 Apr 22 14:02 [32;1m[34;1mbashrc[0m
drwx------ 3 hzhu007 csmajs 4096 Apr 22 14:02 [32;1m[34;1mfile-permission[0m
drwx------ 2 hzhu007 csmajs 4096 Apr 22 14:02 [32;1m[34;1mnctutorial[0m
drwx------ 2 hzhu007 csmajs 4096 Apr 22 14:02 [32;1m[34;1mregex[0m
drwx------ 2 hzhu007 csmajs 4096 Apr 22 14:02 [32;1m[34;1msed[0m
drwx------ 2 hzhu007 csmajs 4096 Apr 22 14:02 [32;1m[34;1mshell-scripts[0m
drwx------ 2 hzhu007 csmajs 4096 Apr 22 14:02 [32;1m[34;1mshell-tricks[0m
drwx------ 2 hzhu007 csmajs 4096 Apr 22 14:02 [32;1m[34;1mstrace[0m

../ucr-cs100/textbook/tools/bash/bashrc:
total 16
-rw------- 1 hzhu007 csmajs 12908 Apr 22 14:02 README.md[0m

../ucr-cs100/textbook/tools/bash/file-permission:
total 16
drwx------ 2 hzhu007 csmajs 4096 Apr 22 14:02 [32;1m[34;1mimage[0m
-rw------- 1 hzhu007 csmajs 8404 Apr 22 14:02 README.md[0m

../ucr-cs100/textbook/tools/bash/file-permission/image:
total 188
-rw------- 1 hzhu007 csmajs  19217 Apr 22 14:02 FS-layout.png[0m
-rw------- 1 hzhu007 csmajs   9157 Apr 22 14:02 permissions_diagram.gif[0m
-rw------- 1 hzhu007 csmajs  15810 Apr 22 14:02 Screenshot.png[0m
-rw------- 1 hzhu007 csmajs 135974 Apr 22 14:02 Screenshot1.png[0m

../ucr-cs100/textbook/tools/bash/nctutorial:
total 16
-rw------- 1 hzhu007 csmajs 14382 Apr 22 14:02 README.md[0m

../ucr-cs100/textbook/tools/bash/regex:
total 12
-rw------- 1 hzhu007 csmajs 11090 Apr 22 14:02 README.md[0m

../ucr-cs100/textbook/tools/bash/sed:
total 16
-rw------- 1 hzhu007 csmajs 14748 Apr 22 14:02 README.md[0m

../ucr-cs100/textbook/tools/bash/shell-scripts:
total 12
-rw------- 1 hzhu007 csmajs 8664 Apr 22 14:02 README.md[0m

../ucr-cs100/textbook/tools/bash/shell-tricks:
total 20
-rw------- 1 hzhu007 csmajs 17058 Apr 22 14:02 README.md[0m

../ucr-cs100/textbook/tools/bash/strace:
total 28
-rw------- 1 hzhu007 csmajs   450 Apr 22 14:02 example1.cpp[0m
-rw------- 1 hzhu007 csmajs   394 Apr 22 14:02 main.cpp[0m
-rw------- 1 hzhu007 csmajs 19972 Apr 22 14:02 README.md[0m

../ucr-cs100/textbook/tools/cppcheck:
total 12
-rw------- 1 hzhu007 csmajs 12167 Apr 22 14:02 README.md[0m

../ucr-cs100/textbook/tools/gdb:
total 16
drwx------ 2 hzhu007 csmajs 4096 Apr 22 14:02 [32;1m[34;1mex1[0m
drwx------ 2 hzhu007 csmajs 4096 Apr 22 14:02 [32;1m[34;1mex2[0m
drwx------ 2 hzhu007 csmajs 4096 Apr 22 14:02 [32;1m[34;1mex3[0m
-rw------- 1 hzhu007 csmajs 2070 Apr 22 14:02 README.md[0m

../ucr-cs100/textbook/tools/gdb/ex1:
total 16
-rw------- 1 hzhu007 csmajs  253 Apr 22 14:02 ex1.cpp[0m
-rw------- 1 hzhu007 csmajs 9862 Apr 22 14:02 README.md[0m

../ucr-cs100/textbook/tools/gdb/ex2:
total 12
-rw------- 1 hzhu007 csmajs  303 Apr 22 14:02 ex2.cpp[0m
-rw------- 1 hzhu007 csmajs 6876 Apr 22 14:02 README.md[0m

../ucr-cs100/textbook/tools/gdb/ex3:
total 8
-rw------- 1 hzhu007 csmajs  230 Apr 22 14:02 ex3.cpp[0m
-rw------- 1 hzhu007 csmajs 1262 Apr 22 14:02 README.md[0m

../ucr-cs100/textbook/tools/git:
total 12
drwx------ 3 hzhu007 csmajs 4096 Apr 22 14:02 [32;1m[34;1madvanced-git-commands[0m
drwx------ 2 hzhu007 csmajs 4096 Apr 22 14:02 [32;1m[34;1mhandling-large-files-in-your-repo[0m
drwx------ 2 hzhu007 csmajs 4096 Apr 22 14:02 [32;1m[34;1mmanagaing-your-forked-repo[0m

../ucr-cs100/textbook/tools/git/advanced-git-commands:
total 32
drwx------ 2 hzhu007 csmajs  4096 Apr 22 14:02 [32;1m[34;1mimage[0m
-rw------- 1 hzhu007 csmajs  4420 Apr 22 14:02 Patch.md[0m
-rw------- 1 hzhu007 csmajs 13139 Apr 22 14:02 Rebase.md[0m
-rw------- 1 hzhu007 csmajs  2551 Apr 22 14:02 Stash.md[0m

../ucr-cs100/textbook/tools/git/advanced-git-commands/image:
total 168
-rw------- 1 hzhu007 csmajs  7986 Apr 22 14:02 commit1.png[0m
-rw------- 1 hzhu007 csmajs  5227 Apr 22 14:02 commit2.png[0m
-rw------- 1 hzhu007 csmajs  9191 Apr 22 14:02 commit3conflict.png[0m
-rw------- 1 hzhu007 csmajs  8195 Apr 22 14:02 commit4rebase.png[0m
-rw------- 1 hzhu007 csmajs  8196 Apr 22 14:02 commit4rebaseonto.png[0m
-rw------- 1 hzhu007 csmajs 11797 Apr 22 14:02 rebase1.png[0m
-rw------- 1 hzhu007 csmajs 29198 Apr 22 14:02 rebase2.png[0m
-rw------- 1 hzhu007 csmajs 33950 Apr 22 14:02 rebase3.png[0m
-rw------- 1 hzhu007 csmajs 33896 Apr 22 14:02 rebase4.png[0m

../ucr-cs100/textbook/tools/git/handling-large-files-in-your-repo:
total 4
-rw------- 1 hzhu007 csmajs 1670 Apr 22 14:02 README.md[0m

../ucr-cs100/textbook/tools/git/managaing-your-forked-repo:
total 12
-rw------- 1 hzhu007 csmajs 8831 Apr 22 14:02 README.md[0m

../ucr-cs100/textbook/tools/make:
total 36
drwx------ 3 hzhu007 csmajs 4096 Apr 22 14:02 [32;1m[34;1mcs100HW4[0m
drwx------ 2 hzhu007 csmajs 4096 Apr 22 14:02 [32;1m[34;1mexample1[0m
drwx------ 2 hzhu007 csmajs 4096 Apr 22 14:02 [32;1m[34;1mexample2[0m
drwx------ 2 hzhu007 csmajs 4096 Apr 22 14:02 [32;1m[34;1mexample3[0m
drwx------ 2 hzhu007 csmajs 4096 Apr 22 14:02 [32;1m[34;1mexample4[0m
drwx------ 3 hzhu007 csmajs 4096 Apr 22 14:02 [32;1m[34;1mexample5[0m
-rw------- 1 hzhu007 csmajs 8348 Apr 22 14:02 README.md[0m

../ucr-cs100/textbook/tools/make/cs100HW4:
total 20
-rw------- 1 hzhu007 csmajs  369 Apr 22 14:02 Makefile[0m
-rw------- 1 hzhu007 csmajs 9473 Apr 22 14:02 README.md[0m
drwx------ 2 hzhu007 csmajs 4096 Apr 22 14:02 [32;1m[34;1msrc[0m

../ucr-cs100/textbook/tools/make/cs100HW4/src:
total 8
-rw------- 1 hzhu007 csmajs  95 Apr 22 14:02 hello.cpp[0m
-rw------- 1 hzhu007 csmajs 316 Apr 22 14:02 iterator.cpp[0m

../ucr-cs100/textbook/tools/make/example1:
total 0
-rw------- 1 hzhu007 csmajs 60 Apr 22 14:02 hello.c[0m
-rw------- 1 hzhu007 csmajs 28 Apr 22 14:02 Makefile[0m

../ucr-cs100/textbook/tools/make/example2:
total 4
-rw------- 1 hzhu007 csmajs  53 Apr 22 14:02 file.c[0m
-rw------- 1 hzhu007 csmajs  12 Apr 22 14:02 file.h[0m
-rw------- 1 hzhu007 csmajs  42 Apr 22 14:02 main.c[0m
-rw------- 1 hzhu007 csmajs 163 Apr 22 14:02 Makefile[0m

../ucr-cs100/textbook/tools/make/example3:
total 4
-rw------- 1 hzhu007 csmajs  53 Apr 22 14:02 file.c[0m
-rw------- 1 hzhu007 csmajs  12 Apr 22 14:02 file.h[0m
-rw------- 1 hzhu007 csmajs  42 Apr 22 14:02 main.c[0m
-rw------- 1 hzhu007 csmajs 186 Apr 22 14:02 Makefile[0m

../ucr-cs100/textbook/tools/make/example4:
total 4
-rw------- 1 hzhu007 csmajs  53 Apr 22 14:02 file.c[0m
-rw------- 1 hzhu007 csmajs  12 Apr 22 14:02 file.h[0m
-rw------- 1 hzhu007 csmajs  42 Apr 22 14:02 main.c[0m
-rw------- 1 hzhu007 csmajs 177 Apr 22 14:02 Makefile[0m

../ucr-cs100/textbook/tools/make/example5:
total 8
-rw------- 1 hzhu007 csmajs  282 Apr 22 14:02 Makefile[0m
drwx------ 2 hzhu007 csmajs 4096 Apr 22 14:02 [32;1m[34;1msrc[0m

../ucr-cs100/textbook/tools/make/example5/src:
total 0
-rw------- 1 hzhu007 csmajs 53 Apr 22 14:02 file.c[0m
-rw------- 1 hzhu007 csmajs 12 Apr 22 14:02 file.h[0m
-rw------- 1 hzhu007 csmajs 42 Apr 22 14:02 main.c[0m

../ucr-cs100/textbook/tools/valgrind:
total 24
-rw------- 1 hzhu007 csmajs   122 Apr 22 14:02 example1.cpp[0m
-rw------- 1 hzhu007 csmajs   563 Apr 22 14:02 example2.cpp[0m
-rw------- 1 hzhu007 csmajs 14429 Apr 22 14:02 README.md[0m

../ucr-cs100/textbook/tools/xmonad:
total 12
drwx------ 2 hzhu007 csmajs 4096 Apr 22 14:02 [32;1m[34;1mimages[0m
-rw------- 1 hzhu007 csmajs 6157 Apr 22 14:02 README.md[0m

../ucr-cs100/textbook/tools/xmonad/images:
total 340
-rw------- 1 hzhu007 csmajs 130823 Apr 22 14:02 blanks.png[0m
-rw------- 1 hzhu007 csmajs  13147 Apr 22 14:02 dmenus.png[0m
-rw------- 1 hzhu007 csmajs  57956 Apr 22 14:02 login.png[0m
-rw------- 1 hzhu007 csmajs  11805 Apr 22 14:02 term2bss.png[0m
-rw------- 1 hzhu007 csmajs   7819 Apr 22 14:02 term2s.png[0m
-rw------- 1 hzhu007 csmajs  12064 Apr 22 14:02 term2ws.png[0m
-rw------- 1 hzhu007 csmajs  12733 Apr 22 14:02 term3s.png[0m
-rw------- 1 hzhu007 csmajs   7247 Apr 22 14:02 terms.png[0m
-rw------- 1 hzhu007 csmajs  72079 Apr 22 14:02 xmes.png[0m

..:
total 24
drwx------ 3 hzhu007 csmajs 4096 Apr 08 15:46 [32;1m[34;1mfirstrepo[0m
drwx------ 5 hzhu007 csmajs 4096 Apr 18 16:29 [32;1m[34;1mgdb[0m
drwx------ 6 hzhu007 csmajs 4096 May 01 21:53 [32;1m[34;1mrshell[0m
drwx------ 6 hzhu007 csmajs 4096 Apr 29 16:03 [32;1m[34;1mrshell-1[0m
drwx------ 5 hzhu007 csmajs 4096 May 01 15:01 [32;1m[34;1mtest[0m
drwx------ 9 hzhu007 csmajs 4096 Apr 22 14:02 [32;1m[34;1mucr-cs100[0m

../firstrepo:
total 16
-rwx------ 1 hzhu007 csmajs 10540 Apr 08 15:01 [32;1ma.out[0m
-rw------- 1 hzhu007 csmajs   202 Apr 08 15:20 main.cpp[0m
-rw------- 1 hzhu007 csmajs    22 Apr 08 15:28 README[0m

../gdb:
total 24
-rw------- 1 hzhu007 csmajs 14356 Apr 18 16:29 README.md[0m
drwx------ 2 hzhu007 csmajs  4096 Apr 18 16:29 [32;1m[34;1msegfault_detection[0m
drwx------ 2 hzhu007 csmajs  4096 Apr 18 16:30 [32;1m[34;1msrc[0m

../gdb/segfault_detection:
do_ypcall: clnt_call: RPC: Unable to send; errno = Operation not permitted
total 8
-rw------- 1 hzhu007 csmajs 1570 Apr 18 16:29 README.md[0m
-rw------- 1 hzhu007 csmajs  220 Apr 18 16:29 segfault.cpp[0m

../gdb/src:
total 32
-rwx------ 1 hzhu007 csmajs 21445 Apr 18 16:30 [32;1ma.out[0m
-rw------- 1 hzhu007 csmajs   296 Apr 18 16:29 ex1.cpp[0m
-rw------- 1 hzhu007 csmajs   305 Apr 18 16:29 ex2.cpp[0m

../rshell:
total 40
drwx------ 2 hzhu007 csmajs  4096 May 01 21:53 [32;1m[34;1mbin[0m
-rw------- 1 hzhu007 csmajs 18047 Apr 15 19:07 LICENSE[0m
-rw------- 1 hzhu007 csmajs   365 May 01 21:52 Makefile[0m
-rw------- 1 hzhu007 csmajs  3865 May 01 15:40 README.md[0m
drwx------ 2 hzhu007 csmajs  4096 May 01 22:12 [32;1m[34;1msrc[0m
drwx------ 2 hzhu007 csmajs  4096 May 01 22:56 [32;1m[34;1mtests[0m

../rshell/bin:
do_ypcall: clnt_call: RPC: Unable to send; errno = Operation not permitted
total 60
-rwx------ 1 hzhu007 csmajs 41725 May 01 21:53 [32;1mls[0m
-rwx------ 1 hzhu007 csmajs 12321 May 01 21:53 [32;1mrshell[0m

../rshell/src:
do_ypcall: clnt_call: RPC: Unable to send; errno = Operation not permitted
do_ypcall: clnt_call: RPC: Unable to send; errno = Operation not permitted
total 68
-rwx------ 1 hzhu007 csmajs 43806 May 01 02:55 [32;1ma.out[0m
-rw------- 1 hzhu007 csmajs 14231 May 01 21:38 ls.cpp[0m
-rw------- 1 hzhu007 csmajs  5718 Apr 19 17:27 main.cpp[0m

../rshell/tests:
total 168
-rw------- 1 hzhu007 csmajs   6801 Apr 18 23:31 backup[0m
-rw------- 1 hzhu007 csmajs   8099 Apr 19 23:23 exec.script[0m
-rw------- 1 hzhu007 csmajs 149549 May 01 23:12 ls.script[0m

../rshell-1:
total 40
drwx------ 2 hzhu007 csmajs  4096 Apr 29 15:58 [32;1m[34;1mbin[0m
-rw------- 1 hzhu007 csmajs 18047 Apr 29 14:23 LICENSE[0m
-rw------- 1 hzhu007 csmajs   285 Apr 29 15:57 Makefile[0m
-rw------- 1 hzhu007 csmajs  1385 Apr 29 14:23 README.md[0m
drwx------ 2 hzhu007 csmajs  4096 Apr 29 16:25 [32;1m[34;1msrc[0m
drwx------ 2 hzhu007 csmajs  4096 Apr 29 14:23 [32;1m[34;1mtests[0m

../rshell-1/bin:
total 56
-rwx------ 1 hzhu007 csmajs 16050 Apr 29 15:58 [32;1mcp[0m
-rwx------ 1 hzhu007 csmajs 40715 Apr 29 15:58 [32;1mrshell[0m

../rshell-1/src:
total 4884
-rwx------ 1 hzhu007 csmajs   16410 Apr 29 16:23 [32;1ma.out[0m
-rw------- 1 hzhu007 csmajs    1353 Apr 29 14:23 cmd.h[0m
-rw------- 1 hzhu007 csmajs    3841 Apr 29 16:25 cp.cpp[0m
-rw------- 1 hzhu007 csmajs    4087 Apr 29 14:23 main.cpp[0m
-rw------- 1 hzhu007 csmajs 4953699 Apr 29 16:24 test[0m
-rw------- 1 hzhu007 csmajs       5 Apr 29 15:04 test1[0m
-rw------- 1 hzhu007 csmajs       0 Apr 29 15:46 test12[0m
-rw------- 1 hzhu007 csmajs       5 Apr 29 15:41 test2[0m
-rw------- 1 hzhu007 csmajs    2698 Apr 29 15:33 Timer.h[0m

../rshell-1/tests:
total 36
-rw------- 1 hzhu007 csmajs 35497 Apr 29 14:23 exec.script[0m

../test:
total 11088
drwx------ 5 hzhu007 csmajs     4096 May 01 15:01 [32;1m[34;1mcore[0m
drwx------ 5 hzhu007 csmajs     4096 Apr 23 15:10 [32;1m[34;1mcoreutils-8.23[0m
-rw------- 1 hzhu007 csmajs 11327832 Apr 23 15:04 hbhairy-utils.tar.xz[0m
drwx------ 6 hzhu007 csmajs     4096 Apr 19 23:35 [32;1m[34;1mrshell[0m

../test/core:
do_ypcall: clnt_call: RPC: Unable to send; errno = Operation not permitted
total 7664
-rw------- 1 hzhu007 csmajs   53341 May 01 15:01 aclocal.m4[0m
-rw------- 1 hzhu007 csmajs    3691 May 01 15:01 AUTHORS[0m
-rwx------ 1 hzhu007 csmajs   31270 May 01 15:01 [32;1mbootstrap[0m
-rw------- 1 hzhu007 csmajs    7049 May 01 15:01 bootstrap.conf[0m
-rw------- 1 hzhu007 csmajs   26834 May 01 15:01 cfg.mk[0m
-rw------- 1 hzhu007 csmajs 1119924 May 01 15:01 ChangeLog[0m
-rw------- 1 hzhu007 csmajs  448857 May 01 15:01 ChangeLog-2005[0m
-rw------- 1 hzhu007 csmajs 2420812 May 01 15:01 config.log[0m
-rwx------ 1 hzhu007 csmajs   98553 May 01 15:01 [32;1mconfig.status[0m
-rwx------ 1 hzhu007 csmajs 1684031 May 01 15:01 [32;1mconfigure[0m
-rw------- 1 hzhu007 csmajs   21606 May 01 15:01 configure.ac[0m
-rw------- 1 hzhu007 csmajs   35147 May 01 15:01 COPYING[0m
-rw------- 1 hzhu007 csmajs    4353 May 01 15:01 dist-check.mk[0m
drwx------ 4 hzhu007 csmajs    8192 May 01 15:01 [32;1m[34;1mgnulib-tests[0m
-rw------- 1 hzhu007 csmajs    4573 May 01 15:01 GNUmakefile[0m
-rw------- 1 hzhu007 csmajs   19005 May 01 15:01 init.cfg[0m
-rw------- 1 hzhu007 csmajs   15752 May 01 15:01 INSTALL[0m
-rw------- 1 hzhu007 csmajs  819255 May 01 15:01 Makefile[0m
-rw------- 1 hzhu007 csmajs    7578 May 01 15:01 Makefile.am[0m
-rw------- 1 hzhu007 csmajs  922385 May 01 15:01 Makefile.in[0m
drwx------ 5 hzhu007 csmajs    4096 May 01 15:01 [32;1m[34;1mold[0m
drwx------ 2 hzhu007 csmajs    4096 May 01 15:01 [32;1m[34;1mpo[0m
-rwx------ 1 hzhu007 csmajs     441 May 01 15:01 [32;1mthanks-gen[0m
-rw------- 1 hzhu007 csmajs    6972 May 01 15:01 TODO[0m

../test/core/gnulib-tests:
do_ypcall: clnt_call: RPC: Unable to send; errno = Operation not permitted
do_ypcall: clnt_call: RPC: Unable to send; errno = Operation not permitted
do_ypcall: clnt_call: RPC: Unable to send; errno = Operation not permitted
do_ypcall: clnt_call: RPC: Unable to send; errno = Operation not permitted
do_ypcall: clnt_call: RPC: Unable to send; errno = Operation not permitted
do_ypcall: clnt_call: RPC: Unable to send; errno = Operation not permitted
do_ypcall: clnt_call: RPC: Unable to send; errno = Operation not permitted
do_ypcall: clnt_call: RPC: Unable to send; errno = Operation not permitted
do_ypcall: clnt_call: RPC: Unable to send; errno = Operation not permitted
do_ypcall: clnt_call: RPC: Unable to send; errno = Operation not permitted
do_ypcall: clnt_call: RPC: Unable to send; errno = Operation not permitted
do_ypcall: clnt_call: RPC: Unable to send; errno = Operation not permitted
段错误
~/rshell
hzhu007@hammer $ ../.vim/[K[K[K[K[K[K[K[Kbin/ls ../ucr-cs100/textbook -al Makefile ../.vim/ -R 
total 4
-rw------- 1 hzhu007 csmajs 365 May 01 21:52 Makefile[0m

../ucr-cs100/textbook:
total 28
drwx------  7 hzhu007 csmajs 4096 Apr 22 14:02 [48;5;243m[32;1m[34;1m.[0m
drwx------  9 hzhu007 csmajs 4096 Apr 22 14:02 [48;5;243m[32;1m[34;1m..[0m
drwx------  9 hzhu007 csmajs 4096 Apr 22 14:02 [32;1m[34;1massignment-help[0m
drwx------  5 hzhu007 csmajs 4096 Apr 22 14:02 [32;1m[34;1mbestpractices[0m
drwx------ 10 hzhu007 csmajs 4096 Apr 22 14:02 [32;1m[34;1mC++[0m
drwx------  3 hzhu007 csmajs 4096 Apr 22 14:02 [32;1m[34;1mcasestudies[0m
drwx------  9 hzhu007 csmajs 4096 Apr 22 14:02 [32;1m[34;1mtools[0m

../ucr-cs100/textbook/assignment-help:
total 36
drwx------ 9 hzhu007 csmajs 4096 Apr 22 14:02 [48;5;243m[32;1m[34;1m.[0m
drwx------ 7 hzhu007 csmajs 4096 Apr 22 14:02 [48;5;243m[32;1m[34;1m..[0m
drwx------ 2 hzhu007 csmajs 4096 Apr 22 14:02 [32;1m[34;1mbitwise-ops[0m
drwx------ 3 hzhu007 csmajs 4096 Apr 22 14:02 [32;1m[34;1mBoostTokenizer[0m
drwx------ 2 hzhu007 csmajs 4096 Apr 22 14:02 [32;1m[34;1mmacros[0m
drwx------ 2 hzhu007 csmajs 4096 Apr 22 14:02 [32;1m[34;1moutput-formatting-in-c++[0m
drwx------ 2 hzhu007 csmajs 4096 Apr 22 14:02 [32;1m[34;1msort[0m
drwx------ 2 hzhu007 csmajs 4096 Apr 22 14:02 [32;1m[34;1mstrtok[0m
drwx------ 2 hzhu007 csmajs 4096 Apr 22 14:02 [32;1m[34;1msyscalls[0m

../ucr-cs100/textbook/assignment-help/bitwise-ops:
total 28
drwx------ 2 hzhu007 csmajs  4096 Apr 22 14:02 [48;5;243m[32;1m[34;1m.[0m
drwx------ 9 hzhu007 csmajs  4096 Apr 22 14:02 [48;5;243m[32;1m[34;1m..[0m
-rw------- 1 hzhu007 csmajs 17699 Apr 22 14:02 README.md[0m

../ucr-cs100/textbook/assignment-help/BoostTokenizer:
total 24
drwx------ 3 hzhu007 csmajs  4096 Apr 22 14:02 [48;5;243m[32;1m[34;1m.[0m
drwx------ 9 hzhu007 csmajs  4096 Apr 22 14:02 [48;5;243m[32;1m[34;1m..[0m
-rw------- 1 hzhu007 csmajs 11278 Apr 22 14:02 README.md[0m
drwx------ 2 hzhu007 csmajs  4096 Apr 22 14:02 [32;1m[34;1msrc[0m

../ucr-cs100/textbook/assignment-help/BoostTokenizer/src:
do_ypcall: clnt_call: RPC: Unable to send; errno = Operation not permitted
total 28
drwx------ 2 hzhu007 csmajs 4096 Apr 22 14:02 [48;5;243m[32;1m[34;1m.[0m
drwx------ 3 hzhu007 csmajs 4096 Apr 22 14:02 [48;5;243m[32;1m[34;1m..[0m
-rw------- 1 hzhu007 csmajs  311 Apr 22 14:02 ex_1.cpp[0m
-rw------- 1 hzhu007 csmajs  502 Apr 22 14:02 ex_2.cpp[0m
-rw------- 1 hzhu007 csmajs  467 Apr 22 14:02 ex_3.cpp[0m
-rw------- 1 hzhu007 csmajs  550 Apr 22 14:02 ex_4.cpp[0m
-rw------- 1 hzhu007 csmajs  575 Apr 22 14:02 ex_5.cpp[0m

../ucr-cs100/textbook/assignment-help/macros:
total 20
drwx------ 2 hzhu007 csmajs 4096 Apr 22 14:02 [48;5;243m[32;1m[34;1m.[0m
drwx------ 9 hzhu007 csmajs 4096 Apr 22 14:02 [48;5;243m[32;1m[34;1m..[0m
-rw------- 1 hzhu007 csmajs 8910 Apr 22 14:02 README.md[0m

../ucr-cs100/textbook/assignment-help/output-formatting-in-c++:
total 24
drwx------ 2 hzhu007 csmajs 4096 Apr 22 14:02 [48;5;243m[32;1m[34;1m.[0m
drwx------ 9 hzhu007 csmajs 4096 Apr 22 14:02 [48;5;243m[32;1m[34;1m..[0m
-rw------- 1 hzhu007 csmajs 1845 Apr 22 14:02 ANSIfontUtils.h[0m
-rw------- 1 hzhu007 csmajs 8305 Apr 22 14:02 README.md[0m

../ucr-cs100/textbook/assignment-help/sort:
do_ypcall: clnt_call: RPC: Unable to send; errno = Operation not permitted
total 60
drwx------ 2 hzhu007 csmajs  4096 Apr 22 14:02 [48;5;243m[32;1m[34;1m.[0m
drwx------ 9 hzhu007 csmajs  4096 Apr 22 14:02 [48;5;243m[32;1m[34;1m..[0m
-rw------- 1 hzhu007 csmajs   919 Apr 22 14:02 10th_example.cpp[0m
-rw------- 1 hzhu007 csmajs   490 Apr 22 14:02 1st_example.cpp[0m
-rw------- 1 hzhu007 csmajs   373 Apr 22 14:02 2nd_example.cpp[0m
-rw------- 1 hzhu007 csmajs   395 Apr 22 14:02 3rd_example.cpp[0m
-rw------- 1 hzhu007 csmajs   447 Apr 22 14:02 4th_example.cpp[0m
-rw------- 1 hzhu007 csmajs   610 Apr 22 14:02 5th_example.cpp[0m
-rw------- 1 hzhu007 csmajs   677 Apr 22 14:02 6th_example.cpp[0m
-rw------- 1 hzhu007 csmajs   818 Apr 22 14:02 7th_example.cpp[0m
-rw------- 1 hzhu007 csmajs   246 Apr 22 14:02 8th_example.cpp[0m
-rw------- 1 hzhu007 csmajs   604 Apr 22 14:02 9th_example.cpp[0m
-rw------- 1 hzhu007 csmajs 10352 Apr 22 14:02 README.md[0m

../ucr-cs100/textbook/assignment-help/strtok:
total 32
drwx------ 2 hzhu007 csmajs  4096 Apr 22 14:02 [48;5;243m[32;1m[34;1m.[0m
drwx------ 9 hzhu007 csmajs  4096 Apr 22 14:02 [48;5;243m[32;1m[34;1m..[0m
-rw------- 1 hzhu007 csmajs 23438 Apr 22 14:02 README.md[0m

../ucr-cs100/textbook/assignment-help/syscalls:
total 80
drwx------ 2 hzhu007 csmajs  4096 Apr 22 14:02 [48;5;243m[32;1m[34;1m.[0m
drwx------ 9 hzhu007 csmajs  4096 Apr 22 14:02 [48;5;243m[32;1m[34;1m..[0m
-rw------- 1 hzhu007 csmajs  2544 Apr 22 14:02 dir.md[0m
-rw------- 1 hzhu007 csmajs   991 Apr 22 14:02 dir_code.cpp[0m
-rw------- 1 hzhu007 csmajs 13267 Apr 22 14:02 exec.md[0m
-rw------- 1 hzhu007 csmajs  4600 Apr 22 14:02 fd.md[0m
-rw------- 1 hzhu007 csmajs  1221 Apr 22 14:02 fd_code.cpp[0m
-rw------- 1 hzhu007 csmajs    29 Apr 22 14:02 fileold[0m
-rw------- 1 hzhu007 csmajs  3780 Apr 22 14:02 getinfo.md[0m
-rw------- 1 hzhu007 csmajs  8366 Apr 22 14:02 io.md[0m
-rw------- 1 hzhu007 csmajs   254 Apr 22 14:02 Makefile[0m
-rw------- 1 hzhu007 csmajs  6719 Apr 22 14:02 README.md[0m
-rw------- 1 hzhu007 csmajs  4434 Apr 22 14:02 stat.md[0m

../ucr-cs100/textbook/bestpractices:
total 20
drwx------ 5 hzhu007 csmajs 4096 Apr 22 14:02 [48;5;243m[32;1m[34;1m.[0m
drwx------ 7 hzhu007 csmajs 4096 Apr 22 14:02 [48;5;243m[32;1m[34;1m..[0m
drwx------ 4 hzhu007 csmajs 4096 Apr 22 14:02 [32;1m[34;1mTestDrivenDevelopment[0m
drwx------ 2 hzhu007 csmajs 4096 Apr 22 14:02 [32;1m[34;1mWritingGoodTestCases[0m
drwx------ 2 hzhu007 csmajs 4096 Apr 22 14:02 [32;1m[34;1mWritingREADMEs[0m

../ucr-cs100/textbook/bestpractices/TestDrivenDevelopment:
total 28
drwx------ 4 hzhu007 csmajs 4096 Apr 22 14:02 [48;5;243m[32;1m[34;1m.[0m
drwx------ 5 hzhu007 csmajs 4096 Apr 22 14:02 [48;5;243m[32;1m[34;1m..[0m
-rw------- 1 hzhu007 csmajs 8473 Apr 22 14:02 README.md[0m
drwx------ 2 hzhu007 csmajs 4096 Apr 22 14:02 [32;1m[34;1msrc[0m
drwx------ 2 hzhu007 csmajs 4096 Apr 22 14:02 [32;1m[34;1mtests[0m

../ucr-cs100/textbook/bestpractices/TestDrivenDevelopment/src:
total 12
drwx------ 2 hzhu007 csmajs 4096 Apr 22 14:02 [48;5;243m[32;1m[34;1m.[0m
drwx------ 4 hzhu007 csmajs 4096 Apr 22 14:02 [48;5;243m[32;1m[34;1m..[0m
-rw------- 1 hzhu007 csmajs  274 Apr 22 14:02 string_tok.cpp[0m

../ucr-cs100/textbook/bestpractices/TestDrivenDevelopment/tests:
do_ypcall: clnt_call: RPC: Unable to send; errno = Operation not permitted
do_ypcall: clnt_call: RPC: Unable to send; errno = Operation not permitted
段错误
~/rshell
hzhu007@hammer $ bin/ls -R scr/a.out   ./README.md   ../.vimrc Makefile   ./src/ls.cpp -Ra -l  ../ucr-cs100/textbook .git -aR ./src src/ -l bin  -l -R -a
stat(): No such file or directory
scr/a.out not found
total 28
-rw------- 1 hzhu007 csmajs  3865 May 01 15:40 ./README.md[0m
-rw------- 1 hzhu007 csmajs  2211 May 01 01:34 [48;5;243m../.vimrc[0m
-rw------- 1 hzhu007 csmajs   365 May 01 21:52 Makefile[0m
-rw------- 1 hzhu007 csmajs 14231 May 01 21:38 ./src/ls.cpp[0m

../ucr-cs100/textbook:
do_ypcall: clnt_call: RPC: Unable to send; errno = Operation not permitted
total 28
drwx------  7 hzhu007 csmajs 4096 Apr 22 14:02 [48;5;243m[32;1m[34;1m.[0m
drwx------  9 hzhu007 csmajs 4096 Apr 22 14:02 [48;5;243m[32;1m[34;1m..[0m
drwx------  9 hzhu007 csmajs 4096 Apr 22 14:02 [32;1m[34;1massignment-help[0m
drwx------  5 hzhu007 csmajs 4096 Apr 22 14:02 [32;1m[34;1mbestpractices[0m
drwx------ 10 hzhu007 csmajs 4096 Apr 22 14:02 [32;1m[34;1mC++[0m
drwx------  3 hzhu007 csmajs 4096 Apr 22 14:02 [32;1m[34;1mcasestudies[0m
drwx------  9 hzhu007 csmajs 4096 Apr 22 14:02 [32;1m[34;1mtools[0m

../ucr-cs100/textbook/assignment-help:
total 36
drwx------ 9 hzhu007 csmajs 4096 Apr 22 14:02 [48;5;243m[32;1m[34;1m.[0m
drwx------ 7 hzhu007 csmajs 4096 Apr 22 14:02 [48;5;243m[32;1m[34;1m..[0m
drwx------ 2 hzhu007 csmajs 4096 Apr 22 14:02 [32;1m[34;1mbitwise-ops[0m
drwx------ 3 hzhu007 csmajs 4096 Apr 22 14:02 [32;1m[34;1mBoostTokenizer[0m
drwx------ 2 hzhu007 csmajs 4096 Apr 22 14:02 [32;1m[34;1mmacros[0m
drwx------ 2 hzhu007 csmajs 4096 Apr 22 14:02 [32;1m[34;1moutput-formatting-in-c++[0m
drwx------ 2 hzhu007 csmajs 4096 Apr 22 14:02 [32;1m[34;1msort[0m
drwx------ 2 hzhu007 csmajs 4096 Apr 22 14:02 [32;1m[34;1mstrtok[0m
drwx------ 2 hzhu007 csmajs 4096 Apr 22 14:02 [32;1m[34;1msyscalls[0m

../ucr-cs100/textbook/assignment-help/bitwise-ops:
total 28
drwx------ 2 hzhu007 csmajs  4096 Apr 22 14:02 [48;5;243m[32;1m[34;1m.[0m
drwx------ 9 hzhu007 csmajs  4096 Apr 22 14:02 [48;5;243m[32;1m[34;1m..[0m
-rw------- 1 hzhu007 csmajs 17699 Apr 22 14:02 README.md[0m

../ucr-cs100/textbook/assignment-help/BoostTokenizer:
total 24
drwx------ 3 hzhu007 csmajs  4096 Apr 22 14:02 [48;5;243m[32;1m[34;1m.[0m
drwx------ 9 hzhu007 csmajs  4096 Apr 22 14:02 [48;5;243m[32;1m[34;1m..[0m
-rw------- 1 hzhu007 csmajs 11278 Apr 22 14:02 README.md[0m
drwx------ 2 hzhu007 csmajs  4096 Apr 22 14:02 [32;1m[34;1msrc[0m

../ucr-cs100/textbook/assignment-help/BoostTokenizer/src:
do_ypcall: clnt_call: RPC: Unable to send; errno = Operation not permitted
total 28
drwx------ 2 hzhu007 csmajs 4096 Apr 22 14:02 [48;5;243m[32;1m[34;1m.[0m
drwx------ 3 hzhu007 csmajs 4096 Apr 22 14:02 [48;5;243m[32;1m[34;1m..[0m
-rw------- 1 hzhu007 csmajs  311 Apr 22 14:02 ex_1.cpp[0m
-rw------- 1 hzhu007 csmajs  502 Apr 22 14:02 ex_2.cpp[0m
-rw------- 1 hzhu007 csmajs  467 Apr 22 14:02 ex_3.cpp[0m
-rw------- 1 hzhu007 csmajs  550 Apr 22 14:02 ex_4.cpp[0m
-rw------- 1 hzhu007 csmajs  575 Apr 22 14:02 ex_5.cpp[0m

../ucr-cs100/textbook/assignment-help/macros:
total 20
drwx------ 2 hzhu007 csmajs 4096 Apr 22 14:02 [48;5;243m[32;1m[34;1m.[0m
drwx------ 9 hzhu007 csmajs 4096 Apr 22 14:02 [48;5;243m[32;1m[34;1m..[0m
-rw------- 1 hzhu007 csmajs 8910 Apr 22 14:02 README.md[0m

../ucr-cs100/textbook/assignment-help/output-formatting-in-c++:
total 24
drwx------ 2 hzhu007 csmajs 4096 Apr 22 14:02 [48;5;243m[32;1m[34;1m.[0m
drwx------ 9 hzhu007 csmajs 4096 Apr 22 14:02 [48;5;243m[32;1m[34;1m..[0m
-rw------- 1 hzhu007 csmajs 1845 Apr 22 14:02 ANSIfontUtils.h[0m
-rw------- 1 hzhu007 csmajs 8305 Apr 22 14:02 README.md[0m

../ucr-cs100/textbook/assignment-help/sort:
total 60
drwx------ 2 hzhu007 csmajs  4096 Apr 22 14:02 [48;5;243m[32;1m[34;1m.[0m
drwx------ 9 hzhu007 csmajs  4096 Apr 22 14:02 [48;5;243m[32;1m[34;1m..[0m
-rw------- 1 hzhu007 csmajs   919 Apr 22 14:02 10th_example.cpp[0m
-rw------- 1 hzhu007 csmajs   490 Apr 22 14:02 1st_example.cpp[0m
-rw------- 1 hzhu007 csmajs   373 Apr 22 14:02 2nd_example.cpp[0m
-rw------- 1 hzhu007 csmajs   395 Apr 22 14:02 3rd_example.cpp[0m
-rw------- 1 hzhu007 csmajs   447 Apr 22 14:02 4th_example.cpp[0m
-rw------- 1 hzhu007 csmajs   610 Apr 22 14:02 5th_example.cpp[0m
-rw------- 1 hzhu007 csmajs   677 Apr 22 14:02 6th_example.cpp[0m
-rw------- 1 hzhu007 csmajs   818 Apr 22 14:02 7th_example.cpp[0m
-rw------- 1 hzhu007 csmajs   246 Apr 22 14:02 8th_example.cpp[0m
-rw------- 1 hzhu007 csmajs   604 Apr 22 14:02 9th_example.cpp[0m
-rw------- 1 hzhu007 csmajs 10352 Apr 22 14:02 README.md[0m

../ucr-cs100/textbook/assignment-help/strtok:
total 32
drwx------ 2 hzhu007 csmajs  4096 Apr 22 14:02 [48;5;243m[32;1m[34;1m.[0m
drwx------ 9 hzhu007 csmajs  4096 Apr 22 14:02 [48;5;243m[32;1m[34;1m..[0m
-rw------- 1 hzhu007 csmajs 23438 Apr 22 14:02 README.md[0m

../ucr-cs100/textbook/assignment-help/syscalls:
total 80
drwx------ 2 hzhu007 csmajs  4096 Apr 22 14:02 [48;5;243m[32;1m[34;1m.[0m
drwx------ 9 hzhu007 csmajs  4096 Apr 22 14:02 [48;5;243m[32;1m[34;1m..[0m
-rw------- 1 hzhu007 csmajs  2544 Apr 22 14:02 dir.md[0m
-rw------- 1 hzhu007 csmajs   991 Apr 22 14:02 dir_code.cpp[0m
-rw------- 1 hzhu007 csmajs 13267 Apr 22 14:02 exec.md[0m
-rw------- 1 hzhu007 csmajs  4600 Apr 22 14:02 fd.md[0m
-rw------- 1 hzhu007 csmajs  1221 Apr 22 14:02 fd_code.cpp[0m
-rw------- 1 hzhu007 csmajs    29 Apr 22 14:02 fileold[0m
-rw------- 1 hzhu007 csmajs  3780 Apr 22 14:02 getinfo.md[0m
-rw------- 1 hzhu007 csmajs  8366 Apr 22 14:02 io.md[0m
-rw------- 1 hzhu007 csmajs   254 Apr 22 14:02 Makefile[0m
-rw------- 1 hzhu007 csmajs  6719 Apr 22 14:02 README.md[0m
-rw------- 1 hzhu007 csmajs  4434 Apr 22 14:02 stat.md[0m

../ucr-cs100/textbook/bestpractices:
do_ypcall: clnt_call: RPC: Unable to send; errno = Operation not permitted
total 20
drwx------ 5 hzhu007 csmajs 4096 Apr 22 14:02 [48;5;243m[32;1m[34;1m.[0m
drwx------ 7 hzhu007 csmajs 4096 Apr 22 14:02 [48;5;243m[32;1m[34;1m..[0m
drwx------ 4 hzhu007 csmajs 4096 Apr 22 14:02 [32;1m[34;1mTestDrivenDevelopment[0m
drwx------ 2 hzhu007 csmajs 4096 Apr 22 14:02 [32;1m[34;1mWritingGoodTestCases[0m
drwx------ 2 hzhu007 csmajs 4096 Apr 22 14:02 [32;1m[34;1mWritingREADMEs[0m

../ucr-cs100/textbook/bestpractices/TestDrivenDevelopment:
total 28
drwx------ 4 hzhu007 csmajs 4096 Apr 22 14:02 [48;5;243m[32;1m[34;1m.[0m
drwx------ 5 hzhu007 csmajs 4096 Apr 22 14:02 [48;5;243m[32;1m[34;1m..[0m
-rw------- 1 hzhu007 csmajs 8473 Apr 22 14:02 README.md[0m
drwx------ 2 hzhu007 csmajs 4096 Apr 22 14:02 [32;1m[34;1msrc[0m
drwx------ 2 hzhu007 csmajs 4096 Apr 22 14:02 [32;1m[34;1mtests[0m

../ucr-cs100/textbook/bestpractices/TestDrivenDevelopment/src:
do_ypcall: clnt_call: RPC: Unable to send; errno = Operation not permitted
total 12
drwx------ 2 hzhu007 csmajs 4096 Apr 22 14:02 [48;5;243m[32;1m[34;1m.[0m
drwx------ 4 hzhu007 csmajs 4096 Apr 22 14:02 [48;5;243m[32;1m[34;1m..[0m
-rw------- 1 hzhu007 csmajs  274 Apr 22 14:02 string_tok.cpp[0m

../ucr-cs100/textbook/bestpractices/TestDrivenDevelopment/tests:
total 16
drwx------ 2 hzhu007 csmajs 4096 Apr 22 14:02 [48;5;243m[32;1m[34;1m.[0m
drwx------ 4 hzhu007 csmajs 4096 Apr 22 14:02 [48;5;243m[32;1m[34;1m..[0m
-rw------- 1 hzhu007 csmajs  556 Apr 22 14:02 test_project_euler.cpp[0m
-rw------- 1 hzhu007 csmajs  776 Apr 22 14:02 test_string_tok.cpp[0m

../ucr-cs100/textbook/bestpractices/WritingGoodTestCases:
do_ypcall: clnt_call: RPC: Unable to send; errno = Operation not permitted
total 84
drwx------ 2 hzhu007 csmajs  4096 Apr 22 14:02 [48;5;243m[32;1m[34;1m.[0m
drwx------ 5 hzhu007 csmajs  4096 Apr 22 14:02 [48;5;243m[32;1m[34;1m..[0m
-rw------- 1 hzhu007 csmajs 48261 Apr 22 14:02 hw0-example.ods[0m
-rw------- 1 hzhu007 csmajs  9906 Apr 22 14:02 README.md[0m
-rw------- 1 hzhu007 csmajs 16148 Apr 22 14:02 template.ods[0m

../ucr-cs100/textbook/bestpractices/WritingREADMEs:
total 24
drwx------ 2 hzhu007 csmajs 4096 Apr 22 14:02 [48;5;243m[32;1m[34;1m.[0m
drwx------ 5 hzhu007 csmajs 4096 Apr 22 14:02 [48;5;243m[32;1m[34;1m..[0m
-rw------- 1 hzhu007 csmajs 4571 Apr 22 14:02 Markdown.md[0m
-rw------- 1 hzhu007 csmajs 5480 Apr 22 14:02 README.md[0m

../ucr-cs100/textbook/C++:
total 40
drwx------ 10 hzhu007 csmajs 4096 Apr 22 14:02 [48;5;243m[32;1m[34;1m.[0m
drwx------  7 hzhu007 csmajs 4096 Apr 22 14:02 [48;5;243m[32;1m[34;1m..[0m
drwx------  2 hzhu007 csmajs 4096 Apr 22 14:02 [32;1m[34;1mboost[0m
drwx------  2 hzhu007 csmajs 4096 Apr 22 14:02 [32;1m[34;1mC++11features[0m
drwx------  2 hzhu007 csmajs 4096 Apr 22 14:02 [32;1m[34;1mC++14Standards[0m
drwx------  6 hzhu007 csmajs 4096 Apr 22 14:02 [32;1m[34;1mDataStructures[0m
drwx------  2 hzhu007 csmajs 4096 Apr 22 14:02 [32;1m[34;1mpseudocode[0m
drwx------  2 hzhu007 csmajs 4096 Apr 22 14:02 [32;1m[34;1mstl-map[0m
drwx------  2 hzhu007 csmajs 4096 Apr 22 14:02 [32;1m[34;1mtemplates[0m
drwx------  2 hzhu007 csmajs 4096 Apr 22 14:02 [32;1m[34;1mtime[0m

../ucr-cs100/textbook/C++/boost:
total 28
drwx------  2 hzhu007 csmajs 4096 Apr 22 14:02 [48;5;243m[32;1m[34;1m.[0m
drwx------ 10 hzhu007 csmajs 4096 Apr 22 14:02 [48;5;243m[32;1m[34;1m..[0m
-rw-------  1 hzhu007 csmajs 8048 Apr 22 14:02 containers-and-tribools.md[0m
-rw-------  1 hzhu007 csmajs 9724 Apr 22 14:02 smartpointers.md[0m

../ucr-cs100/textbook/C++/C++11features:
total 24
drwx------  2 hzhu007 csmajs  4096 Apr 22 14:02 [48;5;243m[32;1m[34;1m.[0m
drwx------ 10 hzhu007 csmajs  4096 Apr 22 14:02 [48;5;243m[32;1m[34;1m..[0m
-rw-------  1 hzhu007 csmajs 13131 Apr 22 14:02 README.md[0m

../ucr-cs100/textbook/C++/C++14Standards:
do_ypcall: clnt_call: RPC: Unable to send; errno = Operation not permitted
total 28
drwx------  2 hzhu007 csmajs 4096 Apr 22 14:02 [48;5;243m[32;1m[34;1m.[0m
drwx------ 10 hzhu007 csmajs 4096 Apr 22 14:02 [48;5;243m[32;1m[34;1m..[0m
-rw-------  1 hzhu007 csmajs 7573 Apr 22 14:02 README.md[0m
-rw-------  1 hzhu007 csmajs 2017 Apr 22 14:02 returntypedeductionexample.cpp[0m
-rw-------  1 hzhu007 csmajs 1148 Apr 22 14:02 tupleaddressingexample.cpp[0m
-rw-------  1 hzhu007 csmajs 1498 Apr 22 14:02 variabletemplatesexample.cpp[0m

../ucr-cs100/textbook/C++/DataStructures:
total 36
drwx------  6 hzhu007 csmajs 4096 Apr 22 14:02 [48;5;243m[32;1m[34;1m.[0m
drwx------ 10 hzhu007 csmajs 4096 Apr 22 14:02 [48;5;243m[32;1m[34;1m..[0m
drwx------  2 hzhu007 csmajs 4096 Apr 22 14:02 [32;1m[34;1mlist[0m
drwx------  2 hzhu007 csmajs 4096 Apr 22 14:02 [32;1m[34;1mmap[0m
drwx------  2 hzhu007 csmajs 4096 Apr 22 14:02 [32;1m[34;1mqueue[0m
-rw-------  1 hzhu007 csmajs 9743 Apr 22 14:02 README.md[0m
drwx------  2 hzhu007 csmajs 4096 Apr 22 14:02 [32;1m[34;1mstack[0m

../ucr-cs100/textbook/C++/DataStructures/list:
total 12
drwx------ 2 hzhu007 csmajs 4096 Apr 22 14:02 [48;5;243m[32;1m[34;1m.[0m
drwx------ 6 hzhu007 csmajs 4096 Apr 22 14:02 [48;5;243m[32;1m[34;1m..[0m
-rw------- 1 hzhu007 csmajs  362 Apr 22 14:02 list.cpp[0m

../ucr-cs100/textbook/C++/DataStructures/map:
total 20
drwx------ 2 hzhu007 csmajs 4096 Apr 22 14:02 [48;5;243m[32;1m[34;1m.[0m
drwx------ 6 hzhu007 csmajs 4096 Apr 22 14:02 [48;5;243m[32;1m[34;1m..[0m
-rw------- 1 hzhu007 csmajs 2192 Apr 22 14:02 map.cpp[0m
-rw------- 1 hzhu007 csmajs 2007 Apr 22 14:02 map2.cpp[0m
-rw------- 1 hzhu007 csmajs  180 Apr 22 14:02 winners[0m

../ucr-cs100/textbook/C++/DataStructures/queue:
total 12
drwx------ 2 hzhu007 csmajs 4096 Apr 22 14:02 [48;5;243m[32;1m[34;1m.[0m
drwx------ 6 hzhu007 csmajs 4096 Apr 22 14:02 [48;5;243m[32;1m[34;1m..[0m
-rw------- 1 hzhu007 csmajs  348 Apr 22 14:02 queue.cpp[0m

../ucr-cs100/textbook/C++/DataStructures/stack:
total 12
drwx------ 2 hzhu007 csmajs 4096 Apr 22 14:02 [48;5;243m[32;1m[34;1m.[0m
drwx------ 6 hzhu007 csmajs 4096 Apr 22 14:02 [48;5;243m[32;1m[34;1m..[0m
-rw------- 1 hzhu007 csmajs  452 Apr 22 14:02 stack.cpp[0m

../ucr-cs100/textbook/C++/pseudocode:
total 32
drwx------  2 hzhu007 csmajs  4096 Apr 22 14:02 [48;5;243m[32;1m[34;1m.[0m
drwx------ 10 hzhu007 csmajs  4096 Apr 22 14:02 [48;5;243m[32;1m[34;1m..[0m
-rw-------  1 hzhu007 csmajs   279 Apr 22 14:02 Makefile[0m
-rw-------  1 hzhu007 csmajs 12209 Apr 22 14:02 README.md[0m
-rw-------  1 hzhu007 csmajs  5016 Apr 22 14:02 simple_model.cxx[0m

../ucr-cs100/textbook/C++/stl-map:
do_ypcall: clnt_call: RPC: Unable to send; errno = Operation not permitted
total 24
drwx------  2 hzhu007 csmajs 4096 Apr 22 14:02 [48;5;243m[32;1m[34;1m.[0m
drwx------ 10 hzhu007 csmajs 4096 Apr 22 14:02 [48;5;243m[32;1m[34;1m..[0m
-rw-------  1 hzhu007 csmajs 1184 Apr 22 14:02 ls_map.cpp[0m
-rw-------  1 hzhu007 csmajs 1081 Apr 22 14:02 month_map.cpp[0m
-rw-------  1 hzhu007 csmajs 4001 Apr 22 14:02 README.md[0m
-rw-------  1 hzhu007 csmajs 1173 Apr 22 14:02 UScoins.cpp[0m

../ucr-cs100/textbook/C++/templates:
total 28
drwx------  2 hzhu007 csmajs  4096 Apr 22 14:02 [48;5;243m[32;1m[34;1m.[0m
drwx------ 10 hzhu007 csmajs  4096 Apr 22 14:02 [48;5;243m[32;1m[34;1m..[0m
-rw-------  1 hzhu007 csmajs 17260 Apr 22 14:02 README.md[0m

../ucr-cs100/textbook/C++/time:
total 20
drwx------  2 hzhu007 csmajs 4096 Apr 22 14:02 [48;5;243m[32;1m[34;1m.[0m
drwx------ 10 hzhu007 csmajs 4096 Apr 22 14:02 [48;5;243m[32;1m[34;1m..[0m
-rw-------  1 hzhu007 csmajs 2354 Apr 22 14:02 time_example.cpp[0m
-rw-------  1 hzhu007 csmajs 7881 Apr 22 14:02 time_tutorial.md[0m

../ucr-cs100/textbook/casestudies:
total 12
drwx------ 3 hzhu007 csmajs 4096 Apr 22 14:02 [48;5;243m[32;1m[34;1m.[0m
drwx------ 7 hzhu007 csmajs 4096 Apr 22 14:02 [48;5;243m[32;1m[34;1m..[0m
drwx------ 2 hzhu007 csmajs 4096 Apr 22 14:02 [32;1m[34;1mioccc-hamano[0m

../ucr-cs100/textbook/casestudies/ioccc-hamano:
do_ypcall: clnt_call: RPC: Unable to send; errno = Operation not permitted
total 72
drwx------ 2 hzhu007 csmajs  4096 Apr 22 14:02 [48;5;243m[32;1m[34;1m.[0m
drwx------ 3 hzhu007 csmajs  4096 Apr 22 14:02 [48;5;243m[32;1m[34;1m..[0m
-rw------- 1 hzhu007 csmajs  5339 Apr 22 14:02 myhamano.c[0m
-rw------- 1 hzhu007 csmajs 12760 Apr 22 14:02 output.pdf[0m
-rw------- 1 hzhu007 csmajs 12941 Apr 22 14:02 outputORIG.pdf[0m
-rw------- 1 hzhu007 csmajs 20722 Apr 22 14:02 README.md[0m

../ucr-cs100/textbook/tools:
do_ypcall: clnt_call: RPC: Unable to send; errno = Operation not permitted
total 36
drwx------  9 hzhu007 csmajs 4096 Apr 22 14:02 [48;5;243m[32;1m[34;1m.[0m
drwx------  7 hzhu007 csmajs 4096 Apr 22 14:02 [48;5;243m[32;1m[34;1m..[0m
drwx------ 10 hzhu007 csmajs 4096 Apr 22 14:02 [32;1m[34;1mbash[0m
drwx------  2 hzhu007 csmajs 4096 Apr 22 14:02 [32;1m[34;1mcppcheck[0m
drwx------  5 hzhu007 csmajs 4096 Apr 22 14:02 [32;1m[34;1mgdb[0m
drwx------  5 hzhu007 csmajs 4096 Apr 22 14:02 [32;1m[34;1mgit[0m
drwx------  8 hzhu007 csmajs 4096 Apr 22 14:02 [32;1m[34;1mmake[0m
drwx------  2 hzhu007 csmajs 4096 Apr 22 14:02 [32;1m[34;1mvalgrind[0m
drwx------  3 hzhu007 csmajs 4096 Apr 22 14:02 [32;1m[34;1mxmonad[0m

../ucr-cs100/textbook/tools/bash:
total 40
drwx------ 10 hzhu007 csmajs 4096 Apr 22 14:02 [48;5;243m[32;1m[34;1m.[0m
drwx------  9 hzhu007 csmajs 4096 Apr 22 14:02 [48;5;243m[32;1m[34;1m..[0m
drwx------  2 hzhu007 csmajs 4096 Apr 22 14:02 [32;1m[34;1mbashrc[0m
drwx------  3 hzhu007 csmajs 4096 Apr 22 14:02 [32;1m[34;1mfile-permission[0m
drwx------  2 hzhu007 csmajs 4096 Apr 22 14:02 [32;1m[34;1mnctutorial[0m
drwx------  2 hzhu007 csmajs 4096 Apr 22 14:02 [32;1m[34;1mregex[0m
drwx------  2 hzhu007 csmajs 4096 Apr 22 14:02 [32;1m[34;1msed[0m
drwx------  2 hzhu007 csmajs 4096 Apr 22 14:02 [32;1m[34;1mshell-scripts[0m
drwx------  2 hzhu007 csmajs 4096 Apr 22 14:02 [32;1m[34;1mshell-tricks[0m
drwx------  2 hzhu007 csmajs 4096 Apr 22 14:02 [32;1m[34;1mstrace[0m

../ucr-cs100/textbook/tools/bash/bashrc:
total 28
drwx------  2 hzhu007 csmajs  4096 Apr 22 14:02 [48;5;243m[32;1m[34;1m.[0m
drwx------ 10 hzhu007 csmajs  4096 Apr 22 14:02 [48;5;243m[32;1m[34;1m..[0m
-rw-------  1 hzhu007 csmajs  3952 Apr 22 14:02 [48;5;243m.bashrc[0m
-rw-------  1 hzhu007 csmajs 12908 Apr 22 14:02 README.md[0m

../ucr-cs100/textbook/tools/bash/file-permission:
do_ypcall: clnt_call: RPC: Unable to send; errno = Operation not permitted
total 24
drwx------  3 hzhu007 csmajs 4096 Apr 22 14:02 [48;5;243m[32;1m[34;1m.[0m
drwx------ 10 hzhu007 csmajs 4096 Apr 22 14:02 [48;5;243m[32;1m[34;1m..[0m
drwx------  2 hzhu007 csmajs 4096 Apr 22 14:02 [32;1m[34;1mimage[0m
-rw-------  1 hzhu007 csmajs 8404 Apr 22 14:02 README.md[0m

../ucr-cs100/textbook/tools/bash/file-permission/image:
total 196
drwx------ 2 hzhu007 csmajs   4096 Apr 22 14:02 [48;5;243m[32;1m[34;1m.[0m
drwx------ 3 hzhu007 csmajs   4096 Apr 22 14:02 [48;5;243m[32;1m[34;1m..[0m
-rw------- 1 hzhu007 csmajs  19217 Apr 22 14:02 FS-layout.png[0m
-rw------- 1 hzhu007 csmajs   9157 Apr 22 14:02 permissions_diagram.gif[0m
-rw------- 1 hzhu007 csmajs  15810 Apr 22 14:02 Screenshot.png[0m
-rw------- 1 hzhu007 csmajs 135974 Apr 22 14:02 Screenshot1.png[0m

../ucr-cs100/textbook/tools/bash/nctutorial:
total 24
drwx------  2 hzhu007 csmajs  4096 Apr 22 14:02 [48;5;243m[32;1m[34;1m.[0m
drwx------ 10 hzhu007 csmajs  4096 Apr 22 14:02 [48;5;243m[32;1m[34;1m..[0m
-rw-------  1 hzhu007 csmajs 14382 Apr 22 14:02 README.md[0m

../ucr-cs100/textbook/tools/bash/regex:
total 20
drwx------  2 hzhu007 csmajs  4096 Apr 22 14:02 [48;5;243m[32;1m[34;1m.[0m
drwx------ 10 hzhu007 csmajs  4096 Apr 22 14:02 [48;5;243m[32;1m[34;1m..[0m
-rw-------  1 hzhu007 csmajs 11090 Apr 22 14:02 README.md[0m

../ucr-cs100/textbook/tools/bash/sed:
total 24
drwx------  2 hzhu007 csmajs  4096 Apr 22 14:02 [48;5;243m[32;1m[34;1m.[0m
drwx------ 10 hzhu007 csmajs  4096 Apr 22 14:02 [48;5;243m[32;1m[34;1m..[0m
-rw-------  1 hzhu007 csmajs 14748 Apr 22 14:02 README.md[0m

../ucr-cs100/textbook/tools/bash/shell-scripts:
total 20
drwx------  2 hzhu007 csmajs 4096 Apr 22 14:02 [48;5;243m[32;1m[34;1m.[0m
drwx------ 10 hzhu007 csmajs 4096 Apr 22 14:02 [48;5;243m[32;1m[34;1m..[0m
-rw-------  1 hzhu007 csmajs 8664 Apr 22 14:02 README.md[0m

../ucr-cs100/textbook/tools/bash/shell-tricks:
total 28
drwx------  2 hzhu007 csmajs  4096 Apr 22 14:02 [48;5;243m[32;1m[34;1m.[0m
drwx------ 10 hzhu007 csmajs  4096 Apr 22 14:02 [48;5;243m[32;1m[34;1m..[0m
-rw-------  1 hzhu007 csmajs 17058 Apr 22 14:02 README.md[0m

../ucr-cs100/textbook/tools/bash/strace:
do_ypcall: clnt_call: RPC: Unable to send; errno = Operation not permitted
total 36
drwx------  2 hzhu007 csmajs  4096 Apr 22 14:02 [48;5;243m[32;1m[34;1m.[0m
drwx------ 10 hzhu007 csmajs  4096 Apr 22 14:02 [48;5;243m[32;1m[34;1m..[0m
-rw-------  1 hzhu007 csmajs   450 Apr 22 14:02 example1.cpp[0m
-rw-------  1 hzhu007 csmajs   394 Apr 22 14:02 main.cpp[0m
-rw-------  1 hzhu007 csmajs 19972 Apr 22 14:02 README.md[0m

../ucr-cs100/textbook/tools/cppcheck:
do_ypcall: clnt_call: RPC: Unable to send; errno = Operation not permitted
total 20
drwx------ 2 hzhu007 csmajs  4096 Apr 22 14:02 [48;5;243m[32;1m[34;1m.[0m
drwx------ 9 hzhu007 csmajs  4096 Apr 22 14:02 [48;5;243m[32;1m[34;1m..[0m
-rw------- 1 hzhu007 csmajs 12167 Apr 22 14:02 README.md[0m

../ucr-cs100/textbook/tools/gdb:
do_ypcall: clnt_call: RPC: Unable to send; errno = Operation not permitted
total 24
drwx------ 5 hzhu007 csmajs 4096 Apr 22 14:02 [48;5;243m[32;1m[34;1m.[0m
drwx------ 9 hzhu007 csmajs 4096 Apr 22 14:02 [48;5;243m[32;1m[34;1m..[0m
drwx------ 2 hzhu007 csmajs 4096 Apr 22 14:02 [32;1m[34;1mex1[0m
drwx------ 2 hzhu007 csmajs 4096 Apr 22 14:02 [32;1m[34;1mex2[0m
drwx------ 2 hzhu007 csmajs 4096 Apr 22 14:02 [32;1m[34;1mex3[0m
-rw------- 1 hzhu007 csmajs 2070 Apr 22 14:02 README.md[0m

../ucr-cs100/textbook/tools/gdb/ex1:
total 24
drwx------ 2 hzhu007 csmajs 4096 Apr 22 14:02 [48;5;243m[32;1m[34;1m.[0m
drwx------ 5 hzhu007 csmajs 4096 Apr 22 14:02 [48;5;243m[32;1m[34;1m..[0m
-rw------- 1 hzhu007 csmajs  253 Apr 22 14:02 ex1.cpp[0m
-rw------- 1 hzhu007 csmajs 9862 Apr 22 14:02 README.md[0m

../ucr-cs100/textbook/tools/gdb/ex2:
do_ypcall: clnt_call: RPC: Unable to send; errno = Operation not permitted
total 20
drwx------ 2 hzhu007 csmajs 4096 Apr 22 14:02 [48;5;243m[32;1m[34;1m.[0m
drwx------ 5 hzhu007 csmajs 4096 Apr 22 14:02 [48;5;243m[32;1m[34;1m..[0m
-rw------- 1 hzhu007 csmajs  303 Apr 22 14:02 ex2.cpp[0m
-rw------- 1 hzhu007 csmajs 6876 Apr 22 14:02 README.md[0m

../ucr-cs100/textbook/tools/gdb/ex3:
total 16
drwx------ 2 hzhu007 csmajs 4096 Apr 22 14:02 [48;5;243m[32;1m[34;1m.[0m
drwx------ 5 hzhu007 csmajs 4096 Apr 22 14:02 [48;5;243m[32;1m[34;1m..[0m
-rw------- 1 hzhu007 csmajs  230 Apr 22 14:02 ex3.cpp[0m
-rw------- 1 hzhu007 csmajs 1262 Apr 22 14:02 README.md[0m

../ucr-cs100/textbook/tools/git:
total 20
drwx------ 5 hzhu007 csmajs 4096 Apr 22 14:02 [48;5;243m[32;1m[34;1m.[0m
drwx------ 9 hzhu007 csmajs 4096 Apr 22 14:02 [48;5;243m[32;1m[34;1m..[0m
drwx------ 3 hzhu007 csmajs 4096 Apr 22 14:02 [32;1m[34;1madvanced-git-commands[0m
drwx------ 2 hzhu007 csmajs 4096 Apr 22 14:02 [32;1m[34;1mhandling-large-files-in-your-repo[0m
drwx------ 2 hzhu007 csmajs 4096 Apr 22 14:02 [32;1m[34;1mmanagaing-your-forked-repo[0m

../ucr-cs100/textbook/tools/git/advanced-git-commands:
do_ypcall: clnt_call: RPC: Unable to send; errno = Operation not permitted
total 40
drwx------ 3 hzhu007 csmajs  4096 Apr 22 14:02 [48;5;243m[32;1m[34;1m.[0m
drwx------ 5 hzhu007 csmajs  4096 Apr 22 14:02 [48;5;243m[32;1m[34;1m..[0m
drwx------ 2 hzhu007 csmajs  4096 Apr 22 14:02 [32;1m[34;1mimage[0m
-rw------- 1 hzhu007 csmajs  4420 Apr 22 14:02 Patch.md[0m
-rw------- 1 hzhu007 csmajs 13139 Apr 22 14:02 Rebase.md[0m
-rw------- 1 hzhu007 csmajs  2551 Apr 22 14:02 Stash.md[0m

../ucr-cs100/textbook/tools/git/advanced-git-commands/image:
do_ypcall: clnt_call: RPC: Unable to send; errno = Operation not permitted
total 176
drwx------ 2 hzhu007 csmajs  4096 Apr 22 14:02 [48;5;243m[32;1m[34;1m.[0m
drwx------ 3 hzhu007 csmajs  4096 Apr 22 14:02 [48;5;243m[32;1m[34;1m..[0m
-rw------- 1 hzhu007 csmajs  7986 Apr 22 14:02 commit1.png[0m
-rw------- 1 hzhu007 csmajs  5227 Apr 22 14:02 commit2.png[0m
-rw------- 1 hzhu007 csmajs  9191 Apr 22 14:02 commit3conflict.png[0m
-rw------- 1 hzhu007 csmajs  8195 Apr 22 14:02 commit4rebase.png[0m
-rw------- 1 hzhu007 csmajs  8196 Apr 22 14:02 commit4rebaseonto.png[0m
-rw------- 1 hzhu007 csmajs 11797 Apr 22 14:02 rebase1.png[0m
-rw------- 1 hzhu007 csmajs 29198 Apr 22 14:02 rebase2.png[0m
-rw------- 1 hzhu007 csmajs 33950 Apr 22 14:02 rebase3.png[0m
-rw------- 1 hzhu007 csmajs 33896 Apr 22 14:02 rebase4.png[0m

../ucr-cs100/textbook/tools/git/handling-large-files-in-your-repo:
total 12
drwx------ 2 hzhu007 csmajs 4096 Apr 22 14:02 [48;5;243m[32;1m[34;1m.[0m
drwx------ 5 hzhu007 csmajs 4096 Apr 22 14:02 [48;5;243m[32;1m[34;1m..[0m
-rw------- 1 hzhu007 csmajs 1670 Apr 22 14:02 README.md[0m

../ucr-cs100/textbook/tools/git/managaing-your-forked-repo:
do_ypcall: clnt_call: RPC: Unable to send; errno = Operation not permitted
do_ypcall: clnt_call: RPC: Unable to send; errno = Operation not permitted
total 20
drwx------ 2 hzhu007 csmajs 4096 Apr 22 14:02 [48;5;243m[32;1m[34;1m.[0m
drwx------ 5 hzhu007 csmajs 4096 Apr 22 14:02 [48;5;243m[32;1m[34;1m..[0m
-rw------- 1 hzhu007 csmajs 8831 Apr 22 14:02 README.md[0m

../ucr-cs100/textbook/tools/make:
total 44
drwx------ 8 hzhu007 csmajs 4096 Apr 22 14:02 [48;5;243m[32;1m[34;1m.[0m
drwx------ 9 hzhu007 csmajs 4096 Apr 22 14:02 [48;5;243m[32;1m[34;1m..[0m
drwx------ 3 hzhu007 csmajs 4096 Apr 22 14:02 [32;1m[34;1mcs100HW4[0m
drwx------ 2 hzhu007 csmajs 4096 Apr 22 14:02 [32;1m[34;1mexample1[0m
drwx------ 2 hzhu007 csmajs 4096 Apr 22 14:02 [32;1m[34;1mexample2[0m
drwx------ 2 hzhu007 csmajs 4096 Apr 22 14:02 [32;1m[34;1mexample3[0m
drwx------ 2 hzhu007 csmajs 4096 Apr 22 14:02 [32;1m[34;1mexample4[0m
drwx------ 3 hzhu007 csmajs 4096 Apr 22 14:02 [32;1m[34;1mexample5[0m
-rw------- 1 hzhu007 csmajs 8348 Apr 22 14:02 README.md[0m

../ucr-cs100/textbook/tools/make/cs100HW4:
do_ypcall: clnt_call: RPC: Unable to send; errno = Operation not permitted
total 28
drwx------ 3 hzhu007 csmajs 4096 Apr 22 14:02 [48;5;243m[32;1m[34;1m.[0m
drwx------ 8 hzhu007 csmajs 4096 Apr 22 14:02 [48;5;243m[32;1m[34;1m..[0m
-rw------- 1 hzhu007 csmajs  369 Apr 22 14:02 Makefile[0m
-rw------- 1 hzhu007 csmajs 9473 Apr 22 14:02 README.md[0m
drwx------ 2 hzhu007 csmajs 4096 Apr 22 14:02 [32;1m[34;1msrc[0m

../ucr-cs100/textbook/tools/make/cs100HW4/src:
total 16
drwx------ 2 hzhu007 csmajs 4096 Apr 22 14:02 [48;5;243m[32;1m[34;1m.[0m
drwx------ 3 hzhu007 csmajs 4096 Apr 22 14:02 [48;5;243m[32;1m[34;1m..[0m
-rw------- 1 hzhu007 csmajs   95 Apr 22 14:02 hello.cpp[0m
-rw------- 1 hzhu007 csmajs  316 Apr 22 14:02 iterator.cpp[0m

../ucr-cs100/textbook/tools/make/example1:
total 8
drwx------ 2 hzhu007 csmajs 4096 Apr 22 14:02 [48;5;243m[32;1m[34;1m.[0m
drwx------ 8 hzhu007 csmajs 4096 Apr 22 14:02 [48;5;243m[32;1m[34;1m..[0m
-rw------- 1 hzhu007 csmajs   60 Apr 22 14:02 hello.c[0m
-rw------- 1 hzhu007 csmajs   28 Apr 22 14:02 Makefile[0m

../ucr-cs100/textbook/tools/make/example2:
total 12
drwx------ 2 hzhu007 csmajs 4096 Apr 22 14:02 [48;5;243m[32;1m[34;1m.[0m
drwx------ 8 hzhu007 csmajs 4096 Apr 22 14:02 [48;5;243m[32;1m[34;1m..[0m
-rw------- 1 hzhu007 csmajs   53 Apr 22 14:02 file.c[0m
-rw------- 1 hzhu007 csmajs   12 Apr 22 14:02 file.h[0m
-rw------- 1 hzhu007 csmajs   42 Apr 22 14:02 main.c[0m
-rw------- 1 hzhu007 csmajs  163 Apr 22 14:02 Makefile[0m

../ucr-cs100/textbook/tools/make/example3:
do_ypcall: clnt_call: RPC: Unable to send; errno = Operation not permitted
total 12
drwx------ 2 hzhu007 csmajs 4096 Apr 22 14:02 [48;5;243m[32;1m[34;1m.[0m
drwx------ 8 hzhu007 csmajs 4096 Apr 22 14:02 [48;5;243m[32;1m[34;1m..[0m
-rw------- 1 hzhu007 csmajs   53 Apr 22 14:02 file.c[0m
-rw------- 1 hzhu007 csmajs   12 Apr 22 14:02 file.h[0m
-rw------- 1 hzhu007 csmajs   42 Apr 22 14:02 main.c[0m
-rw------- 1 hzhu007 csmajs  186 Apr 22 14:02 Makefile[0m

../ucr-cs100/textbook/tools/make/example4:
total 12
drwx------ 2 hzhu007 csmajs 4096 Apr 22 14:02 [48;5;243m[32;1m[34;1m.[0m
drwx------ 8 hzhu007 csmajs 4096 Apr 22 14:02 [48;5;243m[32;1m[34;1m..[0m
-rw------- 1 hzhu007 csmajs   53 Apr 22 14:02 file.c[0m
-rw------- 1 hzhu007 csmajs   12 Apr 22 14:02 file.h[0m
-rw------- 1 hzhu007 csmajs   42 Apr 22 14:02 main.c[0m
-rw------- 1 hzhu007 csmajs  177 Apr 22 14:02 Makefile[0m

../ucr-cs100/textbook/tools/make/example5:
total 16
drwx------ 3 hzhu007 csmajs 4096 Apr 22 14:02 [48;5;243m[32;1m[34;1m.[0m
drwx------ 8 hzhu007 csmajs 4096 Apr 22 14:02 [48;5;243m[32;1m[34;1m..[0m
-rw------- 1 hzhu007 csmajs  282 Apr 22 14:02 Makefile[0m
drwx------ 2 hzhu007 csmajs 4096 Apr 22 14:02 [32;1m[34;1msrc[0m

../ucr-cs100/textbook/tools/make/example5/src:
do_ypcall: clnt_call: RPC: Unable to send; errno = Operation not permitted
total 8
drwx------ 2 hzhu007 csmajs 4096 Apr 22 14:02 [48;5;243m[32;1m[34;1m.[0m
drwx------ 3 hzhu007 csmajs 4096 Apr 22 14:02 [48;5;243m[32;1m[34;1m..[0m
-rw------- 1 hzhu007 csmajs   53 Apr 22 14:02 file.c[0m
-rw------- 1 hzhu007 csmajs   12 Apr 22 14:02 file.h[0m
-rw------- 1 hzhu007 csmajs   42 Apr 22 14:02 main.c[0m

../ucr-cs100/textbook/tools/valgrind:
total 32
drwx------ 2 hzhu007 csmajs  4096 Apr 22 14:02 [48;5;243m[32;1m[34;1m.[0m
drwx------ 9 hzhu007 csmajs  4096 Apr 22 14:02 [48;5;243m[32;1m[34;1m..[0m
-rw------- 1 hzhu007 csmajs   122 Apr 22 14:02 example1.cpp[0m
-rw------- 1 hzhu007 csmajs   563 Apr 22 14:02 example2.cpp[0m
-rw------- 1 hzhu007 csmajs 14429 Apr 22 14:02 README.md[0m

../ucr-cs100/textbook/tools/xmonad:
total 20
drwx------ 3 hzhu007 csmajs 4096 Apr 22 14:02 [48;5;243m[32;1m[34;1m.[0m
drwx------ 9 hzhu007 csmajs 4096 Apr 22 14:02 [48;5;243m[32;1m[34;1m..[0m
drwx------ 2 hzhu007 csmajs 4096 Apr 22 14:02 [32;1m[34;1mimages[0m
-rw------- 1 hzhu007 csmajs 6157 Apr 22 14:02 README.md[0m

../ucr-cs100/textbook/tools/xmonad/images:
do_ypcall: clnt_call: RPC: Unable to send; errno = Operation not permitted
total 348
drwx------ 2 hzhu007 csmajs   4096 Apr 22 14:02 [48;5;243m[32;1m[34;1m.[0m
drwx------ 3 hzhu007 csmajs   4096 Apr 22 14:02 [48;5;243m[32;1m[34;1m..[0m
-rw------- 1 hzhu007 csmajs 130823 Apr 22 14:02 blanks.png[0m
-rw------- 1 hzhu007 csmajs  13147 Apr 22 14:02 dmenus.png[0m
-rw------- 1 hzhu007 csmajs  57956 Apr 22 14:02 login.png[0m
-rw------- 1 hzhu007 csmajs  11805 Apr 22 14:02 term2bss.png[0m
-rw------- 1 hzhu007 csmajs   7819 Apr 22 14:02 term2s.png[0m
-rw------- 1 hzhu007 csmajs  12064 Apr 22 14:02 term2ws.png[0m
-rw------- 1 hzhu007 csmajs  12733 Apr 22 14:02 term3s.png[0m
-rw------- 1 hzhu007 csmajs   7247 Apr 22 14:02 terms.png[0m
-rw------- 1 hzhu007 csmajs  72079 Apr 22 14:02 xmes.png[0m

.git:
do_ypcall: clnt_call: RPC: Unable to send; errno = Operation not permitted
do_ypcall: clnt_call: RPC: Unable to send; errno = Operation not permitted
total 52
drwx------   8 hzhu007 csmajs 4096 May 01 19:59 [48;5;243m[32;1m[34;1m.[0m
drwx------   6 hzhu007 csmajs 4096 May 01 21:53 [48;5;243m[32;1m[34;1m..[0m
drwx------   2 hzhu007 csmajs 4096 Apr 15 19:07 [32;1m[34;1mbranches[0m
-rw-------   1 hzhu007 csmajs   24 May 01 19:59 COMMIT_EDITMSG[0m
-rw-------   1 hzhu007 csmajs  262 Apr 15 19:07 config[0m
-rw-------   1 hzhu007 csmajs   73 Apr 15 19:07 description[0m
-rw-------   1 hzhu007 csmajs   19 Apr 22 16:39 HEAD[0m
drwx------   2 hzhu007 csmajs 4096 Apr 15 19:07 [32;1m[34;1mhooks[0m
-rw-------   1 hzhu007 csmajs  488 May 01 19:59 index[0m
drwx------   2 hzhu007 csmajs 4096 Apr 15 19:07 [32;1m[34;1minfo[0m
drwx------   3 hzhu007 csmajs 4096 Apr 15 19:07 [32;1m[34;1mlogs[0m
drwx------ 158 hzhu007 csmajs 8192 May 01 19:59 [32;1m[34;1mobjects[0m
-rw-------   1 hzhu007 csmajs   41 Apr 18 17:27 ORIG_HEAD[0m
-rw-------   1 hzhu007 csmajs  107 Apr 15 19:07 packed-refs[0m
drwx------   5 hzhu007 csmajs 4096 Apr 15 19:07 [32;1m[34;1mrefs[0m

.git/branches:
total 8
drwx------ 2 hzhu007 csmajs 4096 Apr 15 19:07 [48;5;243m[32;1m[34;1m.[0m
drwx------ 8 hzhu007 csmajs 4096 May 01 19:59 [48;5;243m[32;1m[34;1m..[0m

.git/hooks:
do_ypcall: clnt_call: RPC: Unable to send; errno = Operation not permitted
total 48
drwx------ 2 hzhu007 csmajs 4096 Apr 15 19:07 [48;5;243m[32;1m[34;1m.[0m
drwx------ 8 hzhu007 csmajs 4096 May 01 19:59 [48;5;243m[32;1m[34;1m..[0m
-rwx------ 1 hzhu007 csmajs  452 Apr 15 19:07 [32;1mapplypatch-msg.sample[0m
-rwx------ 1 hzhu007 csmajs  896 Apr 15 19:07 [32;1mcommit-msg.sample[0m
-rwx------ 1 hzhu007 csmajs  189 Apr 15 19:07 [32;1mpost-update.sample[0m
-rwx------ 1 hzhu007 csmajs  398 Apr 15 19:07 [32;1mpre-applypatch.sample[0m
-rwx------ 1 hzhu007 csmajs 1635 Apr 15 19:07 [32;1mpre-commit.sample[0m
-rwx------ 1 hzhu007 csmajs 1348 Apr 15 19:07 [32;1mpre-push.sample[0m
-rwx------ 1 hzhu007 csmajs 4951 Apr 15 19:07 [32;1mpre-rebase.sample[0m
-rwx------ 1 hzhu007 csmajs 1239 Apr 15 19:07 [32;1mprepare-commit-msg.sample[0m
-rwx------ 1 hzhu007 csmajs 3611 Apr 15 19:07 [32;1mupdate.sample[0m

.git/info:
total 12
drwx------ 2 hzhu007 csmajs 4096 Apr 15 19:07 [48;5;243m[32;1m[34;1m.[0m
drwx------ 8 hzhu007 csmajs 4096 May 01 19:59 [48;5;243m[32;1m[34;1m..[0m
-rw------- 1 hzhu007 csmajs  240 Apr 15 19:07 exclude[0m

.git/logs:
total 24
drwx------ 3 hzhu007 csmajs  4096 Apr 15 19:07 [48;5;243m[32;1m[34;1m.[0m
drwx------ 8 hzhu007 csmajs  4096 May 01 19:59 [48;5;243m[32;1m[34;1m..[0m
-rw------- 1 hzhu007 csmajs 11426 May 01 19:59 HEAD[0m
drwx------ 4 hzhu007 csmajs  4096 Apr 15 19:07 [32;1m[34;1mrefs[0m

.git/logs/refs:
total 16
drwx------ 4 hzhu007 csmajs 4096 Apr 15 19:07 [48;5;243m[32;1m[34;1m.[0m
drwx------ 3 hzhu007 csmajs 4096 Apr 15 19:07 [48;5;243m[32;1m[34;1m..[0m
drwx------ 2 hzhu007 csmajs 4096 Apr 22 16:39 [32;1m[34;1mheads[0m
drwx------ 3 hzhu007 csmajs 4096 Apr 15 19:07 [32;1m[34;1mremotes[0m

.git/logs/refs/heads:
total 24
drwx------ 2 hzhu007 csmajs 4096 Apr 22 16:39 [48;5;243m[32;1m[34;1m.[0m
drwx------ 4 hzhu007 csmajs 4096 Apr 15 19:07 [48;5;243m[32;1m[34;1m..[0m
-rw------- 1 hzhu007 csmajs 1020 Apr 18 17:17 exec[0m
-rw------- 1 hzhu007 csmajs 4085 May 01 19:59 ls[0m
-rw------- 1 hzhu007 csmajs 5777 Apr 19 23:24 master[0m

.git/logs/refs/remotes:
total 12
drwx------ 3 hzhu007 csmajs 4096 Apr 15 19:07 [48;5;243m[32;1m[34;1m.[0m
drwx------ 4 hzhu007 csmajs 4096 Apr 15 19:07 [48;5;243m[32;1m[34;1m..[0m
drwx------ 2 hzhu007 csmajs 4096 Apr 22 17:45 [32;1m[34;1morigin[0m

.git/logs/refs/remotes/origin:
total 24
drwx------ 2 hzhu007 csmajs 4096 Apr 22 17:45 [48;5;243m[32;1m[34;1m.[0m
drwx------ 3 hzhu007 csmajs 4096 Apr 15 19:07 [48;5;243m[32;1m[34;1m..[0m
-rw------- 1 hzhu007 csmajs  189 Apr 15 19:07 HEAD[0m
-rw------- 1 hzhu007 csmajs 3080 May 01 15:41 ls[0m
-rw------- 1 hzhu007 csmajs 4774 Apr 19 23:24 master[0m

.git/objects:
do_ypcall: clnt_call: RPC: Unable to send; errno = Operation not permitted
do_ypcall: clnt_call: RPC: Unable to send; errno = Operation not permitted
do_ypcall: clnt_call: RPC: Unable to send; errno = Operation not permitted
do_ypcall: clnt_call: RPC: Unable to send; errno = Operation not permitted
do_ypcall: clnt_call: RPC: Unable to send; errno = Operation not permitted
do_ypcall: clnt_call: RPC: Unable to send; errno = Operation not permitted
do_ypcall: clnt_call: RPC: Unable to send; errno = Operation not permitted
do_ypcall: clnt_call: RPC: Unable to send; errno = Operation not permitted
do_ypcall: clnt_call: RPC: Unable to send; errno = Operation not permitted
段错误
~/rshell
hzhu007@hammer $ exit
exit

Script done on Fri 01 May 2015 11:20:22 PM PDT
